Archive member included to satisfy reference by file (symbol)

C:/ST/STM32CubeIDE_1.17.0/STM32CubeIDE/plugins/com.st.stm32cube.ide.mcu.externaltools.gnu-tools-for-stm32.13.3.rel1.win32_1.0.0.202411081344/tools/bin/../lib/gcc/arm-none-eabi/13.3.1/../../../../arm-none-eabi/lib/thumb/v7-m/nofp\libc_nano.a(libc_a-exit.o)
                              C:/ST/STM32CubeIDE_1.17.0/STM32CubeIDE/plugins/com.st.stm32cube.ide.mcu.externaltools.gnu-tools-for-stm32.13.3.rel1.win32_1.0.0.202411081344/tools/bin/../lib/gcc/arm-none-eabi/13.3.1/../../../../arm-none-eabi/lib/thumb/v7-m/nofp/crt0.o (exit)
C:/ST/STM32CubeIDE_1.17.0/STM32CubeIDE/plugins/com.st.stm32cube.ide.mcu.externaltools.gnu-tools-for-stm32.13.3.rel1.win32_1.0.0.202411081344/tools/bin/../lib/gcc/arm-none-eabi/13.3.1/../../../../arm-none-eabi/lib/thumb/v7-m/nofp\libc_nano.a(libc_a-findfp.o)
                              C:/ST/STM32CubeIDE_1.17.0/STM32CubeIDE/plugins/com.st.stm32cube.ide.mcu.externaltools.gnu-tools-for-stm32.13.3.rel1.win32_1.0.0.202411081344/tools/bin/../lib/gcc/arm-none-eabi/13.3.1/../../../../arm-none-eabi/lib/thumb/v7-m/nofp\libc_nano.a(libc_a-exit.o) (__stdio_exit_handler)
C:/ST/STM32CubeIDE_1.17.0/STM32CubeIDE/plugins/com.st.stm32cube.ide.mcu.externaltools.gnu-tools-for-stm32.13.3.rel1.win32_1.0.0.202411081344/tools/bin/../lib/gcc/arm-none-eabi/13.3.1/../../../../arm-none-eabi/lib/thumb/v7-m/nofp\libc_nano.a(libc_a-fwalk.o)
                              C:/ST/STM32CubeIDE_1.17.0/STM32CubeIDE/plugins/com.st.stm32cube.ide.mcu.externaltools.gnu-tools-for-stm32.13.3.rel1.win32_1.0.0.202411081344/tools/bin/../lib/gcc/arm-none-eabi/13.3.1/../../../../arm-none-eabi/lib/thumb/v7-m/nofp\libc_nano.a(libc_a-findfp.o) (_fwalk_sglue)
C:/ST/STM32CubeIDE_1.17.0/STM32CubeIDE/plugins/com.st.stm32cube.ide.mcu.externaltools.gnu-tools-for-stm32.13.3.rel1.win32_1.0.0.202411081344/tools/bin/../lib/gcc/arm-none-eabi/13.3.1/../../../../arm-none-eabi/lib/thumb/v7-m/nofp\libc_nano.a(libc_a-sprintf.o)
                              ./Core/Src/Bluetooth_Process.o (sprintf)
C:/ST/STM32CubeIDE_1.17.0/STM32CubeIDE/plugins/com.st.stm32cube.ide.mcu.externaltools.gnu-tools-for-stm32.13.3.rel1.win32_1.0.0.202411081344/tools/bin/../lib/gcc/arm-none-eabi/13.3.1/../../../../arm-none-eabi/lib/thumb/v7-m/nofp\libc_nano.a(libc_a-stdio.o)
                              C:/ST/STM32CubeIDE_1.17.0/STM32CubeIDE/plugins/com.st.stm32cube.ide.mcu.externaltools.gnu-tools-for-stm32.13.3.rel1.win32_1.0.0.202411081344/tools/bin/../lib/gcc/arm-none-eabi/13.3.1/../../../../arm-none-eabi/lib/thumb/v7-m/nofp\libc_nano.a(libc_a-findfp.o) (__sread)
C:/ST/STM32CubeIDE_1.17.0/STM32CubeIDE/plugins/com.st.stm32cube.ide.mcu.externaltools.gnu-tools-for-stm32.13.3.rel1.win32_1.0.0.202411081344/tools/bin/../lib/gcc/arm-none-eabi/13.3.1/../../../../arm-none-eabi/lib/thumb/v7-m/nofp\libc_nano.a(libc_a-memset.o)
                              C:/ST/STM32CubeIDE_1.17.0/STM32CubeIDE/plugins/com.st.stm32cube.ide.mcu.externaltools.gnu-tools-for-stm32.13.3.rel1.win32_1.0.0.202411081344/tools/bin/../lib/gcc/arm-none-eabi/13.3.1/../../../../arm-none-eabi/lib/thumb/v7-m/nofp/crt0.o (memset)
C:/ST/STM32CubeIDE_1.17.0/STM32CubeIDE/plugins/com.st.stm32cube.ide.mcu.externaltools.gnu-tools-for-stm32.13.3.rel1.win32_1.0.0.202411081344/tools/bin/../lib/gcc/arm-none-eabi/13.3.1/../../../../arm-none-eabi/lib/thumb/v7-m/nofp\libc_nano.a(libc_a-closer.o)
                              C:/ST/STM32CubeIDE_1.17.0/STM32CubeIDE/plugins/com.st.stm32cube.ide.mcu.externaltools.gnu-tools-for-stm32.13.3.rel1.win32_1.0.0.202411081344/tools/bin/../lib/gcc/arm-none-eabi/13.3.1/../../../../arm-none-eabi/lib/thumb/v7-m/nofp\libc_nano.a(libc_a-stdio.o) (_close_r)
C:/ST/STM32CubeIDE_1.17.0/STM32CubeIDE/plugins/com.st.stm32cube.ide.mcu.externaltools.gnu-tools-for-stm32.13.3.rel1.win32_1.0.0.202411081344/tools/bin/../lib/gcc/arm-none-eabi/13.3.1/../../../../arm-none-eabi/lib/thumb/v7-m/nofp\libc_nano.a(libc_a-reent.o)
                              C:/ST/STM32CubeIDE_1.17.0/STM32CubeIDE/plugins/com.st.stm32cube.ide.mcu.externaltools.gnu-tools-for-stm32.13.3.rel1.win32_1.0.0.202411081344/tools/bin/../lib/gcc/arm-none-eabi/13.3.1/../../../../arm-none-eabi/lib/thumb/v7-m/nofp\libc_nano.a(libc_a-closer.o) (errno)
C:/ST/STM32CubeIDE_1.17.0/STM32CubeIDE/plugins/com.st.stm32cube.ide.mcu.externaltools.gnu-tools-for-stm32.13.3.rel1.win32_1.0.0.202411081344/tools/bin/../lib/gcc/arm-none-eabi/13.3.1/../../../../arm-none-eabi/lib/thumb/v7-m/nofp\libc_nano.a(libc_a-impure.o)
                              C:/ST/STM32CubeIDE_1.17.0/STM32CubeIDE/plugins/com.st.stm32cube.ide.mcu.externaltools.gnu-tools-for-stm32.13.3.rel1.win32_1.0.0.202411081344/tools/bin/../lib/gcc/arm-none-eabi/13.3.1/../../../../arm-none-eabi/lib/thumb/v7-m/nofp\libc_nano.a(libc_a-sprintf.o) (_impure_ptr)
[...]
Memory Configuration

Name             Origin             Length             Attributes
RAM              0x20000000         0x00010000         xrw
FLASH            0x08005000         0x0001b800         xr
*default*        0x00000000         0xffffffff

Linker script and memory map

LOAD C:/ST/STM32CubeIDE_1.17.0/STM32CubeIDE/plugins/com.st.stm32cube.ide.mcu.externaltools.gnu-tools-for-stm32.13.3.rel1.win32_1.0.0.202411081344/tools/bin/../lib/gcc/arm-none-eabi/13.3.1/thumb/v7-m/nofp/crti.o
LOAD C:/ST/STM32CubeIDE_1.17.0/STM32CubeIDE/plugins/com.st.stm32cube.ide.mcu.externaltools.gnu-tools-for-stm32.13.3.rel1.win32_1.0.0.202411081344/tools/bin/../lib/gcc/arm-none-eabi/13.3.1/thumb/v7-m/nofp/crtbegin.o
LOAD C:/ST/STM32CubeIDE_1.17.0/STM32CubeIDE/plugins/com.st.stm32cube.ide.mcu.externaltools.gnu-tools-for-stm32.13.3.rel1.win32_1.0.0.202411081344/tools/bin/../lib/gcc/arm-none-eabi/13.3.1/../../../../arm-none-eabi/lib/thumb/v7-m/nofp/crt0.o
LOAD ./Core/Src/Bluetooth_Process.o
LOAD ./Core/Src/DWIN_Process.o
LOAD ./Core/Src/EEPROM_Process.o
LOAD ./Core/Src/Flash_Process.o
LOAD ./Core/Src/InOut_Process.o
LOAD ./Core/Src/SEGGER_RTT.o
LOAD ./Core/Src/SEGGER_RTT_Syscalls_GCC.o
LOAD ./Core/Src/SEGGER_RTT_printf.o
LOAD ./Core/Src/TMP112.o
LOAD ./Core/Src/Temperature_Process.o
LOAD ./Core/Src/USART_Process.o
LOAD ./Core/Src/adc.o
LOAD ./Core/Src/dac.o
LOAD ./Core/Src/dma.o
LOAD ./Core/Src/furnace_pid.o
LOAD ./Core/Src/gpio.o
LOAD ./Core/Src/hdc1080.o
LOAD ./Core/Src/i2c.o
LOAD ./Core/Src/main.o
LOAD ./Core/Src/pid.o
LOAD ./Core/Src/rtc.o
LOAD ./Core/Src/sht40.o
LOAD ./Core/Src/spi.o
LOAD ./Core/Src/stm32f1xx_hal_msp.o
LOAD ./Core/Src/stm32f1xx_it.o
LOAD ./Core/Src/syscalls.o
LOAD ./Core/Src/sysmem.o
LOAD ./Core/Src/system_stm32f1xx.o
LOAD ./Core/Src/tim.o
LOAD ./Core/Src/usart.o
LOAD ./Core/Startup/startup_stm32f105rctx.o
LOAD ./Drivers/STM32F1xx_HAL_Driver/Src/stm32f1xx_hal.o
LOAD ./Drivers/STM32F1xx_HAL_Driver/Src/stm32f1xx_hal_adc.o
LOAD ./Drivers/STM32F1xx_HAL_Driver/Src/stm32f1xx_hal_adc_ex.o
LOAD ./Drivers/STM32F1xx_HAL_Driver/Src/stm32f1xx_hal_cortex.o
LOAD ./Drivers/STM32F1xx_HAL_Driver/Src/stm32f1xx_hal_dac.o
LOAD ./Drivers/STM32F1xx_HAL_Driver/Src/stm32f1xx_hal_dac_ex.o
LOAD ./Drivers/STM32F1xx_HAL_Driver/Src/stm32f1xx_hal_dma.o
LOAD ./Drivers/STM32F1xx_HAL_Driver/Src/stm32f1xx_hal_exti.o
LOAD ./Drivers/STM32F1xx_HAL_Driver/Src/stm32f1xx_hal_flash.o
LOAD ./Drivers/STM32F1xx_HAL_Driver/Src/stm32f1xx_hal_flash_ex.o
LOAD ./Drivers/STM32F1xx_HAL_Driver/Src/stm32f1xx_hal_gpio.o
LOAD ./Drivers/STM32F1xx_HAL_Driver/Src/stm32f1xx_hal_gpio_ex.o
LOAD ./Drivers/STM32F1xx_HAL_Driver/Src/stm32f1xx_hal_i2c.o
LOAD ./Drivers/STM32F1xx_HAL_Driver/Src/stm32f1xx_hal_pwr.o
LOAD ./Drivers/STM32F1xx_HAL_Driver/Src/stm32f1xx_hal_rcc.o
LOAD ./Drivers/STM32F1xx_HAL_Driver/Src/stm32f1xx_hal_rcc_ex.o
LOAD ./Drivers/STM32F1xx_HAL_Driver/Src/stm32f1xx_hal_rtc.o
LOAD ./Drivers/STM32F1xx_HAL_Driver/Src/stm32f1xx_hal_rtc_ex.o
LOAD ./Drivers/STM32F1xx_HAL_Driver/Src/stm32f1xx_hal_spi.o
LOAD ./Drivers/STM32F1xx_HAL_Driver/Src/stm32f1xx_hal_tim.o
LOAD ./Drivers/STM32F1xx_HAL_Driver/Src/stm32f1xx_hal_tim_ex.o
LOAD ./Drivers/STM32F1xx_HAL_Driver/Src/stm32f1xx_hal_uart.o
START GROUP
LOAD C:/ST/STM32CubeIDE_1.17.0/STM32CubeIDE/plugins/com.st.stm32cube.ide.mcu.externaltools.gnu-tools-for-stm32.13.3.rel1.win32_1.0.0.202411081344/tools/bin/../lib/gcc/arm-none-eabi/13.3.1/../../../../arm-none-eabi/lib/thumb/v7-m/nofp\libc_nano.a
LOAD C:/ST/STM32CubeIDE_1.17.0/STM32CubeIDE/plugins/com.st.stm32cube.ide.mcu.externaltools.gnu-tools-for-stm32.13.3.rel1.win32_1.0.0.202411081344/tools/bin/../lib/gcc/arm-none-eabi/13.3.1/../../../../arm-none-eabi/lib/thumb/v7-m/nofp\libm.a
END GROUP
START GROUP
LOAD C:/ST/STM32CubeIDE_1.17.0/STM32CubeIDE/plugins/com.st.stm32cube.ide.mcu.externaltools.gnu-tools-for-stm32.13.3.rel1.win32_1.0.0.202411081344/tools/bin/../lib/gcc/arm-none-eabi/13.3.1/thumb/v7-m/nofp\libgcc.a
LOAD C:/ST/STM32CubeIDE_1.17.0/STM32CubeIDE/plugins/com.st.stm32cube.ide.mcu.externaltools.gnu-tools-for-stm32.13.3.rel1.win32_1.0.0.202411081344/tools/bin/../lib/gcc/arm-none-eabi/13.3.1/../../../../arm-none-eabi/lib/thumb/v7-m/nofp\libc_nano.a
END GROUP
START GROUP
LOAD C:/ST/STM32CubeIDE_1.17.0/STM32CubeIDE/plugins/com.st.stm32cube.ide.mcu.externaltools.gnu-tools-for-stm32.13.3.rel1.win32_1.0.0.202411081344/tools/bin/../lib/gcc/arm-none-eabi/13.3.1/thumb/v7-m/nofp\libgcc.a
LOAD C:/ST/STM32CubeIDE_1.17.0/STM32CubeIDE/plugins/com.st.stm32cube.ide.mcu.externaltools.gnu-tools-for-stm32.13.3.rel1.win32_1.0.0.202411081344/tools/bin/../lib/gcc/arm-none-eabi/13.3.1/../../../../arm-none-eabi/lib/thumb/v7-m/nofp\libc_nano.a
LOAD C:/ST/STM32CubeIDE_1.17.0/STM32CubeIDE/plugins/com.st.stm32cube.ide.mcu.externaltools.gnu-tools-for-stm32.13.3.rel1.win32_1.0.0.202411081344/tools/bin/../lib/gcc/arm-none-eabi/13.3.1/../../../../arm-none-eabi/lib/thumb/v7-m/nofp\libnosys.a
END GROUP
START GROUP
LOAD C:/ST/STM32CubeIDE_1.17.0/STM32CubeIDE/plugins/com.st.stm32cube.ide.mcu.externaltools.gnu-tools-for-stm32.13.3.rel1.win32_1.0.0.202411081344/tools/bin/../lib/gcc/arm-none-eabi/13.3.1/thumb/v7-m/nofp\libgcc.a
LOAD C:/ST/STM32CubeIDE_1.17.0/STM32CubeIDE/plugins/com.st.stm32cube.ide.mcu.externaltools.gnu-tools-for-stm32.13.3.rel1.win32_1.0.0.202411081344/tools/bin/../lib/gcc/arm-none-eabi/13.3.1/../../../../arm-none-eabi/lib/thumb/v7-m/nofp\libc_nano.a
LOAD C:/ST/STM32CubeIDE_1.17.0/STM32CubeIDE/plugins/com.st.stm32cube.ide.mcu.externaltools.gnu-tools-for-stm32.13.3.rel1.win32_1.0.0.202411081344/tools/bin/../lib/gcc/arm-none-eabi/13.3.1/../../../../arm-none-eabi/lib/thumb/v7-m/nofp\libnosys.a
END GROUP
LOAD C:/ST/STM32CubeIDE_1.17.0/STM32CubeIDE/plugins/com.st.stm32cube.ide.mcu.externaltools.gnu-tools-for-stm32.13.3.rel1.win32_1.0.0.202411081344/tools/bin/../lib/gcc/arm-none-eabi/13.3.1/thumb/v7-m/nofp/crtend.o
LOAD C:/ST/STM32CubeIDE_1.17.0/STM32CubeIDE/plugins/com.st.stm32cube.ide.mcu.externaltools.gnu-tools-for-stm32.13.3.rel1.win32_1.0.0.202411081344/tools/bin/../lib/gcc/arm-none-eabi/13.3.1/thumb/v7-m/nofp/crtn.o
                0x20010000                        _estack = (ORIGIN (RAM) + LENGTH (RAM))
                0x00000200                        _Min_Heap_Size = 0x200
                0x00000400                        _Min_Stack_Size = 0x400

.isr_vector     0x08005000      0x1e4
                0x08005000                        . = ALIGN (0x4)
 *(.isr_vector)
 .isr_vector    0x08005000      0x1e4 ./Core/Startup/startup_stm32f105rctx.o
                0x08005000                g_pfnVectors
                0x080051e4                        . = ALIGN (0x4)

.text           0x080051e8    0x133d8
                0x080051e8                        . = ALIGN (0x4)
 *(.text)
 .text          0x080051e8       0x40 C:/ST/STM32CubeIDE_1.17.0/STM32CubeIDE/plugins/com.st.stm32cube.ide.mcu.externaltools.gnu-tools-for-stm32.13.3.rel1.win32_1.0.0.202411081344/tools/bin/../lib/gcc/arm-none-eabi/13.3.1/thumb/v7-m/nofp/crtbegin.o
 .text          0x08005228      0x378 C:/ST/STM32CubeIDE_1.17.0/STM32CubeIDE/plugins/com.st.stm32cube.ide.mcu.externaltools.gnu-tools-for-stm32.13.3.rel1.win32_1.0.0.202411081344/tools/bin/../lib/gcc/arm-none-eabi/13.3.1/thumb/v7-m/nofp\libgcc.a(_arm_addsubdf3.o)
                0x08005228                __aeabi_drsub
                0x08005230                __aeabi_dsub
                0x08005230                __subdf3
                0x08005234                __aeabi_dadd
                0x08005234                __adddf3
                0x080054ac                __floatunsidf
                0x080054ac                __aeabi_ui2d
                0x080054cc                __floatsidf
                0x080054cc                __aeabi_i2d
                0x080054f0                __aeabi_f2d
                0x080054f0                __extendsfdf2
                0x08005534                __floatundidf
                0x08005534                __aeabi_ul2d
                0x08005544                __floatdidf
                0x08005544                __aeabi_l2d
 .text          0x080055a0      0x424 C:/ST/STM32CubeIDE_1.17.0/STM32CubeIDE/plugins/com.st.stm32cube.ide.mcu.externaltools.gnu-tools-for-stm32.13.3.rel1.win32_1.0.0.202411081344/tools/bin/../lib/gcc/arm-none-eabi/13.3.1/thumb/v7-m/nofp\libgcc.a(_arm_muldivdf3.o)
                0x080055a0                __aeabi_dmul
                0x080055a0                __muldf3
                0x080057f4                __divdf3
                0x080057f4                __aeabi_ddiv
 .text          0x080059c4      0x110 C:/ST/STM32CubeIDE_1.17.0/STM32CubeIDE/plugins/com.st.stm32cube.ide.mcu.externaltools.gnu-tools-for-stm32.13.3.rel1.win32_1.0.0.202411081344/tools/bin/../lib/gcc/arm-none-eabi/13.3.1/thumb/v7-m/nofp\libgcc.a(_arm_cmpdf2.o)
                0x080059c4                __gtdf2
                0x080059c4                __gedf2
                0x080059cc                __ltdf2
                0x080059cc                __ledf2
                0x080059d4                __nedf2
                0x080059d4                __eqdf2
                0x080059d4                __cmpdf2
                0x08005a50                __aeabi_cdrcmple
                0x08005a60                __aeabi_cdcmpeq
                0x08005a60                __aeabi_cdcmple
                0x08005a70                __aeabi_dcmpeq
                0x08005a84                __aeabi_dcmplt
                0x08005a98                __aeabi_dcmple
                0x08005aac                __aeabi_dcmpge
                0x08005ac0                __aeabi_dcmpgt
 .text          0x08005ad4       0x40 C:/ST/STM32CubeIDE_1.17.0/STM32CubeIDE/plugins/com.st.stm32cube.ide.mcu.externaltools.gnu-tools-for-stm32.13.3.rel1.win32_1.0.0.202411081344/tools/bin/../lib/gcc/arm-none-eabi/13.3.1/thumb/v7-m/nofp\libgcc.a(_arm_fixunsdfsi.o)
                0x08005ad4                __aeabi_d2uiz
                0x08005ad4                __fixunsdfsi
 .text          0x08005b14       0xa0 C:/ST/STM32CubeIDE_1.17.0/STM32CubeIDE/plugins/com.st.stm32cube.ide.mcu.externaltools.gnu-tools-for-stm32.13.3.rel1.win32_1.0.0.202411081344/tools/bin/../lib/gcc/arm-none-eabi/13.3.1/thumb/v7-m/nofp\libgcc.a(_arm_truncdfsf2.o)
                0x08005b14                __truncdfsf2
                0x08005b14                __aeabi_d2f
 .text          0x08005bb4      0x21c C:/ST/STM32CubeIDE_1.17.0/STM32CubeIDE/plugins/com.st.stm32cube.ide.mcu.externaltools.gnu-tools-for-stm32.13.3.rel1.win32_1.0.0.202411081344/tools/bin/../lib/gcc/arm-none-eabi/13.3.1/thumb/v7-m/nofp\libgcc.a(_arm_addsubsf3.o)
                0x08005bb4                __aeabi_frsub
                0x08005bbc                __subsf3
                0x08005bbc                __aeabi_fsub
                0x08005bc0                __aeabi_fadd
                0x08005bc0                __addsf3
                0x08005d20                __aeabi_ui2f
                0x08005d20                __floatunsisf
                0x08005d28                __aeabi_i2f
                0x08005d28                __floatsisf
                0x08005d44                __aeabi_ul2f
                0x08005d44                __floatundisf
                0x08005d54                __aeabi_l2f
                0x08005d54                __floatdisf
 .text          0x08005dd0      0x2a0 C:/ST/STM32CubeIDE_1.17.0/STM32CubeIDE/plugins/com.st.stm32cube.ide.mcu.externaltools.gnu-tools-for-stm32.13.3.rel1.win32_1.0.0.202411081344/tools/bin/../lib/gcc/arm-none-eabi/13.3.1/thumb/v7-m/nofp\libgcc.a(_arm_muldivsf3.o)
                0x08005dd0                __mulsf3
                0x08005dd0                __aeabi_fmul
                0x08005f38                __aeabi_fdiv
                0x08005f38                __divsf3
 .text          0x08006070       0xec C:/ST/STM32CubeIDE_1.17.0/STM32CubeIDE/plugins/com.st.stm32cube.ide.mcu.externaltools.gnu-tools-for-stm32.13.3.rel1.win32_1.0.0.202411081344/tools/bin/../lib/gcc/arm-none-eabi/13.3.1/thumb/v7-m/nofp\libgcc.a(_arm_cmpsf2.o)
                0x08006070                __gesf2
                0x08006070                __gtsf2
                0x08006078                __lesf2
                0x08006078                __ltsf2
                0x08006080                __nesf2
                0x08006080                __eqsf2
                0x08006080                __cmpsf2
                0x080060e0                __aeabi_cfrcmple
                0x080060e8                __aeabi_cfcmpeq
                0x080060e8                __aeabi_cfcmple
                0x080060f8                __aeabi_fcmpeq
                0x0800610c                __aeabi_fcmplt
                0x08006120                __aeabi_fcmple
                0x08006134                __aeabi_fcmpge
                0x08006148                __aeabi_fcmpgt
 .text          0x0800615c       0x2c C:/ST/STM32CubeIDE_1.17.0/STM32CubeIDE/plugins/com.st.stm32cube.ide.mcu.externaltools.gnu-tools-for-stm32.13.3.rel1.win32_1.0.0.202411081344/tools/bin/../lib/gcc/arm-none-eabi/13.3.1/thumb/v7-m/nofp\libgcc.a(_arm_unordsf2.o)
                0x0800615c                __unordsf2
                0x0800615c                __aeabi_fcmpun
 .text          0x08006188       0x4c C:/ST/STM32CubeIDE_1.17.0/STM32CubeIDE/plugins/com.st.stm32cube.ide.mcu.externaltools.gnu-tools-for-stm32.13.3.rel1.win32_1.0.0.202411081344/tools/bin/../lib/gcc/arm-none-eabi/13.3.1/thumb/v7-m/nofp\libgcc.a(_arm_fixsfsi.o)
                0x08006188                __aeabi_f2iz
                0x08006188                __fixsfsi
 .text          0x080061d4       0x40 C:/ST/STM32CubeIDE_1.17.0/STM32CubeIDE/plugins/com.st.stm32cube.ide.mcu.externaltools.gnu-tools-for-stm32.13.3.rel1.win32_1.0.0.202411081344/tools/bin/../lib/gcc/arm-none-eabi/13.3.1/thumb/v7-m/nofp\libgcc.a(_arm_fixunssfsi.o)
                0x080061d4                __fixunssfsi
                0x080061d4                __aeabi_f2uiz
 .text          0x08006214       0xa0 C:/ST/STM32CubeIDE_1.17.0/STM32CubeIDE/plugins/com.st.stm32cube.ide.mcu.externaltools.gnu-tools-for-stm32.13.3.rel1.win32_1.0.0.202411081344/tools/bin/../lib/gcc/arm-none-eabi/13.3.1/thumb/v7-m/nofp\libgcc.a(_aeabi_ldivmod.o)
                0x08006214                __aeabi_ldivmod
 .text          0x080062b4       0x30 C:/ST/STM32CubeIDE_1.17.0/STM32CubeIDE/plugins/com.st.stm32cube.ide.mcu.externaltools.gnu-tools-for-stm32.13.3.rel1.win32_1.0.0.202411081344/tools/bin/../lib/gcc/arm-none-eabi/13.3.1/thumb/v7-m/nofp\libgcc.a(_aeabi_uldivmod.o)
                0x080062b4                __aeabi_uldivmod
 .text          0x080062e4      0x300 C:/ST/STM32CubeIDE_1.17.0/STM32CubeIDE/plugins/com.st.stm32cube.ide.mcu.externaltools.gnu-tools-for-stm32.13.3.rel1.win32_1.0.0.202411081344/tools/bin/../lib/gcc/arm-none-eabi/13.3.1/thumb/v7-m/nofp\libgcc.a(_udivmoddi4.o)
                0x080062e4                __udivmoddi4
 .text          0x080065e4        0x4 C:/ST/STM32CubeIDE_1.17.0/STM32CubeIDE/plugins/com.st.stm32cube.ide.mcu.externaltools.gnu-tools-for-stm32.13.3.rel1.win32_1.0.0.202411081344/tools/bin/../lib/gcc/arm-none-eabi/13.3.1/thumb/v7-m/nofp\libgcc.a(_dvmd_tls.o)
                0x080065e4                __aeabi_idiv0
                0x080065e4                __aeabi_ldiv0
 *(.text*)
 .text.__NVIC_SystemReset
                0x080065e8       0x2c ./Core/Src/Bluetooth_Process.o
 .text.hexToString
                0x08006614       0x58 ./Core/Src/Bluetooth_Process.o
                0x08006614                hexToString
 .text.ESP32_SetUsartChannel
                0x0800666c       0x80 ./Core/Src/Bluetooth_Process.o
                0x0800666c                ESP32_SetUsartChannel
 .text.ESP32_receiveDataProcess
                0x080066ec      0x654 ./Core/Src/Bluetooth_Process.o
                0x080066ec                ESP32_receiveDataProcess
 .text.Bluetooth_Check
                0x08006d40      0x12c ./Core/Src/Bluetooth_Process.o
                0x08006d40                Bluetooth_Check
 .text.STM32_RequestReadyCounter
                0x08006e6c       0x44 ./Core/Src/Bluetooth_Process.o
                0x08006e6c                STM32_RequestReadyCounter
 .text.STM32_RequestBufferWrite
                0x08006eb0       0x84 ./Core/Src/Bluetooth_Process.o
                0x08006eb0                STM32_RequestBufferWrite
 .text.STM32_RequestCheck_Process
                0x08006f34       0xa8 ./Core/Src/Bluetooth_Process.o
                0x08006f34                STM32_RequestCheck_Process
 .text.ESP32_receiveDataCheck
                0x08006fdc      0x154 ./Core/Src/Bluetooth_Process.o
                0x08006fdc                ESP32_receiveDataCheck
 .text.ESP32_writeRegister
                0x08007130      0x148 ./Core/Src/Bluetooth_Process.o
                0x08007130                ESP32_writeRegister
 .text.Bluetooth_writeRegister
                0x08007278       0xb8 ./Core/Src/Bluetooth_Process.o
                0x08007278                Bluetooth_writeRegister
 .text.BLE_receteDuzenlemeProcess
                0x08007330      0x174 ./Core/Src/Bluetooth_Process.o
                0x08007330                BLE_receteDuzenlemeProcess
 .text.Bluetooth_dwinWrite
                0x080074a4      0xfc8 ./Core/Src/Bluetooth_Process.o
                0x080074a4                Bluetooth_dwinWrite
 .text.Bluetooth_run
                0x0800846c       0x10 ./Core/Src/Bluetooth_Process.o
                0x0800846c                Bluetooth_run
 .text.set_bootloader_request_flag
                0x0800847c       0x38 ./Core/Src/Bluetooth_Process.o
                0x0800847c                set_bootloader_request_flag
 .text.Jump_To_Bootloader
                0x080084b4       0x12 ./Core/Src/Bluetooth_Process.o
                0x080084b4                Jump_To_Bootloader
 *fill*         0x080084c6        0x2 
 .text.__NVIC_SystemReset
                0x080084c8       0x2c ./Core/Src/DWIN_Process.o
 .text.combineBytes
                0x080084f4       0x2c ./Core/Src/DWIN_Process.o
                0x080084f4                combineBytes
 .text.parse16BitTo8Bit
                0x08008520       0x2c ./Core/Src/DWIN_Process.o
                0x08008520                parse16BitTo8Bit
 .text.convert_u8_to_u16
                0x0800854c       0x64 ./Core/Src/DWIN_Process.o
                0x0800854c                convert_u8_to_u16
 .text.convert_u16_to_u8
                0x080085b0       0x68 ./Core/Src/DWIN_Process.o
                0x080085b0                convert_u16_to_u8
 .text.calculateCRC16Modbus
                0x08008618       0x78 ./Core/Src/DWIN_Process.o
                0x08008618                calculateCRC16Modbus
 .text.UserApp_IWDG_Refresh
                0x08008690       0x18 ./Core/Src/DWIN_Process.o
 .text.set_FWversion
                0x080086a8       0x6c ./Core/Src/DWIN_Process.o
                0x080086a8                set_FWversion
 .text.setAnalogVoltage
                0x08008714       0xdc ./Core/Src/DWIN_Process.o
                0x08008714                setAnalogVoltage
 .text.DWIN_receiveDataProcess
                0x080087f0      0x25c ./Core/Src/DWIN_Process.o
                0x080087f0                DWIN_receiveDataProcess
 .text.DWIN_SetUsartChannel
                0x08008a4c       0x6c ./Core/Src/DWIN_Process.o
                0x08008a4c                DWIN_SetUsartChannel
 .text.DWIN_readRegister
                0x08008ab8      0x1e0 ./Core/Src/DWIN_Process.o
                0x08008ab8                DWIN_readRegister
 .text.dwin_popup_change_structure
                0x08008c98       0xe6 ./Core/Src/DWIN_Process.o
                0x08008c98                dwin_popup_change_structure
 .text.dwin_pop_up_change_all_structure
                0x08008d7e       0x66 ./Core/Src/DWIN_Process.o
                0x08008d7e                dwin_pop_up_change_all_structure
 .text.DWIN_changePopup
                0x08008de4       0x50 ./Core/Src/DWIN_Process.o
                0x08008de4                DWIN_changePopup
 .text.dwin_icon_change_structure
                0x08008e34       0x44 ./Core/Src/DWIN_Process.o
                0x08008e34                dwin_icon_change_structure
 .text.DWIN_changeIcon
                0x08008e78      0x3b8 ./Core/Src/DWIN_Process.o
                0x08008e78                DWIN_changeIcon
 .text.DWIN_changeMaxSetValue
                0x08009230       0xf4 ./Core/Src/DWIN_Process.o
                0x08009230                DWIN_changeMaxSetValue
 .text.keyboard_change_structure
                0x08009324      0x13e ./Core/Src/DWIN_Process.o
                0x08009324                keyboard_change_structure
 .text.DWIN_changeKeyboard
                0x08009462       0xbe ./Core/Src/DWIN_Process.o
                0x08009462                DWIN_changeKeyboard
 .text.DWIN_changeWord
                0x08009520      0x3d0 ./Core/Src/DWIN_Process.o
                0x08009520                DWIN_changeWord
 .text.DWIN_dilChange
                0x080098f0       0x6c ./Core/Src/DWIN_Process.o
                0x080098f0                DWIN_dilChange
 .text.DWIN_writeRegiser
                0x0800995c      0x2c0 ./Core/Src/DWIN_Process.o
                0x0800995c                DWIN_writeRegiser
 .text.DWIN_changePage
                0x08009c1c      0x164 ./Core/Src/DWIN_Process.o
                0x08009c1c                DWIN_changePage
 .text.touchSetOnOff_structure
                0x08009d80       0x5e ./Core/Src/DWIN_Process.o
                0x08009d80                touchSetOnOff_structure
 .text.DWIN_dokunmatik_aktif_msg
                0x08009dde       0x3e ./Core/Src/DWIN_Process.o
                0x08009dde                DWIN_dokunmatik_aktif_msg
 .text.DWIN_run
                0x08009e1c      0x204 ./Core/Src/DWIN_Process.o
                0x08009e1c                DWIN_run
 .text.DWIN_check
                0x0800a020      0x2fc ./Core/Src/DWIN_Process.o
                0x0800a020                DWIN_check
 .text.DWIN_answerProcess
                0x0800a31c       0x68 ./Core/Src/DWIN_Process.o
                0x0800a31c                DWIN_answerProcess
 .text.DWIN_testSayfa
                0x0800a384      0x304 ./Core/Src/DWIN_Process.o
                0x0800a384                DWIN_testSayfa
 .text.DWIN_isitmaProcess
                0x0800a688       0xa8 ./Core/Src/DWIN_Process.o
                0x0800a688                DWIN_isitmaProcess
 .text.DWIN_sogutmaProcess
                0x0800a730       0xbc ./Core/Src/DWIN_Process.o
                0x0800a730                DWIN_sogutmaProcess
 .text.DWIN_anaSayfa
                0x0800a7ec      0x6e8 ./Core/Src/DWIN_Process.o
                0x0800a7ec                DWIN_anaSayfa
 .text.DWIN_manuelSayfa
                0x0800aed4      0x5e4 ./Core/Src/DWIN_Process.o
                0x0800aed4                DWIN_manuelSayfa
 .text.DWIN_receteSayfa
                0x0800b4b8      0x5f4 ./Core/Src/DWIN_Process.o
                0x0800b4b8                DWIN_receteSayfa
 .text.DWIN_buzzerSet
                0x0800baac       0x58 ./Core/Src/DWIN_Process.o
                0x0800baac                DWIN_buzzerSet
 .text.DWIN_resetManuelPisirme
                0x0800bb04      0x180 ./Core/Src/DWIN_Process.o
                0x0800bb04                DWIN_resetManuelPisirme
 .text.DWIN_brulorArizaSet
                0x0800bc84       0x84 ./Core/Src/DWIN_Process.o
                0x0800bc84                DWIN_brulorArizaSet
 .text.DWIN_brulorArizaReset_Relay
                0x0800bd08       0x3c ./Core/Src/DWIN_Process.o
                0x0800bd08                DWIN_brulorArizaReset_Relay
 .text.DWIN_arızaCheck
                0x0800bd44      0x2d4 ./Core/Src/DWIN_Process.o
                0x0800bd44                DWIN_arızaCheck
 .text.DWIN_Alarm
                0x0800c018       0x60 ./Core/Src/DWIN_Process.o
                0x0800c018                DWIN_Alarm
 .text.DWIN_writeRTC
                0x0800c078       0xa2 ./Core/Src/DWIN_Process.o
                0x0800c078                DWIN_writeRTC
 .text.DWIN_readRTC
                0x0800c11a       0x58 ./Core/Src/DWIN_Process.o
                0x0800c11a                DWIN_readRTC
 *fill*         0x0800c172        0x2 
 .text.PWM_SetFreqAndDuty
                0x0800c174       0x9c ./Core/Src/DWIN_Process.o
                0x0800c174                PWM_SetFreqAndDuty
 .text.calculate_frequency
                0x0800c210       0x5c ./Core/Src/DWIN_Process.o
                0x0800c210                calculate_frequency
 .text.PWM_StartSmoothTransition
                0x0800c26c       0x50 ./Core/Src/DWIN_Process.o
                0x0800c26c                PWM_StartSmoothTransition
 .text.PWM_SmoothTask_1ms
                0x0800c2bc       0xfc ./Core/Src/DWIN_Process.o
                0x0800c2bc                PWM_SmoothTask_1ms
 .text.AT24C512_WaitForReady
                0x0800c3b8       0x4c ./Core/Src/EEPROM_Process.o
                0x0800c3b8                AT24C512_WaitForReady
 .text.EEPROM_Write
                0x0800c404      0x244 ./Core/Src/EEPROM_Process.o
                0x0800c404                EEPROM_Write
 .text.EEPROM_Read
                0x0800c648       0x6a ./Core/Src/EEPROM_Process.o
                0x0800c648                EEPROM_Read
 .text.EEPROM_Read_Safe
                0x0800c6b2       0x8c ./Core/Src/EEPROM_Process.o
                0x0800c6b2                EEPROM_Read_Safe
 *fill*         0x0800c73e        0x2 
 .text.EEPROM_init
                0x0800c740      0x1d4 ./Core/Src/EEPROM_Process.o
                0x0800c740                EEPROM_init
 .text.EEPROM_Recete_DefaultWrite
                0x0800c914      0x244 ./Core/Src/EEPROM_Process.o
                0x0800c914                EEPROM_Recete_DefaultWrite
 .text.EEPROM_Recete_Read
                0x0800cb58      0x13c ./Core/Src/EEPROM_Process.o
                0x0800cb58                EEPROM_Recete_Read
 .text.Flash_IsAddressValid
                0x0800cc94       0x48 ./Core/Src/Flash_Process.o
                0x0800cc94                Flash_IsAddressValid
 .text.Flash_Erase_Sector
                0x0800ccdc       0x48 ./Core/Src/Flash_Process.o
                0x0800ccdc                Flash_Erase_Sector
 .text.Flash_Read
                0x0800cd24       0x60 ./Core/Src/Flash_Process.o
                0x0800cd24                Flash_Read
 .text.Flash_Write
                0x0800cd84       0xb6 ./Core/Src/Flash_Process.o
                0x0800cd84                Flash_Write
 *fill*         0x0800ce3a        0x2 
 .text.ShiftRegister_SendData
                0x0800ce3c       0x78 ./Core/Src/InOut_Process.o
                0x0800ce3c                ShiftRegister_SendData
 .text.CheckBit
                0x0800ceb4       0x28 ./Core/Src/InOut_Process.o
                0x0800ceb4                CheckBit
 .text.setBit   0x0800cedc       0x20 ./Core/Src/InOut_Process.o
                0x0800cedc                setBit
 .text.resetBit
                0x0800cefc       0x22 ./Core/Src/InOut_Process.o
                0x0800cefc                resetBit
 *fill*         0x0800cf1e        0x2 
 .text.setOut   0x0800cf20       0x3c ./Core/Src/InOut_Process.o
                0x0800cf20                setOut
 .text.setOutData
                0x0800cf5c       0x30 ./Core/Src/InOut_Process.o
                0x0800cf5c                setOutData
 .text.shiftRefresh
                0x0800cf8c       0x18 ./Core/Src/InOut_Process.o
                0x0800cf8c                shiftRefresh
 .text.I_AC_Check
                0x0800cfa4       0x68 ./Core/Src/InOut_Process.o
                0x0800cfa4                I_AC_Check
 .text._DoInit  0x0800d00c       0xb0 ./Core/Src/SEGGER_RTT.o
 .text._WriteBlocking
                0x0800d0bc       0xb6 ./Core/Src/SEGGER_RTT.o
 .text._WriteNoCheck
                0x0800d172       0x88 ./Core/Src/SEGGER_RTT.o
 .text._GetAvailWriteSpace
                0x0800d1fa       0x44 ./Core/Src/SEGGER_RTT.o
 *fill*         0x0800d23e        0x2 
 .text.SEGGER_RTT_WriteNoLock
                0x0800d240       0xa0 ./Core/Src/SEGGER_RTT.o
                0x0800d240                SEGGER_RTT_WriteNoLock
 .text.SEGGER_RTT_Write
                0x0800d2e0       0x4c ./Core/Src/SEGGER_RTT.o
                0x0800d2e0                SEGGER_RTT_Write
 .text.SEGGER_RTT_ConfigUpBuffer
                0x0800d32c       0x94 ./Core/Src/SEGGER_RTT.o
                0x0800d32c                SEGGER_RTT_ConfigUpBuffer
 .text._StoreChar
                0x0800d3c0       0x7c ./Core/Src/SEGGER_RTT_printf.o
 .text._PrintUnsigned
                0x0800d43c      0x158 ./Core/Src/SEGGER_RTT_printf.o
 .text._PrintInt
                0x0800d594      0x14e ./Core/Src/SEGGER_RTT_printf.o
 *fill*         0x0800d6e2        0x2 
 .text.SEGGER_RTT_vprintf
                0x0800d6e4      0x3a8 ./Core/Src/SEGGER_RTT_printf.o
                0x0800d6e4                SEGGER_RTT_vprintf
 .text.SEGGER_RTT_printf
                0x0800da8c       0x30 ./Core/Src/SEGGER_RTT_printf.o
                0x0800da8c                SEGGER_RTT_printf
 .text.TMP112_Init
                0x0800dabc       0x34 ./Core/Src/TMP112.o
                0x0800dabc                TMP112_Init
 .text.TMP112_ReadTemperature
                0x0800daf0       0xb0 ./Core/Src/TMP112.o
                0x0800daf0                TMP112_ReadTemperature
 .text.TMP112_SetResolution
                0x0800dba0       0xa0 ./Core/Src/TMP112.o
                0x0800dba0                TMP112_SetResolution
 .text.calculate_vref
                0x0800dc40       0x54 ./Core/Src/Temperature_Process.o
                0x0800dc40                calculate_vref
 .text.adc_Init
                0x0800dc94       0x4c ./Core/Src/Temperature_Process.o
                0x0800dc94                adc_Init
 .text.avgAdcProcess
                0x0800dce0       0xa8 ./Core/Src/Temperature_Process.o
                0x0800dce0                avgAdcProcess
 .text.ConvertValueforKType
                0x0800dd88       0x94 ./Core/Src/Temperature_Process.o
                0x0800dd88                ConvertValueforKType
 .text.calculateThermocouple_K
                0x0800de1c       0x50 ./Core/Src/Temperature_Process.o
                0x0800de1c                calculateThermocouple_K
 .text.ConvertValueforJType
                0x0800de6c       0x90 ./Core/Src/Temperature_Process.o
                0x0800de6c                ConvertValueforJType
 .text.calculateThermocouple_J
                0x0800defc       0x50 ./Core/Src/Temperature_Process.o
                0x0800defc                calculateThermocouple_J
 .text.calculate_temperature
                0x0800df4c      0x134 ./Core/Src/Temperature_Process.o
                0x0800df4c                calculate_temperature
 .text.MX_ADC1_Init
                0x0800e080       0xd4 ./Core/Src/adc.o
                0x0800e080                MX_ADC1_Init
 .text.HAL_ADC_MspInit
                0x0800e154       0xd0 ./Core/Src/adc.o
                0x0800e154                HAL_ADC_MspInit
 .text.MX_DAC_Init
                0x0800e224       0x68 ./Core/Src/dac.o
                0x0800e224                MX_DAC_Init
 .text.HAL_DAC_MspInit
                0x0800e28c       0x78 ./Core/Src/dac.o
                0x0800e28c                HAL_DAC_MspInit
 .text.MX_DMA_Init
                0x0800e304       0x5c ./Core/Src/dma.o
                0x0800e304                MX_DMA_Init
 .text.Furnace_Init
                0x0800e360      0x22c ./Core/Src/furnace_pid.o
                0x0800e360                Furnace_Init
 .text.Furnace_Control_1s
                0x0800e58c      0x1e4 ./Core/Src/furnace_pid.o
                0x0800e58c                Furnace_Control_1s
 .text.Set_Heater_DAC
                0x0800e770       0x20 ./Core/Src/furnace_pid.o
                0x0800e770                Set_Heater_DAC
 .text.manual_pwm_update
                0x0800e790       0x8c ./Core/Src/furnace_pid.o
                0x0800e790                manual_pwm_update
 *fill*         0x0800e81c        0x4 
 .text.CalculateSoftThreshold
                0x0800e820      0x170 ./Core/Src/furnace_pid.o
                0x0800e820                CalculateSoftThreshold
 .text.type1_oven_heating_process
                0x0800e990      0x138 ./Core/Src/furnace_pid.o
                0x0800e990                type1_oven_heating_process
 .text.type2_outputCalculate
                0x0800eac8       0x9c ./Core/Src/furnace_pid.o
                0x0800eac8                type2_outputCalculate
 *fill*         0x0800eb64        0x4 
 .text.type2_oven_heating_process
                0x0800eb68      0x13c ./Core/Src/furnace_pid.o
                0x0800eb68                type2_oven_heating_process
 .text.MX_GPIO_Init
                0x0800eca4      0x158 ./Core/Src/gpio.o
                0x0800eca4                MX_GPIO_Init
 .text.MX_I2C1_Init
                0x0800edfc       0x5c ./Core/Src/i2c.o
                0x0800edfc                MX_I2C1_Init
 .text.HAL_I2C_MspInit
                0x0800ee58       0x7c ./Core/Src/i2c.o
                0x0800ee58                HAL_I2C_MspInit
 .text.BytesToUint32
                0x0800eed4       0x36 ./Core/Src/main.o
                0x0800eed4                BytesToUint32
 *fill*         0x0800ef0a        0x2 
 .text.safeProgram_Declaration
                0x0800ef0c       0x8c ./Core/Src/main.o
                0x0800ef0c                safeProgram_Declaration
 .text.main     0x0800ef98      0x208 ./Core/Src/main.o
                0x0800ef98                main
 .text.SystemClock_Config
                0x0800f1a0       0xd4 ./Core/Src/main.o
                0x0800f1a0                SystemClock_Config
 .text.Error_Handler
                0x0800f274       0x20 ./Core/Src/main.o
                0x0800f274                Error_Handler
 .text.PID_Init
                0x0800f294       0x7c ./Core/Src/pid.o
                0x0800f294                PID_Init
 .text.PID      0x0800f310       0x90 ./Core/Src/pid.o
                0x0800f310                PID
 .text.PID_Compute
                0x0800f3a0      0x1dc ./Core/Src/pid.o
                0x0800f3a0                PID_Compute
 .text.PID_SetMode
                0x0800f57c       0x3c ./Core/Src/pid.o
                0x0800f57c                PID_SetMode
 .text.PID_SetOutputLimits
                0x0800f5b8       0xd8 ./Core/Src/pid.o
                0x0800f5b8                PID_SetOutputLimits
 .text.PID_SetTunings
                0x0800f690       0x34 ./Core/Src/pid.o
                0x0800f690                PID_SetTunings
 .text.PID_SetTunings2
                0x0800f6c4      0x148 ./Core/Src/pid.o
                0x0800f6c4                PID_SetTunings2
 .text.PID_SetControllerDirection
                0x0800f80c       0x80 ./Core/Src/pid.o
                0x0800f80c                PID_SetControllerDirection
 .text.PID_SetSampleTime
                0x0800f88c       0x76 ./Core/Src/pid.o
                0x0800f88c                PID_SetSampleTime
 *fill*         0x0800f902        0x2 
 .text.RTC_SetDateTime
                0x0800f904       0x88 ./Core/Src/rtc.o
                0x0800f904                RTC_SetDateTime
 .text.MX_RTC_Init
                0x0800f98c       0x94 ./Core/Src/rtc.o
                0x0800f98c                MX_RTC_Init
 .text.HAL_RTC_MspInit
                0x0800fa20       0x58 ./Core/Src/rtc.o
                0x0800fa20                HAL_RTC_MspInit
 .text.MX_SPI1_Init
                0x0800fa78       0x70 ./Core/Src/spi.o
                0x0800fa78                MX_SPI1_Init
 .text.HAL_SPI_MspInit
                0x0800fae8       0x9c ./Core/Src/spi.o
                0x0800fae8                HAL_SPI_MspInit
 .text.HAL_MspInit
                0x0800fb84       0x64 ./Core/Src/stm32f1xx_hal_msp.o
                0x0800fb84                HAL_MspInit
 .text.__NVIC_SystemReset
                0x0800fbe8       0x2c ./Core/Src/stm32f1xx_it.o
 .text.NMI_Handler
                0x0800fc14        0x8 ./Core/Src/stm32f1xx_it.o
                0x0800fc14                NMI_Handler
 .text.HardFault_Handler
                0x0800fc1c       0x14 ./Core/Src/stm32f1xx_it.o
                0x0800fc1c                HardFault_Handler
 .text.MemManage_Handler
                0x0800fc30        0x8 ./Core/Src/stm32f1xx_it.o
                0x0800fc30                MemManage_Handler
 .text.BusFault_Handler
                0x0800fc38       0x14 ./Core/Src/stm32f1xx_it.o
                0x0800fc38                BusFault_Handler
 .text.UsageFault_Handler
                0x0800fc4c       0x14 ./Core/Src/stm32f1xx_it.o
                0x0800fc4c                UsageFault_Handler
 .text.SVC_Handler
                0x0800fc60        0xc ./Core/Src/stm32f1xx_it.o
                0x0800fc60                SVC_Handler
 .text.DebugMon_Handler
                0x0800fc6c        0xc ./Core/Src/stm32f1xx_it.o
                0x0800fc6c                DebugMon_Handler
 .text.PendSV_Handler
                0x0800fc78        0xc ./Core/Src/stm32f1xx_it.o
                0x0800fc78                PendSV_Handler
 .text.SysTick_Handler
                0x0800fc84       0x34 ./Core/Src/stm32f1xx_it.o
                0x0800fc84                SysTick_Handler
 .text.RTC_IRQHandler
                0x0800fcb8       0x14 ./Core/Src/stm32f1xx_it.o
                0x0800fcb8                RTC_IRQHandler
 .text.DMA1_Channel1_IRQHandler
                0x0800fccc       0x14 ./Core/Src/stm32f1xx_it.o
                0x0800fccc                DMA1_Channel1_IRQHandler
 .text.DMA1_Channel3_IRQHandler
                0x0800fce0       0x14 ./Core/Src/stm32f1xx_it.o
                0x0800fce0                DMA1_Channel3_IRQHandler
 .text.DMA1_Channel5_IRQHandler
                0x0800fcf4       0x14 ./Core/Src/stm32f1xx_it.o
                0x0800fcf4                DMA1_Channel5_IRQHandler
 .text.EXTI9_5_IRQHandler
                0x0800fd08       0x44 ./Core/Src/stm32f1xx_it.o
                0x0800fd08                EXTI9_5_IRQHandler
 .text.USART1_IRQHandler
                0x0800fd4c       0x80 ./Core/Src/stm32f1xx_it.o
                0x0800fd4c                USART1_IRQHandler
 .text.USART3_IRQHandler
                0x0800fdcc       0x78 ./Core/Src/stm32f1xx_it.o
                0x0800fdcc                USART3_IRQHandler
 .text._sbrk    0x0800fe44       0x6c ./Core/Src/sysmem.o
                0x0800fe44                _sbrk
 .text.SystemInit
                0x0800feb0       0x1c ./Core/Src/system_stm32f1xx.o
                0x0800feb0                SystemInit
 .text.MX_TIM1_Init
                0x0800fecc      0x100 ./Core/Src/tim.o
                0x0800fecc                MX_TIM1_Init
 .text.HAL_TIM_PWM_MspInit
                0x0800ffcc       0x3c ./Core/Src/tim.o
                0x0800ffcc                HAL_TIM_PWM_MspInit
 .text.HAL_TIM_MspPostInit
                0x08010008       0x68 ./Core/Src/tim.o
                0x08010008                HAL_TIM_MspPostInit
 .text.MX_USART1_UART_Init
                0x08010070       0x54 ./Core/Src/usart.o
                0x08010070                MX_USART1_UART_Init
 .text.MX_USART3_UART_Init
                0x080100c4       0x54 ./Core/Src/usart.o
                0x080100c4                MX_USART3_UART_Init
 .text.HAL_UART_MspInit
                0x08010118      0x200 ./Core/Src/usart.o
                0x08010118                HAL_UART_MspInit
 .text.HAL_UART_MspDeInit
                0x08010318       0x88 ./Core/Src/usart.o
                0x08010318                HAL_UART_MspDeInit
 .text.Reset_Handler
                0x080103a0       0x48 ./Core/Startup/startup_stm32f105rctx.o
                0x080103a0                Reset_Handler
 .text.Default_Handler
                0x080103e8        0x2 ./Core/Startup/startup_stm32f105rctx.o
                0x080103e8                RTC_Alarm_IRQHandler
                0x080103e8                EXTI2_IRQHandler
                0x080103e8                TIM1_CC_IRQHandler
                0x080103e8                TIM6_IRQHandler
                0x080103e8                PVD_IRQHandler
                0x080103e8                CAN2_RX1_IRQHandler
                0x080103e8                EXTI3_IRQHandler
                0x080103e8                EXTI0_IRQHandler
                0x080103e8                I2C2_EV_IRQHandler
                0x080103e8                CAN1_RX0_IRQHandler
                0x080103e8                CAN2_SCE_IRQHandler
                0x080103e8                ADC1_2_IRQHandler
                0x080103e8                SPI1_IRQHandler
                0x080103e8                TAMPER_IRQHandler
                0x080103e8                CAN2_RX0_IRQHandler
                0x080103e8                DMA2_Channel2_IRQHandler
                0x080103e8                DMA1_Channel4_IRQHandler
                0x080103e8                DMA1_Channel7_IRQHandler
                0x080103e8                CAN1_RX1_IRQHandler
                0x080103e8                UART5_IRQHandler
                0x080103e8                TIM4_IRQHandler
                0x080103e8                DMA2_Channel1_IRQHandler
                0x080103e8                I2C1_EV_IRQHandler
                0x080103e8                DMA1_Channel6_IRQHandler
                0x080103e8                UART4_IRQHandler
                0x080103e8                DMA2_Channel4_IRQHandler
                0x080103e8                TIM3_IRQHandler
                0x080103e8                RCC_IRQHandler
                0x080103e8                TIM1_TRG_COM_IRQHandler
                0x080103e8                Default_Handler
                0x080103e8                EXTI15_10_IRQHandler
                0x080103e8                TIM7_IRQHandler
                0x080103e8                CAN2_TX_IRQHandler
                0x080103e8                TIM5_IRQHandler
                0x080103e8                SPI2_IRQHandler
                0x080103e8                CAN1_TX_IRQHandler
                0x080103e8                DMA2_Channel5_IRQHandler
                0x080103e8                EXTI4_IRQHandler
                0x080103e8                TIM1_UP_IRQHandler
                0x080103e8                WWDG_IRQHandler
                0x080103e8                TIM2_IRQHandler
                0x080103e8                OTG_FS_WKUP_IRQHandler
                0x080103e8                TIM1_BRK_IRQHandler
                0x080103e8                EXTI1_IRQHandler
                0x080103e8                USART2_IRQHandler
                0x080103e8                I2C2_ER_IRQHandler
                0x080103e8                DMA1_Channel2_IRQHandler
                0x080103e8                CAN1_SCE_IRQHandler
                0x080103e8                FLASH_IRQHandler
                0x080103e8                OTG_FS_IRQHandler
                0x080103e8                SPI3_IRQHandler
                0x080103e8                I2C1_ER_IRQHandler
                0x080103e8                DMA2_Channel3_IRQHandler
 *fill*         0x080103ea        0x2 
 .text.HAL_Init
                0x080103ec       0x2c ./Drivers/STM32F1xx_HAL_Driver/Src/stm32f1xx_hal.o
                0x080103ec                HAL_Init
 .text.HAL_InitTick
                0x08010418       0x60 ./Drivers/STM32F1xx_HAL_Driver/Src/stm32f1xx_hal.o
                0x08010418                HAL_InitTick
 .text.HAL_IncTick
                0x08010478       0x24 ./Drivers/STM32F1xx_HAL_Driver/Src/stm32f1xx_hal.o
                0x08010478                HAL_IncTick
 .text.HAL_GetTick
                0x0801049c       0x14 ./Drivers/STM32F1xx_HAL_Driver/Src/stm32f1xx_hal.o
                0x0801049c                HAL_GetTick
 .text.HAL_Delay
                0x080104b0       0x48 ./Drivers/STM32F1xx_HAL_Driver/Src/stm32f1xx_hal.o
                0x080104b0                HAL_Delay
 .text.HAL_ADC_Init
                0x080104f8      0x1b0 ./Drivers/STM32F1xx_HAL_Driver/Src/stm32f1xx_hal_adc.o
                0x080104f8                HAL_ADC_Init
 .text.HAL_ADC_Start_DMA
                0x080106a8      0x1bc ./Drivers/STM32F1xx_HAL_Driver/Src/stm32f1xx_hal_adc.o
                0x080106a8                HAL_ADC_Start_DMA
 .text.HAL_ADC_ConvCpltCallback
                0x08010864       0x12 ./Drivers/STM32F1xx_HAL_Driver/Src/stm32f1xx_hal_adc.o
                0x08010864                HAL_ADC_ConvCpltCallback
 .text.HAL_ADC_ConvHalfCpltCallback
                0x08010876       0x12 ./Drivers/STM32F1xx_HAL_Driver/Src/stm32f1xx_hal_adc.o
                0x08010876                HAL_ADC_ConvHalfCpltCallback
 .text.HAL_ADC_ErrorCallback
                0x08010888       0x12 ./Drivers/STM32F1xx_HAL_Driver/Src/stm32f1xx_hal_adc.o
                0x08010888                HAL_ADC_ErrorCallback
 *fill*         0x0801089a        0x2 
 .text.HAL_ADC_ConfigChannel
                0x0801089c      0x1f0 ./Drivers/STM32F1xx_HAL_Driver/Src/stm32f1xx_hal_adc.o
                0x0801089c                HAL_ADC_ConfigChannel
 .text.ADC_Enable
                0x08010a8c       0xb4 ./Drivers/STM32F1xx_HAL_Driver/Src/stm32f1xx_hal_adc.o
                0x08010a8c                ADC_Enable
 .text.ADC_ConversionStop_Disable
                0x08010b40       0x82 ./Drivers/STM32F1xx_HAL_Driver/Src/stm32f1xx_hal_adc.o
                0x08010b40                ADC_ConversionStop_Disable
 .text.ADC_DMAConvCplt
                0x08010bc2       0x7c ./Drivers/STM32F1xx_HAL_Driver/Src/stm32f1xx_hal_adc.o
                0x08010bc2                ADC_DMAConvCplt
 .text.ADC_DMAHalfConvCplt
                0x08010c3e       0x1c ./Drivers/STM32F1xx_HAL_Driver/Src/stm32f1xx_hal_adc.o
                0x08010c3e                ADC_DMAHalfConvCplt
 .text.ADC_DMAError
                0x08010c5a       0x34 ./Drivers/STM32F1xx_HAL_Driver/Src/stm32f1xx_hal_adc.o
                0x08010c5a                ADC_DMAError
 *fill*         0x08010c8e        0x2 
 .text.HAL_ADCEx_Calibration_Start
                0x08010c90      0x15c ./Drivers/STM32F1xx_HAL_Driver/Src/stm32f1xx_hal_adc_ex.o
                0x08010c90                HAL_ADCEx_Calibration_Start
 .text.__NVIC_SetPriorityGrouping
                0x08010dec       0x48 ./Drivers/STM32F1xx_HAL_Driver/Src/stm32f1xx_hal_cortex.o
 .text.__NVIC_GetPriorityGrouping
                0x08010e34       0x1c ./Drivers/STM32F1xx_HAL_Driver/Src/stm32f1xx_hal_cortex.o
 .text.__NVIC_EnableIRQ
                0x08010e50       0x38 ./Drivers/STM32F1xx_HAL_Driver/Src/stm32f1xx_hal_cortex.o
 .text.__NVIC_DisableIRQ
                0x08010e88       0x48 ./Drivers/STM32F1xx_HAL_Driver/Src/stm32f1xx_hal_cortex.o
 .text.__NVIC_SetPriority
                0x08010ed0       0x54 ./Drivers/STM32F1xx_HAL_Driver/Src/stm32f1xx_hal_cortex.o
 .text.NVIC_EncodePriority
                0x08010f24       0x64 ./Drivers/STM32F1xx_HAL_Driver/Src/stm32f1xx_hal_cortex.o
 .text.SysTick_Config
                0x08010f88       0x44 ./Drivers/STM32F1xx_HAL_Driver/Src/stm32f1xx_hal_cortex.o
 .text.HAL_NVIC_SetPriorityGrouping
                0x08010fcc       0x16 ./Drivers/STM32F1xx_HAL_Driver/Src/stm32f1xx_hal_cortex.o
                0x08010fcc                HAL_NVIC_SetPriorityGrouping
 .text.HAL_NVIC_SetPriority
                0x08010fe2       0x38 ./Drivers/STM32F1xx_HAL_Driver/Src/stm32f1xx_hal_cortex.o
                0x08010fe2                HAL_NVIC_SetPriority
 .text.HAL_NVIC_EnableIRQ
                0x0801101a       0x1c ./Drivers/STM32F1xx_HAL_Driver/Src/stm32f1xx_hal_cortex.o
                0x0801101a                HAL_NVIC_EnableIRQ
 .text.HAL_NVIC_DisableIRQ
                0x08011036       0x1c ./Drivers/STM32F1xx_HAL_Driver/Src/stm32f1xx_hal_cortex.o
                0x08011036                HAL_NVIC_DisableIRQ
 .text.HAL_SYSTICK_Config
                0x08011052       0x18 ./Drivers/STM32F1xx_HAL_Driver/Src/stm32f1xx_hal_cortex.o
                0x08011052                HAL_SYSTICK_Config
 .text.HAL_DAC_Init
                0x0801106a       0x44 ./Drivers/STM32F1xx_HAL_Driver/Src/stm32f1xx_hal_dac.o
                0x0801106a                HAL_DAC_Init
 .text.HAL_DAC_Start
                0x080110ae       0xac ./Drivers/STM32F1xx_HAL_Driver/Src/stm32f1xx_hal_dac.o
                0x080110ae                HAL_DAC_Start
 .text.HAL_DAC_SetValue
                0x0801115a       0x52 ./Drivers/STM32F1xx_HAL_Driver/Src/stm32f1xx_hal_dac.o
                0x0801115a                HAL_DAC_SetValue
 .text.HAL_DAC_ConfigChannel
                0x080111ac       0xb0 ./Drivers/STM32F1xx_HAL_Driver/Src/stm32f1xx_hal_dac.o
                0x080111ac                HAL_DAC_ConfigChannel
 .text.HAL_DMA_Init
                0x0801125c       0xec ./Drivers/STM32F1xx_HAL_Driver/Src/stm32f1xx_hal_dma.o
                0x0801125c                HAL_DMA_Init
 .text.HAL_DMA_DeInit
                0x08011348       0xf0 ./Drivers/STM32F1xx_HAL_Driver/Src/stm32f1xx_hal_dma.o
                0x08011348                HAL_DMA_DeInit
 .text.HAL_DMA_Start_IT
                0x08011438       0xc0 ./Drivers/STM32F1xx_HAL_Driver/Src/stm32f1xx_hal_dma.o
                0x08011438                HAL_DMA_Start_IT
 .text.HAL_DMA_Abort
                0x080114f8       0x76 ./Drivers/STM32F1xx_HAL_Driver/Src/stm32f1xx_hal_dma.o
                0x080114f8                HAL_DMA_Abort
 *fill*         0x0801156e        0x2 
 .text.HAL_DMA_Abort_IT
                0x08011570      0x210 ./Drivers/STM32F1xx_HAL_Driver/Src/stm32f1xx_hal_dma.o
                0x08011570                HAL_DMA_Abort_IT
 .text.HAL_DMA_IRQHandler
                0x08011780      0x478 ./Drivers/STM32F1xx_HAL_Driver/Src/stm32f1xx_hal_dma.o
                0x08011780                HAL_DMA_IRQHandler
 .text.DMA_SetConfig
                0x08011bf8       0x5a ./Drivers/STM32F1xx_HAL_Driver/Src/stm32f1xx_hal_dma.o
 *fill*         0x08011c52        0x2 
 .text.HAL_FLASH_Program
                0x08011c54       0xe0 ./Drivers/STM32F1xx_HAL_Driver/Src/stm32f1xx_hal_flash.o
                0x08011c54                HAL_FLASH_Program
 .text.HAL_FLASH_Unlock
                0x08011d34       0x4c ./Drivers/STM32F1xx_HAL_Driver/Src/stm32f1xx_hal_flash.o
                0x08011d34                HAL_FLASH_Unlock
 .text.HAL_FLASH_Lock
                0x08011d80       0x20 ./Drivers/STM32F1xx_HAL_Driver/Src/stm32f1xx_hal_flash.o
                0x08011d80                HAL_FLASH_Lock
 .text.FLASH_Program_HalfWord
                0x08011da0       0x38 ./Drivers/STM32F1xx_HAL_Driver/Src/stm32f1xx_hal_flash.o
 .text.FLASH_WaitForLastOperation
                0x08011dd8       0x8c ./Drivers/STM32F1xx_HAL_Driver/Src/stm32f1xx_hal_flash.o
                0x08011dd8                FLASH_WaitForLastOperation
 .text.FLASH_SetErrorCode
                0x08011e64       0xa0 ./Drivers/STM32F1xx_HAL_Driver/Src/stm32f1xx_hal_flash.o
 .text.HAL_FLASHEx_Erase
                0x08011f04       0xd8 ./Drivers/STM32F1xx_HAL_Driver/Src/stm32f1xx_hal_flash_ex.o
                0x08011f04                HAL_FLASHEx_Erase
 .text.FLASH_MassErase
                0x08011fdc       0x38 ./Drivers/STM32F1xx_HAL_Driver/Src/stm32f1xx_hal_flash_ex.o
 .text.FLASH_PageErase
                0x08012014       0x40 ./Drivers/STM32F1xx_HAL_Driver/Src/stm32f1xx_hal_flash_ex.o
                0x08012014                FLASH_PageErase
 .text.HAL_GPIO_Init
                0x08012054      0x308 ./Drivers/STM32F1xx_HAL_Driver/Src/stm32f1xx_hal_gpio.o
                0x08012054                HAL_GPIO_Init
 .text.HAL_GPIO_DeInit
                0x0801235c      0x178 ./Drivers/STM32F1xx_HAL_Driver/Src/stm32f1xx_hal_gpio.o
                0x0801235c                HAL_GPIO_DeInit
 .text.HAL_GPIO_ReadPin
                0x080124d4       0x2e ./Drivers/STM32F1xx_HAL_Driver/Src/stm32f1xx_hal_gpio.o
                0x080124d4                HAL_GPIO_ReadPin
 .text.HAL_GPIO_WritePin
                0x08012502       0x30 ./Drivers/STM32F1xx_HAL_Driver/Src/stm32f1xx_hal_gpio.o
                0x08012502                HAL_GPIO_WritePin
 .text.HAL_GPIO_TogglePin
                0x08012532       0x32 ./Drivers/STM32F1xx_HAL_Driver/Src/stm32f1xx_hal_gpio.o
                0x08012532                HAL_GPIO_TogglePin
 .text.HAL_GPIO_EXTI_IRQHandler
                0x08012564       0x30 ./Drivers/STM32F1xx_HAL_Driver/Src/stm32f1xx_hal_gpio.o
                0x08012564                HAL_GPIO_EXTI_IRQHandler
 .text.HAL_GPIO_EXTI_Callback
                0x08012594       0x14 ./Drivers/STM32F1xx_HAL_Driver/Src/stm32f1xx_hal_gpio.o
                0x08012594                HAL_GPIO_EXTI_Callback
 .text.HAL_I2C_Init
                0x080125a8      0x288 ./Drivers/STM32F1xx_HAL_Driver/Src/stm32f1xx_hal_i2c.o
                0x080125a8                HAL_I2C_Init
 .text.HAL_I2C_Master_Transmit
                0x08012830      0x1fc ./Drivers/STM32F1xx_HAL_Driver/Src/stm32f1xx_hal_i2c.o
                0x08012830                HAL_I2C_Master_Transmit
 .text.HAL_I2C_Master_Receive
                0x08012a2c      0x4d8 ./Drivers/STM32F1xx_HAL_Driver/Src/stm32f1xx_hal_i2c.o
                0x08012a2c                HAL_I2C_Master_Receive
 .text.HAL_I2C_Mem_Write
                0x08012f04      0x1f4 ./Drivers/STM32F1xx_HAL_Driver/Src/stm32f1xx_hal_i2c.o
                0x08012f04                HAL_I2C_Mem_Write
 .text.HAL_I2C_IsDeviceReady
                0x080130f8      0x25c ./Drivers/STM32F1xx_HAL_Driver/Src/stm32f1xx_hal_i2c.o
                0x080130f8                HAL_I2C_IsDeviceReady
 .text.I2C_MasterRequestWrite
                0x08013354      0x104 ./Drivers/STM32F1xx_HAL_Driver/Src/stm32f1xx_hal_i2c.o
 .text.I2C_MasterRequestRead
                0x08013458      0x19c ./Drivers/STM32F1xx_HAL_Driver/Src/stm32f1xx_hal_i2c.o
 .text.I2C_RequestMemoryWrite
                0x080135f4      0x12c ./Drivers/STM32F1xx_HAL_Driver/Src/stm32f1xx_hal_i2c.o
 .text.I2C_WaitOnFlagUntilTimeout
                0x08013720       0xf4 ./Drivers/STM32F1xx_HAL_Driver/Src/stm32f1xx_hal_i2c.o
 .text.I2C_WaitOnMasterAddressFlagUntilTimeout
                0x08013814      0x140 ./Drivers/STM32F1xx_HAL_Driver/Src/stm32f1xx_hal_i2c.o
 .text.I2C_WaitOnTXEFlagUntilTimeout
                0x08013954       0x90 ./Drivers/STM32F1xx_HAL_Driver/Src/stm32f1xx_hal_i2c.o
 .text.I2C_WaitOnBTFFlagUntilTimeout
                0x080139e4       0x90 ./Drivers/STM32F1xx_HAL_Driver/Src/stm32f1xx_hal_i2c.o
 .text.I2C_WaitOnRXNEFlagUntilTimeout
                0x08013a74       0xba ./Drivers/STM32F1xx_HAL_Driver/Src/stm32f1xx_hal_i2c.o
 .text.I2C_IsAcknowledgeFailed
                0x08013b2e       0x5c ./Drivers/STM32F1xx_HAL_Driver/Src/stm32f1xx_hal_i2c.o
 *fill*         0x08013b8a        0x2 
 .text.HAL_PWR_EnableBkUpAccess
                0x08013b8c       0x18 ./Drivers/STM32F1xx_HAL_Driver/Src/stm32f1xx_hal_pwr.o
                0x08013b8c                HAL_PWR_EnableBkUpAccess
 .text.HAL_RCC_OscConfig
                0x08013ba4      0x62c ./Drivers/STM32F1xx_HAL_Driver/Src/stm32f1xx_hal_rcc.o
                0x08013ba4                HAL_RCC_OscConfig
 .text.HAL_RCC_ClockConfig
                0x080141d0      0x1d4 ./Drivers/STM32F1xx_HAL_Driver/Src/stm32f1xx_hal_rcc.o
                0x080141d0                HAL_RCC_ClockConfig
 .text.HAL_RCC_GetSysClockFreq
                0x080143a4      0x1e8 ./Drivers/STM32F1xx_HAL_Driver/Src/stm32f1xx_hal_rcc.o
                0x080143a4                HAL_RCC_GetSysClockFreq
 .text.HAL_RCC_GetHCLKFreq
                0x0801458c       0x14 ./Drivers/STM32F1xx_HAL_Driver/Src/stm32f1xx_hal_rcc.o
                0x0801458c                HAL_RCC_GetHCLKFreq
 .text.HAL_RCC_GetPCLK1Freq
                0x080145a0       0x28 ./Drivers/STM32F1xx_HAL_Driver/Src/stm32f1xx_hal_rcc.o
                0x080145a0                HAL_RCC_GetPCLK1Freq
 .text.HAL_RCC_GetPCLK2Freq
                0x080145c8       0x28 ./Drivers/STM32F1xx_HAL_Driver/Src/stm32f1xx_hal_rcc.o
                0x080145c8                HAL_RCC_GetPCLK2Freq
 .text.RCC_Delay
                0x080145f0       0x3c ./Drivers/STM32F1xx_HAL_Driver/Src/stm32f1xx_hal_rcc.o
 .text.HAL_RCCEx_PeriphCLKConfig
                0x0801462c      0x264 ./Drivers/STM32F1xx_HAL_Driver/Src/stm32f1xx_hal_rcc_ex.o
                0x0801462c                HAL_RCCEx_PeriphCLKConfig
 .text.HAL_RCCEx_GetPeriphCLKFreq
                0x08014890      0x2a4 ./Drivers/STM32F1xx_HAL_Driver/Src/stm32f1xx_hal_rcc_ex.o
                0x08014890                HAL_RCCEx_GetPeriphCLKFreq
 .text.HAL_RTC_Init
                0x08014b34      0x118 ./Drivers/STM32F1xx_HAL_Driver/Src/stm32f1xx_hal_rtc.o
                0x08014b34                HAL_RTC_Init
 .text.HAL_RTC_SetTime
                0x08014c4c      0x12e ./Drivers/STM32F1xx_HAL_Driver/Src/stm32f1xx_hal_rtc.o
                0x08014c4c                HAL_RTC_SetTime
 *fill*         0x08014d7a        0x2 
 .text.HAL_RTC_SetDate
                0x08014d7c      0x16c ./Drivers/STM32F1xx_HAL_Driver/Src/stm32f1xx_hal_rtc.o
                0x08014d7c                HAL_RTC_SetDate
 .text.HAL_RTC_WaitForSynchro
                0x08014ee8       0x5a ./Drivers/STM32F1xx_HAL_Driver/Src/stm32f1xx_hal_rtc.o
                0x08014ee8                HAL_RTC_WaitForSynchro
 .text.RTC_ReadTimeCounter
                0x08014f42       0x60 ./Drivers/STM32F1xx_HAL_Driver/Src/stm32f1xx_hal_rtc.o
 .text.RTC_WriteTimeCounter
                0x08014fa2       0x4e ./Drivers/STM32F1xx_HAL_Driver/Src/stm32f1xx_hal_rtc.o
 .text.RTC_ReadAlarmCounter
                0x08014ff0       0x32 ./Drivers/STM32F1xx_HAL_Driver/Src/stm32f1xx_hal_rtc.o
 .text.RTC_WriteAlarmCounter
                0x08015022       0x4e ./Drivers/STM32F1xx_HAL_Driver/Src/stm32f1xx_hal_rtc.o
 .text.RTC_EnterInitMode
                0x08015070       0x50 ./Drivers/STM32F1xx_HAL_Driver/Src/stm32f1xx_hal_rtc.o
 .text.RTC_ExitInitMode
                0x080150c0       0x50 ./Drivers/STM32F1xx_HAL_Driver/Src/stm32f1xx_hal_rtc.o
 .text.RTC_Bcd2ToByte
                0x08015110       0x3a ./Drivers/STM32F1xx_HAL_Driver/Src/stm32f1xx_hal_rtc.o
 *fill*         0x0801514a        0x2 
 .text.RTC_WeekDayNum
                0x0801514c       0xf0 ./Drivers/STM32F1xx_HAL_Driver/Src/stm32f1xx_hal_rtc.o
 .text.HAL_RTCEx_SetSecond_IT
                0x0801523c       0x52 ./Drivers/STM32F1xx_HAL_Driver/Src/stm32f1xx_hal_rtc_ex.o
                0x0801523c                HAL_RTCEx_SetSecond_IT
 .text.HAL_RTCEx_RTCIRQHandler
                0x0801528e       0x6e ./Drivers/STM32F1xx_HAL_Driver/Src/stm32f1xx_hal_rtc_ex.o
                0x0801528e                HAL_RTCEx_RTCIRQHandler
 .text.HAL_RTCEx_RTCEventCallback
                0x080152fc       0x12 ./Drivers/STM32F1xx_HAL_Driver/Src/stm32f1xx_hal_rtc_ex.o
                0x080152fc                HAL_RTCEx_RTCEventCallback
 .text.HAL_RTCEx_RTCEventErrorCallback
                0x0801530e       0x12 ./Drivers/STM32F1xx_HAL_Driver/Src/stm32f1xx_hal_rtc_ex.o
                0x0801530e                HAL_RTCEx_RTCEventErrorCallback
 .text.HAL_SPI_Init
                0x08015320      0x108 ./Drivers/STM32F1xx_HAL_Driver/Src/stm32f1xx_hal_spi.o
                0x08015320                HAL_SPI_Init
 .text.HAL_SPI_Transmit
                0x08015428      0x288 ./Drivers/STM32F1xx_HAL_Driver/Src/stm32f1xx_hal_spi.o
                0x08015428                HAL_SPI_Transmit
 .text.SPI_WaitFlagStateUntilTimeout
                0x080156b0      0x110 ./Drivers/STM32F1xx_HAL_Driver/Src/stm32f1xx_hal_spi.o
 .text.SPI_EndRxTxTransaction
                0x080157c0       0x62 ./Drivers/STM32F1xx_HAL_Driver/Src/stm32f1xx_hal_spi.o
 .text.HAL_TIM_PWM_Init
                0x08015822       0x9e ./Drivers/STM32F1xx_HAL_Driver/Src/stm32f1xx_hal_tim.o
                0x08015822                HAL_TIM_PWM_Init
 .text.HAL_TIM_PWM_Start
                0x080158c0      0x154 ./Drivers/STM32F1xx_HAL_Driver/Src/stm32f1xx_hal_tim.o
                0x080158c0                HAL_TIM_PWM_Start
 .text.HAL_TIM_PWM_ConfigChannel
                0x08015a14      0x184 ./Drivers/STM32F1xx_HAL_Driver/Src/stm32f1xx_hal_tim.o
                0x08015a14                HAL_TIM_PWM_ConfigChannel
 .text.TIM_Base_SetConfig
                0x08015b98       0xf0 ./Drivers/STM32F1xx_HAL_Driver/Src/stm32f1xx_hal_tim.o
                0x08015b98                TIM_Base_SetConfig
 .text.TIM_OC1_SetConfig
                0x08015c88       0xcc ./Drivers/STM32F1xx_HAL_Driver/Src/stm32f1xx_hal_tim.o
 .text.TIM_OC2_SetConfig
                0x08015d54       0xd4 ./Drivers/STM32F1xx_HAL_Driver/Src/stm32f1xx_hal_tim.o
                0x08015d54                TIM_OC2_SetConfig
 .text.TIM_OC3_SetConfig
                0x08015e28       0xd4 ./Drivers/STM32F1xx_HAL_Driver/Src/stm32f1xx_hal_tim.o
 .text.TIM_OC4_SetConfig
                0x08015efc       0x9c ./Drivers/STM32F1xx_HAL_Driver/Src/stm32f1xx_hal_tim.o
 .text.TIM_CCxChannelCmd
                0x08015f98       0x48 ./Drivers/STM32F1xx_HAL_Driver/Src/stm32f1xx_hal_tim.o
                0x08015f98                TIM_CCxChannelCmd
 .text.HAL_TIMEx_MasterConfigSynchronization
                0x08015fe0       0xcc ./Drivers/STM32F1xx_HAL_Driver/Src/stm32f1xx_hal_tim_ex.o
                0x08015fe0                HAL_TIMEx_MasterConfigSynchronization
 .text.HAL_TIMEx_ConfigBreakDeadTime
                0x080160ac       0xa2 ./Drivers/STM32F1xx_HAL_Driver/Src/stm32f1xx_hal_tim_ex.o
                0x080160ac                HAL_TIMEx_ConfigBreakDeadTime
 .text.HAL_UART_Init
                0x0801614e       0xa0 ./Drivers/STM32F1xx_HAL_Driver/Src/stm32f1xx_hal_uart.o
                0x0801614e                HAL_UART_Init
 .text.HAL_UART_DeInit
                0x080161ee       0x64 ./Drivers/STM32F1xx_HAL_Driver/Src/stm32f1xx_hal_uart.o
                0x080161ee                HAL_UART_DeInit
 .text.HAL_UART_Transmit
                0x08016252      0x116 ./Drivers/STM32F1xx_HAL_Driver/Src/stm32f1xx_hal_uart.o
                0x08016252                HAL_UART_Transmit
 .text.HAL_UART_Transmit_IT
                0x08016368       0x6a ./Drivers/STM32F1xx_HAL_Driver/Src/stm32f1xx_hal_uart.o
                0x08016368                HAL_UART_Transmit_IT
 .text.HAL_UART_Receive_DMA
                0x080163d2       0x4a ./Drivers/STM32F1xx_HAL_Driver/Src/stm32f1xx_hal_uart.o
                0x080163d2                HAL_UART_Receive_DMA
 .text.HAL_UART_DMAStop
                0x0801641c       0xfe ./Drivers/STM32F1xx_HAL_Driver/Src/stm32f1xx_hal_uart.o
                0x0801641c                HAL_UART_DMAStop
 *fill*         0x0801651a        0x2 
 .text.HAL_UART_IRQHandler
                0x0801651c      0x524 ./Drivers/STM32F1xx_HAL_Driver/Src/stm32f1xx_hal_uart.o
                0x0801651c                HAL_UART_IRQHandler
 .text.HAL_UART_TxCpltCallback
                0x08016a40       0x12 ./Drivers/STM32F1xx_HAL_Driver/Src/stm32f1xx_hal_uart.o
                0x08016a40                HAL_UART_TxCpltCallback
 .text.HAL_UART_RxCpltCallback
                0x08016a52       0x12 ./Drivers/STM32F1xx_HAL_Driver/Src/stm32f1xx_hal_uart.o
                0x08016a52                HAL_UART_RxCpltCallback
 .text.HAL_UART_RxHalfCpltCallback
                0x08016a64       0x12 ./Drivers/STM32F1xx_HAL_Driver/Src/stm32f1xx_hal_uart.o
                0x08016a64                HAL_UART_RxHalfCpltCallback
 .text.HAL_UART_ErrorCallback
                0x08016a76       0x12 ./Drivers/STM32F1xx_HAL_Driver/Src/stm32f1xx_hal_uart.o
                0x08016a76                HAL_UART_ErrorCallback
 .text.HAL_UARTEx_RxEventCallback
                0x08016a88       0x16 ./Drivers/STM32F1xx_HAL_Driver/Src/stm32f1xx_hal_uart.o
                0x08016a88                HAL_UARTEx_RxEventCallback
 .text.UART_DMAReceiveCplt
                0x08016a9e      0x12c ./Drivers/STM32F1xx_HAL_Driver/Src/stm32f1xx_hal_uart.o
 .text.UART_DMARxHalfCplt
                0x08016bca       0x3c ./Drivers/STM32F1xx_HAL_Driver/Src/stm32f1xx_hal_uart.o
 .text.UART_DMAError
                0x08016c06       0x94 ./Drivers/STM32F1xx_HAL_Driver/Src/stm32f1xx_hal_uart.o
 .text.UART_WaitOnFlagUntilTimeout
                0x08016c9a       0xb2 ./Drivers/STM32F1xx_HAL_Driver/Src/stm32f1xx_hal_uart.o
 .text.UART_Start_Receive_DMA
                0x08016d4c      0x134 ./Drivers/STM32F1xx_HAL_Driver/Src/stm32f1xx_hal_uart.o
                0x08016d4c                UART_Start_Receive_DMA
 .text.UART_EndTxTransfer
                0x08016e80       0x4e ./Drivers/STM32F1xx_HAL_Driver/Src/stm32f1xx_hal_uart.o
 .text.UART_EndRxTransfer
                0x08016ece       0xc4 ./Drivers/STM32F1xx_HAL_Driver/Src/stm32f1xx_hal_uart.o
 .text.UART_DMAAbortOnError
                0x08016f92       0x28 ./Drivers/STM32F1xx_HAL_Driver/Src/stm32f1xx_hal_uart.o
 .text.UART_Transmit_IT
                0x08016fba       0x9e ./Drivers/STM32F1xx_HAL_Driver/Src/stm32f1xx_hal_uart.o
 .text.UART_EndTransmit_IT
                0x08017058       0x30 ./Drivers/STM32F1xx_HAL_Driver/Src/stm32f1xx_hal_uart.o
 .text.UART_Receive_IT
                0x08017088      0x17c ./Drivers/STM32F1xx_HAL_Driver/Src/stm32f1xx_hal_uart.o
 .text.UART_SetConfig
                0x08017204      0x11c ./Drivers/STM32F1xx_HAL_Driver/Src/stm32f1xx_hal_uart.o
 .text.sprintf  0x08017320       0x44 C:/ST/STM32CubeIDE_1.17.0/STM32CubeIDE/plugins/com.st.stm32cube.ide.mcu.externaltools.gnu-tools-for-stm32.13.3.rel1.win32_1.0.0.202411081344/tools/bin/../lib/gcc/arm-none-eabi/13.3.1/../../../../arm-none-eabi/lib/thumb/v7-m/nofp\libc_nano.a(libc_a-sprintf.o)
                0x08017320                siprintf
                0x08017320                sprintf
 .text.memset   0x08017364       0x10 C:/ST/STM32CubeIDE_1.17.0/STM32CubeIDE/plugins/com.st.stm32cube.ide.mcu.externaltools.gnu-tools-for-stm32.13.3.rel1.win32_1.0.0.202411081344/tools/bin/../lib/gcc/arm-none-eabi/13.3.1/../../../../arm-none-eabi/lib/thumb/v7-m/nofp\libc_nano.a(libc_a-memset.o)
                0x08017364                memset
 .text.__errno  0x08017374        0xc C:/ST/STM32CubeIDE_1.17.0/STM32CubeIDE/plugins/com.st.stm32cube.ide.mcu.externaltools.gnu-tools-for-stm32.13.3.rel1.win32_1.0.0.202411081344/tools/bin/../lib/gcc/arm-none-eabi/13.3.1/../../../../arm-none-eabi/lib/thumb/v7-m/nofp\libc_nano.a(libc_a-errno.o)
                0x08017374                __errno
 .text.__libc_init_array
                0x08017380       0x48 C:/ST/STM32CubeIDE_1.17.0/STM32CubeIDE/plugins/com.st.stm32cube.ide.mcu.externaltools.gnu-tools-for-stm32.13.3.rel1.win32_1.0.0.202411081344/tools/bin/../lib/gcc/arm-none-eabi/13.3.1/../../../../arm-none-eabi/lib/thumb/v7-m/nofp\libc_nano.a(libc_a-init.o)
                0x08017380                __libc_init_array
 .text.__retarget_lock_acquire_recursive
                0x080173c8        0x2 C:/ST/STM32CubeIDE_1.17.0/STM32CubeIDE/plugins/com.st.stm32cube.ide.mcu.externaltools.gnu-tools-for-stm32.13.3.rel1.win32_1.0.0.202411081344/tools/bin/../lib/gcc/arm-none-eabi/13.3.1/../../../../arm-none-eabi/lib/thumb/v7-m/nofp\libc_nano.a(libc_a-lock.o)
                0x080173c8                __retarget_lock_acquire_recursive
 .text.__retarget_lock_release_recursive
                0x080173ca        0x2 C:/ST/STM32CubeIDE_1.17.0/STM32CubeIDE/plugins/com.st.stm32cube.ide.mcu.externaltools.gnu-tools-for-stm32.13.3.rel1.win32_1.0.0.202411081344/tools/bin/../lib/gcc/arm-none-eabi/13.3.1/../../../../arm-none-eabi/lib/thumb/v7-m/nofp\libc_nano.a(libc_a-lock.o)
                0x080173ca                __retarget_lock_release_recursive
 .text.memcpy   0x080173cc       0x1c C:/ST/STM32CubeIDE_1.17.0/STM32CubeIDE/plugins/com.st.stm32cube.ide.mcu.externaltools.gnu-tools-for-stm32.13.3.rel1.win32_1.0.0.202411081344/tools/bin/../lib/gcc/arm-none-eabi/13.3.1/../../../../arm-none-eabi/lib/thumb/v7-m/nofp\libc_nano.a(libc_a-memcpy-stub.o)
                0x080173cc                memcpy
 .text._free_r  0x080173e8       0x90 C:/ST/STM32CubeIDE_1.17.0/STM32CubeIDE/plugins/com.st.stm32cube.ide.mcu.externaltools.gnu-tools-for-stm32.13.3.rel1.win32_1.0.0.202411081344/tools/bin/../lib/gcc/arm-none-eabi/13.3.1/../../../../arm-none-eabi/lib/thumb/v7-m/nofp\libc_nano.a(libc_a-freer.o)
                0x080173e8                _free_r
 .text.sbrk_aligned
                0x08017478       0x44 C:/ST/STM32CubeIDE_1.17.0/STM32CubeIDE/plugins/com.st.stm32cube.ide.mcu.externaltools.gnu-tools-for-stm32.13.3.rel1.win32_1.0.0.202411081344/tools/bin/../lib/gcc/arm-none-eabi/13.3.1/../../../../arm-none-eabi/lib/thumb/v7-m/nofp\libc_nano.a(libc_a-mallocr.o)
 .text._malloc_r
                0x080174bc      0x100 C:/ST/STM32CubeIDE_1.17.0/STM32CubeIDE/plugins/com.st.stm32cube.ide.mcu.externaltools.gnu-tools-for-stm32.13.3.rel1.win32_1.0.0.202411081344/tools/bin/../lib/gcc/arm-none-eabi/13.3.1/../../../../arm-none-eabi/lib/thumb/v7-m/nofp\libc_nano.a(libc_a-mallocr.o)
                0x080174bc                _malloc_r
 .text.__malloc_lock
                0x080175bc        0xc C:/ST/STM32CubeIDE_1.17.0/STM32CubeIDE/plugins/com.st.stm32cube.ide.mcu.externaltools.gnu-tools-for-stm32.13.3.rel1.win32_1.0.0.202411081344/tools/bin/../lib/gcc/arm-none-eabi/13.3.1/../../../../arm-none-eabi/lib/thumb/v7-m/nofp\libc_nano.a(libc_a-mlock.o)
                0x080175bc                __malloc_lock
 .text.__malloc_unlock
                0x080175c8        0xc C:/ST/STM32CubeIDE_1.17.0/STM32CubeIDE/plugins/com.st.stm32cube.ide.mcu.externaltools.gnu-tools-for-stm32.13.3.rel1.win32_1.0.0.202411081344/tools/bin/../lib/gcc/arm-none-eabi/13.3.1/../../../../arm-none-eabi/lib/thumb/v7-m/nofp\libc_nano.a(libc_a-mlock.o)
                0x080175c8                __malloc_unlock
 .text.__ssputs_r
                0x080175d4       0xb6 C:/ST/STM32CubeIDE_1.17.0/STM32CubeIDE/plugins/com.st.stm32cube.ide.mcu.externaltools.gnu-tools-for-stm32.13.3.rel1.win32_1.0.0.202411081344/tools/bin/../lib/gcc/arm-none-eabi/13.3.1/../../../../arm-none-eabi/lib/thumb/v7-m/nofp\libc_nano.a(libc_a-nano-svfprintf.o)
                0x080175d4                __ssputs_r
 *fill*         0x0801768a        0x2 
 .text._svfprintf_r
                0x0801768c      0x1f8 C:/ST/STM32CubeIDE_1.17.0/STM32CubeIDE/plugins/com.st.stm32cube.ide.mcu.externaltools.gnu-tools-for-stm32.13.3.rel1.win32_1.0.0.202411081344/tools/bin/../lib/gcc/arm-none-eabi/13.3.1/../../../../arm-none-eabi/lib/thumb/v7-m/nofp\libc_nano.a(libc_a-nano-svfprintf.o)
                0x0801768c                _svfiprintf_r
                0x0801768c                _svfprintf_r
 .text._printf_common
                0x08017884       0xe4 C:/ST/STM32CubeIDE_1.17.0/STM32CubeIDE/plugins/com.st.stm32cube.ide.mcu.externaltools.gnu-tools-for-stm32.13.3.rel1.win32_1.0.0.202411081344/tools/bin/../lib/gcc/arm-none-eabi/13.3.1/../../../../arm-none-eabi/lib/thumb/v7-m/nofp\libc_nano.a(libc_a-nano-vfprintf_i.o)
                0x08017884                _printf_common
 .text._printf_i
                0x08017968      0x23c C:/ST/STM32CubeIDE_1.17.0/STM32CubeIDE/plugins/com.st.stm32cube.ide.mcu.externaltools.gnu-tools-for-stm32.13.3.rel1.win32_1.0.0.202411081344/tools/bin/../lib/gcc/arm-none-eabi/13.3.1/../../../../arm-none-eabi/lib/thumb/v7-m/nofp\libc_nano.a(libc_a-nano-vfprintf_i.o)
                0x08017968                _printf_i
 .text.memmove  0x08017ba4       0x34 C:/ST/STM32CubeIDE_1.17.0/STM32CubeIDE/plugins/com.st.stm32cube.ide.mcu.externaltools.gnu-tools-for-stm32.13.3.rel1.win32_1.0.0.202411081344/tools/bin/../lib/gcc/arm-none-eabi/13.3.1/../../../../arm-none-eabi/lib/thumb/v7-m/nofp\libc_nano.a(libc_a-memmove.o)
                0x08017ba4                memmove
 .text._sbrk_r  0x08017bd8       0x20 C:/ST/STM32CubeIDE_1.17.0/STM32CubeIDE/plugins/com.st.stm32cube.ide.mcu.externaltools.gnu-tools-for-stm32.13.3.rel1.win32_1.0.0.202411081344/tools/bin/../lib/gcc/arm-none-eabi/13.3.1/../../../../arm-none-eabi/lib/thumb/v7-m/nofp\libc_nano.a(libc_a-sbrkr.o)
                0x08017bd8                _sbrk_r
 .text.memchr   0x08017bf8       0x1c C:/ST/STM32CubeIDE_1.17.0/STM32CubeIDE/plugins/com.st.stm32cube.ide.mcu.externaltools.gnu-tools-for-stm32.13.3.rel1.win32_1.0.0.202411081344/tools/bin/../lib/gcc/arm-none-eabi/13.3.1/../../../../arm-none-eabi/lib/thumb/v7-m/nofp\libc_nano.a(libc_a-memchr-stub.o)
                0x08017bf8                memchr
 .text._realloc_r
                0x08017c14       0x5c C:/ST/STM32CubeIDE_1.17.0/STM32CubeIDE/plugins/com.st.stm32cube.ide.mcu.externaltools.gnu-tools-for-stm32.13.3.rel1.win32_1.0.0.202411081344/tools/bin/../lib/gcc/arm-none-eabi/13.3.1/../../../../arm-none-eabi/lib/thumb/v7-m/nofp\libc_nano.a(libc_a-reallocr.o)
                0x08017c14                _realloc_r
 .text._malloc_usable_size_r
                0x08017c70       0x10 C:/ST/STM32CubeIDE_1.17.0/STM32CubeIDE/plugins/com.st.stm32cube.ide.mcu.externaltools.gnu-tools-for-stm32.13.3.rel1.win32_1.0.0.202411081344/tools/bin/../lib/gcc/arm-none-eabi/13.3.1/../../../../arm-none-eabi/lib/thumb/v7-m/nofp\libc_nano.a(libc_a-msizer.o)
                0x08017c70                _malloc_usable_size_r
 .text.powf     0x08017c80       0x9a C:/ST/STM32CubeIDE_1.17.0/STM32CubeIDE/plugins/com.st.stm32cube.ide.mcu.externaltools.gnu-tools-for-stm32.13.3.rel1.win32_1.0.0.202411081344/tools/bin/../lib/gcc/arm-none-eabi/13.3.1/../../../../arm-none-eabi/lib/thumb/v7-m/nofp\libm.a(libm_a-wf_pow.o)
                0x08017c80                powf
 .text.finitef  0x08017d1a       0x10 C:/ST/STM32CubeIDE_1.17.0/STM32CubeIDE/plugins/com.st.stm32cube.ide.mcu.externaltools.gnu-tools-for-stm32.13.3.rel1.win32_1.0.0.202411081344/tools/bin/../lib/gcc/arm-none-eabi/13.3.1/../../../../arm-none-eabi/lib/thumb/v7-m/nofp\libm.a(libm_a-sf_finite.o)
                0x08017d1a                finitef
 *fill*         0x08017d2a        0x2 
 .text.__ieee754_powf
                0x08017d2c      0x6c0 C:/ST/STM32CubeIDE_1.17.0/STM32CubeIDE/plugins/com.st.stm32cube.ide.mcu.externaltools.gnu-tools-for-stm32.13.3.rel1.win32_1.0.0.202411081344/tools/bin/../lib/gcc/arm-none-eabi/13.3.1/../../../../arm-none-eabi/lib/thumb/v7-m/nofp\libm.a(libm_a-ef_pow.o)
                0x08017d2c                __ieee754_powf
 .text.fabsf    0x080183ec        0x6 C:/ST/STM32CubeIDE_1.17.0/STM32CubeIDE/plugins/com.st.stm32cube.ide.mcu.externaltools.gnu-tools-for-stm32.13.3.rel1.win32_1.0.0.202411081344/tools/bin/../lib/gcc/arm-none-eabi/13.3.1/../../../../arm-none-eabi/lib/thumb/v7-m/nofp\libm.a(libm_a-sf_fabs.o)
                0x080183ec                fabsf
 *fill*         0x080183f2        0x2 
 .text.scalbnf  0x080183f4       0x98 C:/ST/STM32CubeIDE_1.17.0/STM32CubeIDE/plugins/com.st.stm32cube.ide.mcu.externaltools.gnu-tools-for-stm32.13.3.rel1.win32_1.0.0.202411081344/tools/bin/../lib/gcc/arm-none-eabi/13.3.1/../../../../arm-none-eabi/lib/thumb/v7-m/nofp\libm.a(libm_a-sf_scalbn.o)
                0x080183f4                scalbnf
 .text.with_errnof
                0x0801848c       0x10 C:/ST/STM32CubeIDE_1.17.0/STM32CubeIDE/plugins/com.st.stm32cube.ide.mcu.externaltools.gnu-tools-for-stm32.13.3.rel1.win32_1.0.0.202411081344/tools/bin/../lib/gcc/arm-none-eabi/13.3.1/../../../../arm-none-eabi/lib/thumb/v7-m/nofp\libm.a(libm_a-math_errf.o)
 .text.xflowf   0x0801849c       0x1a C:/ST/STM32CubeIDE_1.17.0/STM32CubeIDE/plugins/com.st.stm32cube.ide.mcu.externaltools.gnu-tools-for-stm32.13.3.rel1.win32_1.0.0.202411081344/tools/bin/../lib/gcc/arm-none-eabi/13.3.1/../../../../arm-none-eabi/lib/thumb/v7-m/nofp\libm.a(libm_a-math_errf.o)
 .text.__math_uflowf
                0x080184b6        0x8 C:/ST/STM32CubeIDE_1.17.0/STM32CubeIDE/plugins/com.st.stm32cube.ide.mcu.externaltools.gnu-tools-for-stm32.13.3.rel1.win32_1.0.0.202411081344/tools/bin/../lib/gcc/arm-none-eabi/13.3.1/../../../../arm-none-eabi/lib/thumb/v7-m/nofp\libm.a(libm_a-math_errf.o)
                0x080184b6                __math_uflowf
 .text.__math_oflowf
                0x080184be        0x8 C:/ST/STM32CubeIDE_1.17.0/STM32CubeIDE/plugins/com.st.stm32cube.ide.mcu.externaltools.gnu-tools-for-stm32.13.3.rel1.win32_1.0.0.202411081344/tools/bin/../lib/gcc/arm-none-eabi/13.3.1/../../../../arm-none-eabi/lib/thumb/v7-m/nofp\libm.a(libm_a-math_errf.o)
                0x080184be                __math_oflowf
 *fill*         0x080184c6        0x2 
 .text.__ieee754_sqrtf
                0x080184c8       0xe0 C:/ST/STM32CubeIDE_1.17.0/STM32CubeIDE/plugins/com.st.stm32cube.ide.mcu.externaltools.gnu-tools-for-stm32.13.3.rel1.win32_1.0.0.202411081344/tools/bin/../lib/gcc/arm-none-eabi/13.3.1/../../../../arm-none-eabi/lib/thumb/v7-m/nofp\libm.a(libm_a-ef_sqrt.o)
                0x080184c8                __ieee754_sqrtf
 *(.glue_7)
 .glue_7        0x080185a8        0x0 linker stubs
 *(.glue_7t)
 .glue_7t       0x080185a8        0x0 linker stubs
 *(.eh_frame)
 .eh_frame      0x080185a8        0x0 C:/ST/STM32CubeIDE_1.17.0/STM32CubeIDE/plugins/com.st.stm32cube.ide.mcu.externaltools.gnu-tools-for-stm32.13.3.rel1.win32_1.0.0.202411081344/tools/bin/../lib/gcc/arm-none-eabi/13.3.1/thumb/v7-m/nofp/crtbegin.o
 *(.init)
 .init          0x080185a8        0x4 C:/ST/STM32CubeIDE_1.17.0/STM32CubeIDE/plugins/com.st.stm32cube.ide.mcu.externaltools.gnu-tools-for-stm32.13.3.rel1.win32_1.0.0.202411081344/tools/bin/../lib/gcc/arm-none-eabi/13.3.1/thumb/v7-m/nofp/crti.o
                0x080185a8                _init
 .init          0x080185ac        0x8 C:/ST/STM32CubeIDE_1.17.0/STM32CubeIDE/plugins/com.st.stm32cube.ide.mcu.externaltools.gnu-tools-for-stm32.13.3.rel1.win32_1.0.0.202411081344/tools/bin/../lib/gcc/arm-none-eabi/13.3.1/thumb/v7-m/nofp/crtn.o
 *(.fini)
 .fini          0x080185b4        0x4 C:/ST/STM32CubeIDE_1.17.0/STM32CubeIDE/plugins/com.st.stm32cube.ide.mcu.externaltools.gnu-tools-for-stm32.13.3.rel1.win32_1.0.0.202411081344/tools/bin/../lib/gcc/arm-none-eabi/13.3.1/thumb/v7-m/nofp/crti.o
                0x080185b4                _fini
 .fini          0x080185b8        0x8 C:/ST/STM32CubeIDE_1.17.0/STM32CubeIDE/plugins/com.st.stm32cube.ide.mcu.externaltools.gnu-tools-for-stm32.13.3.rel1.win32_1.0.0.202411081344/tools/bin/../lib/gcc/arm-none-eabi/13.3.1/thumb/v7-m/nofp/crtn.o
                0x080185c0                        . = ALIGN (0x4)
                0x080185c0                        _etext = .

.vfp11_veneer   0x080185c0        0x0
 .vfp11_veneer  0x080185c0        0x0 linker stubs

.v4_bx          0x080185c0        0x0
 .v4_bx         0x080185c0        0x0 linker stubs

.iplt           0x080185c0        0x0
 .iplt          0x080185c0        0x0 C:/ST/STM32CubeIDE_1.17.0/STM32CubeIDE/plugins/com.st.stm32cube.ide.mcu.externaltools.gnu-tools-for-stm32.13.3.rel1.win32_1.0.0.202411081344/tools/bin/../lib/gcc/arm-none-eabi/13.3.1/thumb/v7-m/nofp/crtbegin.o

.rodata         0x080185c0      0xa38
                0x080185c0                        . = ALIGN (0x4)
 *(.rodata)
 .rodata        0x080185c0      0x570 ./Core/Src/Bluetooth_Process.o
 .rodata        0x08018b30      0x1e8 ./Core/Src/DWIN_Process.o
 .rodata        0x08018d18       0x58 ./Core/Src/EEPROM_Process.o
 .rodata        0x08018d70        0x9 ./Core/Src/SEGGER_RTT.o
 *fill*         0x08018d79        0x3 
 .rodata        0x08018d7c       0x1d ./Core/Src/Temperature_Process.o
 *fill*         0x08018d99        0x3 
 .rodata        0x08018d9c       0x34 ./Core/Src/furnace_pid.o
 .rodata        0x08018dd0      0x105 ./Core/Src/main.o
 *fill*         0x08018ed5        0x3 
 .rodata        0x08018ed8       0x4e ./Core/Src/stm32f1xx_it.o
 *(.rodata*)
 *fill*         0x08018f26        0x2 
 .rodata._aInitStr.0
                0x08018f28       0x11 ./Core/Src/SEGGER_RTT.o
 *fill*         0x08018f39        0x3 
 .rodata._aV2C.0
                0x08018f3c       0x10 ./Core/Src/SEGGER_RTT_printf.o
 .rodata.AHBPrescTable
                0x08018f4c       0x10 ./Core/Src/system_stm32f1xx.o
                0x08018f4c                AHBPrescTable
 .rodata.APBPrescTable
                0x08018f5c        0x8 ./Core/Src/system_stm32f1xx.o
                0x08018f5c                APBPrescTable
 .rodata.aPLLMULFactorTable.1
                0x08018f64        0xe ./Drivers/STM32F1xx_HAL_Driver/Src/stm32f1xx_hal_rcc.o
 *fill*         0x08018f72        0x2 
 .rodata.aPredivFactorTable.0
                0x08018f74       0x10 ./Drivers/STM32F1xx_HAL_Driver/Src/stm32f1xx_hal_rcc.o
 .rodata.aPLLMULFactorTable.1
                0x08018f84        0xe ./Drivers/STM32F1xx_HAL_Driver/Src/stm32f1xx_hal_rcc_ex.o
 *fill*         0x08018f92        0x2 
 .rodata.aPredivFactorTable.0
                0x08018f94       0x10 ./Drivers/STM32F1xx_HAL_Driver/Src/stm32f1xx_hal_rcc_ex.o
 .rodata._svfprintf_r.str1.1
                0x08018fa4       0x33 C:/ST/STM32CubeIDE_1.17.0/STM32CubeIDE/plugins/com.st.stm32cube.ide.mcu.externaltools.gnu-tools-for-stm32.13.3.rel1.win32_1.0.0.202411081344/tools/bin/../lib/gcc/arm-none-eabi/13.3.1/../../../../arm-none-eabi/lib/thumb/v7-m/nofp\libc_nano.a(libc_a-nano-svfprintf.o)
                                 0x11 (size before relaxing)
 .rodata._printf_i.str1.1
                0x08018fd7       0x22 C:/ST/STM32CubeIDE_1.17.0/STM32CubeIDE/plugins/com.st.stm32cube.ide.mcu.externaltools.gnu-tools-for-stm32.13.3.rel1.win32_1.0.0.202411081344/tools/bin/../lib/gcc/arm-none-eabi/13.3.1/../../../../arm-none-eabi/lib/thumb/v7-m/nofp\libc_nano.a(libc_a-nano-vfprintf_i.o)
 *fill*         0x08018fd7        0x1 
 .rodata.dp_l   0x08018fd8        0x8 C:/ST/STM32CubeIDE_1.17.0/STM32CubeIDE/plugins/com.st.stm32cube.ide.mcu.externaltools.gnu-tools-for-stm32.13.3.rel1.win32_1.0.0.202411081344/tools/bin/../lib/gcc/arm-none-eabi/13.3.1/../../../../arm-none-eabi/lib/thumb/v7-m/nofp\libm.a(libm_a-ef_pow.o)
 .rodata.dp_h   0x08018fe0        0x8 C:/ST/STM32CubeIDE_1.17.0/STM32CubeIDE/plugins/com.st.stm32cube.ide.mcu.externaltools.gnu-tools-for-stm32.13.3.rel1.win32_1.0.0.202411081344/tools/bin/../lib/gcc/arm-none-eabi/13.3.1/../../../../arm-none-eabi/lib/thumb/v7-m/nofp\libm.a(libm_a-ef_pow.o)
 .rodata.bp     0x08018fe8        0x8 C:/ST/STM32CubeIDE_1.17.0/STM32CubeIDE/plugins/com.st.stm32cube.ide.mcu.externaltools.gnu-tools-for-stm32.13.3.rel1.win32_1.0.0.202411081344/tools/bin/../lib/gcc/arm-none-eabi/13.3.1/../../../../arm-none-eabi/lib/thumb/v7-m/nofp\libm.a(libm_a-ef_pow.o)
 .rodata.tiny   0x08018ff0        0x4 C:/ST/STM32CubeIDE_1.17.0/STM32CubeIDE/plugins/com.st.stm32cube.ide.mcu.externaltools.gnu-tools-for-stm32.13.3.rel1.win32_1.0.0.202411081344/tools/bin/../lib/gcc/arm-none-eabi/13.3.1/../../../../arm-none-eabi/lib/thumb/v7-m/nofp\libm.a(libm_a-ef_sqrt.o)
 .rodata.one    0x08018ff4        0x4 C:/ST/STM32CubeIDE_1.17.0/STM32CubeIDE/plugins/com.st.stm32cube.ide.mcu.externaltools.gnu-tools-for-stm32.13.3.rel1.win32_1.0.0.202411081344/tools/bin/../lib/gcc/arm-none-eabi/13.3.1/../../../../arm-none-eabi/lib/thumb/v7-m/nofp\libm.a(libm_a-ef_sqrt.o)
                0x08018ff8                        . = ALIGN (0x4)

.ARM.extab      0x08018ff8        0x0
                0x08018ff8                        . = ALIGN (0x4)
 *(.ARM.extab* .gnu.linkonce.armextab.*)
                0x08018ff8                        . = ALIGN (0x4)

.ARM            0x08018ff8        0x8
                0x08018ff8                        . = ALIGN (0x4)
                0x08018ff8                        __exidx_start = .
 *(.ARM.exidx*)
 .ARM.exidx     0x08018ff8        0x8 C:/ST/STM32CubeIDE_1.17.0/STM32CubeIDE/plugins/com.st.stm32cube.ide.mcu.externaltools.gnu-tools-for-stm32.13.3.rel1.win32_1.0.0.202411081344/tools/bin/../lib/gcc/arm-none-eabi/13.3.1/thumb/v7-m/nofp\libgcc.a(_udivmoddi4.o)
                0x08019000                        __exidx_end = .
                0x08019000                        . = ALIGN (0x4)

.preinit_array  0x08019000        0x0
                0x08019000                        . = ALIGN (0x4)
                0x08019000                        PROVIDE (__preinit_array_start = .)
 *(.preinit_array*)
                0x08019000                        PROVIDE (__preinit_array_end = .)
                0x08019000                        . = ALIGN (0x4)

.init_array     0x08019000        0x4
                0x08019000                        . = ALIGN (0x4)
                0x08019000                        PROVIDE (__init_array_start = .)
 *(SORT_BY_NAME(.init_array.*))
 *(.init_array*)
 .init_array    0x08019000        0x4 C:/ST/STM32CubeIDE_1.17.0/STM32CubeIDE/plugins/com.st.stm32cube.ide.mcu.externaltools.gnu-tools-for-stm32.13.3.rel1.win32_1.0.0.202411081344/tools/bin/../lib/gcc/arm-none-eabi/13.3.1/thumb/v7-m/nofp/crtbegin.o
                0x08019004                        PROVIDE (__init_array_end = .)
                0x08019004                        . = ALIGN (0x4)

.fini_array     0x08019004        0x4
                0x08019004                        . = ALIGN (0x4)
                [!provide]                        PROVIDE (__fini_array_start = .)
 *(SORT_BY_NAME(.fini_array.*))
 *(.fini_array*)
 .fini_array    0x08019004        0x4 C:/ST/STM32CubeIDE_1.17.0/STM32CubeIDE/plugins/com.st.stm32cube.ide.mcu.externaltools.gnu-tools-for-stm32.13.3.rel1.win32_1.0.0.202411081344/tools/bin/../lib/gcc/arm-none-eabi/13.3.1/thumb/v7-m/nofp/crtbegin.o
                [!provide]                        PROVIDE (__fini_array_end = .)
                0x08019008                        . = ALIGN (0x4)
                0x08019008                        _sidata = LOADADDR (.data)

.rel.dyn        0x08019008        0x0
 .rel.iplt      0x08019008        0x0 C:/ST/STM32CubeIDE_1.17.0/STM32CubeIDE/plugins/com.st.stm32cube.ide.mcu.externaltools.gnu-tools-for-stm32.13.3.rel1.win32_1.0.0.202411081344/tools/bin/../lib/gcc/arm-none-eabi/13.3.1/thumb/v7-m/nofp/crtbegin.o

.data           0x20000000       0x9c load address 0x08019008
                0x20000000                        . = ALIGN (0x4)
                0x20000000                        _sdata = .
 *(.data)
 *(.data*)
 .data.alarmBuzzerPeriod
                0x20000000        0x2 ./Core/Src/DWIN_Process.o
                0x20000000                alarmBuzzerPeriod
 .data.eepromStatus
                0x20000002        0x1 ./Core/Src/EEPROM_Process.o
                0x20000002                eepromStatus
 *fill*         0x20000003        0x1 
 .data.eepromAddrTable
                0x20000004       0x1e ./Core/Src/EEPROM_Process.o
                0x20000004                eepromAddrTable
 *fill*         0x20000022        0x6 
 .data.DAC_MAX  0x20000028        0x8 ./Core/Src/furnace_pid.o
                0x20000028                DAC_MAX
 .data.PID_KP   0x20000030        0x8 ./Core/Src/furnace_pid.o
                0x20000030                PID_KP
 .data.PID_KI   0x20000038        0x8 ./Core/Src/furnace_pid.o
                0x20000038                PID_KI
 .data.SystemCoreClock
                0x20000040        0x4 ./Core/Src/system_stm32f1xx.o
                0x20000040                SystemCoreClock
 .data.uwTickPrio
                0x20000044        0x4 ./Drivers/STM32F1xx_HAL_Driver/Src/stm32f1xx_hal.o
                0x20000044                uwTickPrio
 .data.uwTickFreq
                0x20000048        0x1 ./Drivers/STM32F1xx_HAL_Driver/Src/stm32f1xx_hal.o
                0x20000048                uwTickFreq
 *fill*         0x20000049        0x3 
 .data._impure_ptr
                0x2000004c        0x4 C:/ST/STM32CubeIDE_1.17.0/STM32CubeIDE/plugins/com.st.stm32cube.ide.mcu.externaltools.gnu-tools-for-stm32.13.3.rel1.win32_1.0.0.202411081344/tools/bin/../lib/gcc/arm-none-eabi/13.3.1/../../../../arm-none-eabi/lib/thumb/v7-m/nofp\libc_nano.a(libc_a-impure.o)
                0x2000004c                _impure_ptr
 .data._impure_data
                0x20000050       0x4c C:/ST/STM32CubeIDE_1.17.0/STM32CubeIDE/plugins/com.st.stm32cube.ide.mcu.externaltools.gnu-tools-for-stm32.13.3.rel1.win32_1.0.0.202411081344/tools/bin/../lib/gcc/arm-none-eabi/13.3.1/../../../../arm-none-eabi/lib/thumb/v7-m/nofp\libc_nano.a(libc_a-impure.o)
                0x20000050                _impure_data
 *(.RamFunc)
 *(.RamFunc*)
                0x2000009c                        . = ALIGN (0x4)
                0x2000009c                        _edata = .

.igot.plt       0x2000009c        0x0 load address 0x080190a4
 .igot.plt      0x2000009c        0x0 C:/ST/STM32CubeIDE_1.17.0/STM32CubeIDE/plugins/com.st.stm32cube.ide.mcu.externaltools.gnu-tools-for-stm32.13.3.rel1.win32_1.0.0.202411081344/tools/bin/../lib/gcc/arm-none-eabi/13.3.1/thumb/v7-m/nofp/crtbegin.o
                0x2000009c                        . = ALIGN (0x4)

.bss            0x200000a0     0x75a8 load address 0x080190a4
                0x200000a0                        _sbss = .
                0x200000a0                        __bss_start__ = _sbss
 *(.bss)
 .bss           0x200000a0       0x1c C:/ST/STM32CubeIDE_1.17.0/STM32CubeIDE/plugins/com.st.stm32cube.ide.mcu.externaltools.gnu-tools-for-stm32.13.3.rel1.win32_1.0.0.202411081344/tools/bin/../lib/gcc/arm-none-eabi/13.3.1/thumb/v7-m/nofp/crtbegin.o
 *(.bss*)
 .bss.ESP32_writeData
                0x200000bc       0xc8 ./Core/Src/Bluetooth_Process.o
                0x200000bc                ESP32_writeData
 .bss.ESP32_writeAmountAddress
                0x20000184        0x2 ./Core/Src/Bluetooth_Process.o
                0x20000184                ESP32_writeAmountAddress
 .bss.ESP32_writeAddress
                0x20000186        0x2 ./Core/Src/Bluetooth_Process.o
                0x20000186                ESP32_writeAddress
 .bss.esp32_txBuffer
                0x20000188       0xff ./Core/Src/Bluetooth_Process.o
                0x20000188                esp32_txBuffer
 .bss.stm32RequestReadyCheck
                0x20000287        0x1 ./Core/Src/Bluetooth_Process.o
                0x20000287                stm32RequestReadyCheck
 .bss.stm32RequestReadyCheckCounter
                0x20000288        0x2 ./Core/Src/Bluetooth_Process.o
                0x20000288                stm32RequestReadyCheckCounter
 .bss.stm32RequestFlag
                0x2000028a        0x1 ./Core/Src/Bluetooth_Process.o
                0x2000028a                stm32RequestFlag
 *fill*         0x2000028b        0x1 
 .bss.stm32RequestData
                0x2000028c       0xc8 ./Core/Src/Bluetooth_Process.o
                0x2000028c                stm32RequestData
 .bss.stm32RequestAddr
                0x20000354        0x2 ./Core/Src/Bluetooth_Process.o
                0x20000354                stm32RequestAddr
 .bss.stm32RequestLength
                0x20000356        0x1 ./Core/Src/Bluetooth_Process.o
                0x20000356                stm32RequestLength
 *fill*         0x20000357        0x1 
 .bss.stm32RequestPeriodTick
                0x20000358        0x4 ./Core/Src/Bluetooth_Process.o
                0x20000358                stm32RequestPeriodTick
 .bss.receteDuzenlemeAdr
                0x2000035c        0x2 ./Core/Src/Bluetooth_Process.o
                0x2000035c                receteDuzenlemeAdr
 *fill*         0x2000035e        0x2 
 .bss.counterTick
                0x20000360       0x40 ./Core/Src/DWIN_Process.o
                0x20000360                counterTick
 .bss.registerTable
                0x200003a0     0x6590 ./Core/Src/DWIN_Process.o
                0x200003a0                registerTable
 .bss.DwinAlarmFlag
                0x20006930        0x1 ./Core/Src/DWIN_Process.o
                0x20006930                DwinAlarmFlag
 .bss.DwinAlarmBuzzer
                0x20006931        0x1 ./Core/Src/DWIN_Process.o
                0x20006931                DwinAlarmBuzzer
 .bss.wrongmsg_flag
                0x20006932        0x1 ./Core/Src/DWIN_Process.o
                0x20006932                wrongmsg_flag
 *fill*         0x20006933        0x1 
 .bss.wrongmsg_buffer
                0x20006934       0x14 ./Core/Src/DWIN_Process.o
                0x20006934                wrongmsg_buffer
 .bss.islemdekiRecete
                0x20006948        0x2 ./Core/Src/DWIN_Process.o
                0x20006948                islemdekiRecete
 *fill*         0x2000694a        0x2 
 .bss.conveyor_freq
                0x2000694c        0x4 ./Core/Src/DWIN_Process.o
                0x2000694c                conveyor_freq
 .bss.start_freq
                0x20006950        0x4 ./Core/Src/DWIN_Process.o
                0x20006950                start_freq
 .bss.target_freq
                0x20006954        0x4 ./Core/Src/DWIN_Process.o
                0x20006954                target_freq
 .bss.current_freq
                0x20006958        0x4 ./Core/Src/DWIN_Process.o
                0x20006958                current_freq
 .bss.tick_counter
                0x2000695c        0x2 ./Core/Src/DWIN_Process.o
                0x2000695c                tick_counter
 .bss.current_duty
                0x2000695e        0x1 ./Core/Src/DWIN_Process.o
                0x2000695e                current_duty
 .bss.is_transitioning
                0x2000695f        0x1 ./Core/Src/DWIN_Process.o
                0x2000695f                is_transitioning
 .bss.dwin_check_counter
                0x20006960        0x1 ./Core/Src/DWIN_Process.o
 *fill*         0x20006961        0x3 
 .bss.outputData
                0x20006964        0x4 ./Core/Src/InOut_Process.o
                0x20006964                outputData
 .bss.brulor_ariza_resetleme_gormgelme_check
                0x20006968        0x1 ./Core/Src/InOut_Process.o
                0x20006968                brulor_ariza_resetleme_gormgelme_check
 .bss.brulor_ariza_resetleme_gormgelme_cnt
                0x20006969        0x1 ./Core/Src/InOut_Process.o
                0x20006969                brulor_ariza_resetleme_gormgelme_cnt
 *fill*         0x2000696a        0x2 
 .bss._SEGGER_RTT
                0x2000696c       0xa8 ./Core/Src/SEGGER_RTT.o
                0x2000696c                _SEGGER_RTT
 .bss._acUpBuffer
                0x20006a14      0x400 ./Core/Src/SEGGER_RTT.o
 .bss._acDownBuffer
                0x20006e14       0x10 ./Core/Src/SEGGER_RTT.o
 .bss.adcInitFlag
                0x20006e24        0x1 ./Core/Src/Temperature_Process.o
                0x20006e24                adcInitFlag
 *fill*         0x20006e25        0x3 
 .bss.adcBuffer
                0x20006e28       0x10 ./Core/Src/Temperature_Process.o
                0x20006e28                adcBuffer
 .bss.sumAdcBuffer
                0x20006e38       0x10 ./Core/Src/Temperature_Process.o
                0x20006e38                sumAdcBuffer
 .bss.avgAdcBuffer
                0x20006e48       0x10 ./Core/Src/Temperature_Process.o
                0x20006e48                avgAdcBuffer
 .bss.avgCounter
                0x20006e58        0x4 ./Core/Src/Temperature_Process.o
                0x20006e58                avgCounter
 .bss.vref      0x20006e5c        0x2 ./Core/Src/Temperature_Process.o
                0x20006e5c                vref