Archive member included to satisfy reference by file (symbol)

C:/ST/STM32CubeIDE_1.17.0/STM32CubeIDE/plugins/com.st.stm32cube.ide.mcu.externaltools.gnu-tools-for-stm32.13.3.rel1.win32_1.0.0.202411081344/tools/bin/../lib/gcc/arm-none-eabi/13.3.1/../../../../arm-none-eabi/lib/thumb/v7-m/nofp\libc_nano.a(libc_a-exit.o)
                              C:/ST/STM32CubeIDE_1.17.0/STM32CubeIDE/plugins/com.st.stm32cube.ide.mcu.externaltools.gnu-tools-for-stm32.13.3.rel1.win32_1.0.0.202411081344/tools/bin/../lib/gcc/arm-none-eabi/13.3.1/../../../../arm-none-eabi/lib/thumb/v7-m/nofp/crt0.o (exit)
C:/ST/STM32CubeIDE_1.17.0/STM32CubeIDE/plugins/com.st.stm32cube.ide.mcu.externaltools.gnu-tools-for-stm32.13.3.rel1.win32_1.0.0.202411081344/tools/bin/../lib/gcc/arm-none-eabi/13.3.1/../../../../arm-none-eabi/lib/thumb/v7-m/nofp\libc_nano.a(libc_a-findfp.o)
                              C:/ST/STM32CubeIDE_1.17.0/STM32CubeIDE/plugins/com.st.stm32cube.ide.mcu.externaltools.gnu-tools-for-stm32.13.3.rel1.win32_1.0.0.202411081344/tools/bin/../lib/gcc/arm-none-eabi/13.3.1/../../../../arm-none-eabi/lib/thumb/v7-m/nofp\libc_nano.a(libc_a-exit.o) (__stdio_exit_handler)
C:/ST/STM32CubeIDE_1.17.0/STM32CubeIDE/plugins/com.st.stm32cube.ide.mcu.externaltools.gnu-tools-for-stm32.13.3.rel1.win32_1.0.0.202411081344/tools/bin/../lib/gcc/arm-none-eabi/13.3.1/../../../../arm-none-eabi/lib/thumb/v7-m/nofp\libc_nano.a(libc_a-fwalk.o)
                              C:/ST/STM32CubeIDE_1.17.0/STM32CubeIDE/plugins/com.st.stm32cube.ide.mcu.externaltools.gnu-tools-for-stm32.13.3.rel1.win32_1.0.0.202411081344/tools/bin/../lib/gcc/arm-none-eabi/13.3.1/../../../../arm-none-eabi/lib/thumb/v7-m/nofp\libc_nano.a(libc_a-findfp.o) (_fwalk_sglue)
C:/ST/STM32CubeIDE_1.17.0/STM32CubeIDE/plugins/com.st.stm32cube.ide.mcu.externaltools.gnu-tools-for-stm32.13.3.rel1.win32_1.0.0.202411081344/tools/bin/../lib/gcc/arm-none-eabi/13.3.1/../../../../arm-none-eabi/lib/thumb/v7-m/nofp\libc_nano.a(libc_a-stdio.o)
                              C:/ST/STM32CubeIDE_1.17.0/STM32CubeIDE/plugins/com.st.stm32cube.ide.mcu.externaltools.gnu-tools-for-stm32.13.3.rel1.win32_1.0.0.202411081344/tools/bin/../lib/gcc/arm-none-eabi/13.3.1/../../../../arm-none-eabi/lib/thumb/v7-m/nofp\libc_nano.a(libc_a-findfp.o) (__sread)
C:/ST/STM32CubeIDE_1.17.0/STM32CubeIDE/plugins/com.st.stm32cube.ide.mcu.externaltools.gnu-tools-for-stm32.13.3.rel1.win32_1.0.0.202411081344/tools/bin/../lib/gcc/arm-none-eabi/13.3.1/../../../../arm-none-eabi/lib/thumb/v7-m/nofp\libc_nano.a(libc_a-memset.o)
                              C:/ST/STM32CubeIDE_1.17.0/STM32CubeIDE/plugins/com.st.stm32cube.ide.mcu.externaltools.gnu-tools-for-stm32.13.3.rel1.win32_1.0.0.202411081344/tools/bin/../lib/gcc/arm-none-eabi/13.3.1/../../../../arm-none-eabi/lib/thumb/v7-m/nofp/crt0.o (memset)
C:/ST/STM32CubeIDE_1.17.0/STM32CubeIDE/plugins/com.st.stm32cube.ide.mcu.externaltools.gnu-tools-for-stm32.13.3.rel1.win32_1.0.0.202411081344/tools/bin/../lib/gcc/arm-none-eabi/13.3.1/../../../../arm-none-eabi/lib/thumb/v7-m/nofp\libc_nano.a(libc_a-closer.o)
                              C:/ST/STM32CubeIDE_1.17.0/STM32CubeIDE/plugins/com.st.stm32cube.ide.mcu.externaltools.gnu-tools-for-stm32.13.3.rel1.win32_1.0.0.202411081344/tools/bin/../lib/gcc/arm-none-eabi/13.3.1/../../../../arm-none-eabi/lib/thumb/v7-m/nofp\libc_nano.a(libc_a-stdio.o) (_close_r)
C:/ST/STM32CubeIDE_1.17.0/STM32CubeIDE/plugins/com.st.stm32cube.ide.mcu.externaltools.gnu-tools-for-stm32.13.3.rel1.win32_1.0.0.202411081344/tools/bin/../lib/gcc/arm-none-eabi/13.3.1/../../../../arm-none-eabi/lib/thumb/v7-m/nofp\libc_nano.a(libc_a-reent.o)
                              C:/ST/STM32CubeIDE_1.17.0/STM32CubeIDE/plugins/com.st.stm32cube.ide.mcu.externaltools.gnu-tools-for-stm32.13.3.rel1.win32_1.0.0.202411081344/tools/bin/../lib/gcc/arm-none-eabi/13.3.1/../../../../arm-none-eabi/lib/thumb/v7-m/nofp\libc_nano.a(libc_a-closer.o) (errno)
C:/ST/STM32CubeIDE_1.17.0/STM32CubeIDE/plugins/com.st.stm32cube.ide.mcu.externaltools.gnu-tools-for-stm32.13.3.rel1.win32_1.0.0.202411081344/tools/bin/../lib/gcc/arm-none-eabi/13.3.1/../../../../arm-none-eabi/lib/thumb/v7-m/nofp\libc_nano.a(libc_a-impure.o)
                              C:/ST/STM32CubeIDE_1.17.0/STM32CubeIDE/plugins/com.st.stm32cube.ide.mcu.externaltools.gnu-tools-for-stm32.13.3.rel1.win32_1.0.0.202411081344/tools/bin/../lib/gcc/arm-none-eabi/13.3.1/../../../../arm-none-eabi/lib/thumb/v7-m/nofp\libc_nano.a(libc_a-reent.o) (_impure_ptr)
C:/ST/STM32CubeIDE_1.17.0/STM32CubeIDE/plugins/com.st.stm32cube.ide.mcu.externaltools.gnu-tools-for-stm32.13.3.rel1.win32_1.0.0.202411081344/tools/bin/../lib/gcc/arm-none-eabi/13.3.1/../../../../arm-none-eabi/lib/thumb/v7-m/nofp\libc_nano.a(libc_a-lseekr.o)
[...]
Memory Configuration

Name             Origin             Length             Attributes
RAM              0x20000000         0x00010000         xrw
FLASH            0x08000000         0x00040000         xr
*default*        0x00000000         0xffffffff

Linker script and memory map

LOAD C:/ST/STM32CubeIDE_1.17.0/STM32CubeIDE/plugins/com.st.stm32cube.ide.mcu.externaltools.gnu-tools-for-stm32.13.3.rel1.win32_1.0.0.202411081344/tools/bin/../lib/gcc/arm-none-eabi/13.3.1/thumb/v7-m/nofp/crti.o
LOAD C:/ST/STM32CubeIDE_1.17.0/STM32CubeIDE/plugins/com.st.stm32cube.ide.mcu.externaltools.gnu-tools-for-stm32.13.3.rel1.win32_1.0.0.202411081344/tools/bin/../lib/gcc/arm-none-eabi/13.3.1/thumb/v7-m/nofp/crtbegin.o
LOAD C:/ST/STM32CubeIDE_1.17.0/STM32CubeIDE/plugins/com.st.stm32cube.ide.mcu.externaltools.gnu-tools-for-stm32.13.3.rel1.win32_1.0.0.202411081344/tools/bin/../lib/gcc/arm-none-eabi/13.3.1/../../../../arm-none-eabi/lib/thumb/v7-m/nofp/crt0.o
LOAD ./Core/Src/DWIN_Process.o
LOAD ./Core/Src/EEPROM_Process.o
LOAD ./Core/Src/InOut_Process.o
LOAD ./Core/Src/SEGGER_RTT.o
LOAD ./Core/Src/SEGGER_RTT_Syscalls_GCC.o
LOAD ./Core/Src/SEGGER_RTT_printf.o
LOAD ./Core/Src/TMP112.o
LOAD ./Core/Src/Temperature_Process.o
LOAD ./Core/Src/USART_Process.o
LOAD ./Core/Src/adc.o
LOAD ./Core/Src/dac.o
LOAD ./Core/Src/dma.o
LOAD ./Core/Src/furnace_pid.o
LOAD ./Core/Src/gpio.o
LOAD ./Core/Src/hdc1080.o
LOAD ./Core/Src/i2c.o
LOAD ./Core/Src/main.o
LOAD ./Core/Src/pid.o
LOAD ./Core/Src/rtc.o
LOAD ./Core/Src/sht40.o
LOAD ./Core/Src/spi.o
LOAD ./Core/Src/stm32f1xx_hal_msp.o
LOAD ./Core/Src/stm32f1xx_it.o
LOAD ./Core/Src/syscalls.o
LOAD ./Core/Src/sysmem.o
LOAD ./Core/Src/system_stm32f1xx.o
LOAD ./Core/Src/tim.o
LOAD ./Core/Src/usart.o
LOAD ./Core/Startup/startup_stm32f105rctx.o
LOAD ./Drivers/STM32F1xx_HAL_Driver/Src/stm32f1xx_hal.o
LOAD ./Drivers/STM32F1xx_HAL_Driver/Src/stm32f1xx_hal_adc.o
LOAD ./Drivers/STM32F1xx_HAL_Driver/Src/stm32f1xx_hal_adc_ex.o
LOAD ./Drivers/STM32F1xx_HAL_Driver/Src/stm32f1xx_hal_cortex.o
LOAD ./Drivers/STM32F1xx_HAL_Driver/Src/stm32f1xx_hal_dac.o
LOAD ./Drivers/STM32F1xx_HAL_Driver/Src/stm32f1xx_hal_dac_ex.o
LOAD ./Drivers/STM32F1xx_HAL_Driver/Src/stm32f1xx_hal_dma.o
LOAD ./Drivers/STM32F1xx_HAL_Driver/Src/stm32f1xx_hal_exti.o
LOAD ./Drivers/STM32F1xx_HAL_Driver/Src/stm32f1xx_hal_flash.o
LOAD ./Drivers/STM32F1xx_HAL_Driver/Src/stm32f1xx_hal_flash_ex.o
LOAD ./Drivers/STM32F1xx_HAL_Driver/Src/stm32f1xx_hal_gpio.o
LOAD ./Drivers/STM32F1xx_HAL_Driver/Src/stm32f1xx_hal_gpio_ex.o
LOAD ./Drivers/STM32F1xx_HAL_Driver/Src/stm32f1xx_hal_i2c.o
LOAD ./Drivers/STM32F1xx_HAL_Driver/Src/stm32f1xx_hal_pwr.o
LOAD ./Drivers/STM32F1xx_HAL_Driver/Src/stm32f1xx_hal_rcc.o
LOAD ./Drivers/STM32F1xx_HAL_Driver/Src/stm32f1xx_hal_rcc_ex.o
LOAD ./Drivers/STM32F1xx_HAL_Driver/Src/stm32f1xx_hal_rtc.o
LOAD ./Drivers/STM32F1xx_HAL_Driver/Src/stm32f1xx_hal_rtc_ex.o
LOAD ./Drivers/STM32F1xx_HAL_Driver/Src/stm32f1xx_hal_spi.o
LOAD ./Drivers/STM32F1xx_HAL_Driver/Src/stm32f1xx_hal_tim.o
LOAD ./Drivers/STM32F1xx_HAL_Driver/Src/stm32f1xx_hal_tim_ex.o
LOAD ./Drivers/STM32F1xx_HAL_Driver/Src/stm32f1xx_hal_uart.o
START GROUP
LOAD C:/ST/STM32CubeIDE_1.17.0/STM32CubeIDE/plugins/com.st.stm32cube.ide.mcu.externaltools.gnu-tools-for-stm32.13.3.rel1.win32_1.0.0.202411081344/tools/bin/../lib/gcc/arm-none-eabi/13.3.1/../../../../arm-none-eabi/lib/thumb/v7-m/nofp\libc_nano.a
LOAD C:/ST/STM32CubeIDE_1.17.0/STM32CubeIDE/plugins/com.st.stm32cube.ide.mcu.externaltools.gnu-tools-for-stm32.13.3.rel1.win32_1.0.0.202411081344/tools/bin/../lib/gcc/arm-none-eabi/13.3.1/../../../../arm-none-eabi/lib/thumb/v7-m/nofp\libm.a
END GROUP
START GROUP
LOAD C:/ST/STM32CubeIDE_1.17.0/STM32CubeIDE/plugins/com.st.stm32cube.ide.mcu.externaltools.gnu-tools-for-stm32.13.3.rel1.win32_1.0.0.202411081344/tools/bin/../lib/gcc/arm-none-eabi/13.3.1/thumb/v7-m/nofp\libgcc.a
LOAD C:/ST/STM32CubeIDE_1.17.0/STM32CubeIDE/plugins/com.st.stm32cube.ide.mcu.externaltools.gnu-tools-for-stm32.13.3.rel1.win32_1.0.0.202411081344/tools/bin/../lib/gcc/arm-none-eabi/13.3.1/../../../../arm-none-eabi/lib/thumb/v7-m/nofp\libc_nano.a
END GROUP
START GROUP
LOAD C:/ST/STM32CubeIDE_1.17.0/STM32CubeIDE/plugins/com.st.stm32cube.ide.mcu.externaltools.gnu-tools-for-stm32.13.3.rel1.win32_1.0.0.202411081344/tools/bin/../lib/gcc/arm-none-eabi/13.3.1/thumb/v7-m/nofp\libgcc.a
LOAD C:/ST/STM32CubeIDE_1.17.0/STM32CubeIDE/plugins/com.st.stm32cube.ide.mcu.externaltools.gnu-tools-for-stm32.13.3.rel1.win32_1.0.0.202411081344/tools/bin/../lib/gcc/arm-none-eabi/13.3.1/../../../../arm-none-eabi/lib/thumb/v7-m/nofp\libc_nano.a
LOAD C:/ST/STM32CubeIDE_1.17.0/STM32CubeIDE/plugins/com.st.stm32cube.ide.mcu.externaltools.gnu-tools-for-stm32.13.3.rel1.win32_1.0.0.202411081344/tools/bin/../lib/gcc/arm-none-eabi/13.3.1/../../../../arm-none-eabi/lib/thumb/v7-m/nofp\libnosys.a
END GROUP
START GROUP
LOAD C:/ST/STM32CubeIDE_1.17.0/STM32CubeIDE/plugins/com.st.stm32cube.ide.mcu.externaltools.gnu-tools-for-stm32.13.3.rel1.win32_1.0.0.202411081344/tools/bin/../lib/gcc/arm-none-eabi/13.3.1/thumb/v7-m/nofp\libgcc.a
LOAD C:/ST/STM32CubeIDE_1.17.0/STM32CubeIDE/plugins/com.st.stm32cube.ide.mcu.externaltools.gnu-tools-for-stm32.13.3.rel1.win32_1.0.0.202411081344/tools/bin/../lib/gcc/arm-none-eabi/13.3.1/../../../../arm-none-eabi/lib/thumb/v7-m/nofp\libc_nano.a
LOAD C:/ST/STM32CubeIDE_1.17.0/STM32CubeIDE/plugins/com.st.stm32cube.ide.mcu.externaltools.gnu-tools-for-stm32.13.3.rel1.win32_1.0.0.202411081344/tools/bin/../lib/gcc/arm-none-eabi/13.3.1/../../../../arm-none-eabi/lib/thumb/v7-m/nofp\libnosys.a
END GROUP
LOAD C:/ST/STM32CubeIDE_1.17.0/STM32CubeIDE/plugins/com.st.stm32cube.ide.mcu.externaltools.gnu-tools-for-stm32.13.3.rel1.win32_1.0.0.202411081344/tools/bin/../lib/gcc/arm-none-eabi/13.3.1/thumb/v7-m/nofp/crtend.o
LOAD C:/ST/STM32CubeIDE_1.17.0/STM32CubeIDE/plugins/com.st.stm32cube.ide.mcu.externaltools.gnu-tools-for-stm32.13.3.rel1.win32_1.0.0.202411081344/tools/bin/../lib/gcc/arm-none-eabi/13.3.1/thumb/v7-m/nofp/crtn.o
                0x20010000                        _estack = (ORIGIN (RAM) + LENGTH (RAM))
                0x00000200                        _Min_Heap_Size = 0x200
                0x00000400                        _Min_Stack_Size = 0x400

.isr_vector     0x08000000      0x1e4
                0x08000000                        . = ALIGN (0x4)
 *(.isr_vector)
 .isr_vector    0x08000000      0x1e4 ./Core/Startup/startup_stm32f105rctx.o
                0x08000000                g_pfnVectors
                0x080001e4                        . = ALIGN (0x4)

.text           0x080001e8    0x10328
                0x080001e8                        . = ALIGN (0x4)
 *(.text)
 .text          0x080001e8       0x40 C:/ST/STM32CubeIDE_1.17.0/STM32CubeIDE/plugins/com.st.stm32cube.ide.mcu.externaltools.gnu-tools-for-stm32.13.3.rel1.win32_1.0.0.202411081344/tools/bin/../lib/gcc/arm-none-eabi/13.3.1/thumb/v7-m/nofp/crtbegin.o
 .text          0x08000228      0x378 C:/ST/STM32CubeIDE_1.17.0/STM32CubeIDE/plugins/com.st.stm32cube.ide.mcu.externaltools.gnu-tools-for-stm32.13.3.rel1.win32_1.0.0.202411081344/tools/bin/../lib/gcc/arm-none-eabi/13.3.1/thumb/v7-m/nofp\libgcc.a(_arm_addsubdf3.o)
                0x08000228                __aeabi_drsub
                0x08000230                __aeabi_dsub
                0x08000230                __subdf3
                0x08000234                __aeabi_dadd
                0x08000234                __adddf3
                0x080004ac                __floatunsidf
                0x080004ac                __aeabi_ui2d
                0x080004cc                __floatsidf
                0x080004cc                __aeabi_i2d
                0x080004f0                __aeabi_f2d
                0x080004f0                __extendsfdf2
                0x08000534                __floatundidf
                0x08000534                __aeabi_ul2d
                0x08000544                __floatdidf
                0x08000544                __aeabi_l2d
 .text          0x080005a0      0x424 C:/ST/STM32CubeIDE_1.17.0/STM32CubeIDE/plugins/com.st.stm32cube.ide.mcu.externaltools.gnu-tools-for-stm32.13.3.rel1.win32_1.0.0.202411081344/tools/bin/../lib/gcc/arm-none-eabi/13.3.1/thumb/v7-m/nofp\libgcc.a(_arm_muldivdf3.o)
                0x080005a0                __aeabi_dmul
                0x080005a0                __muldf3
                0x080007f4                __divdf3
                0x080007f4                __aeabi_ddiv
 .text          0x080009c4      0x110 C:/ST/STM32CubeIDE_1.17.0/STM32CubeIDE/plugins/com.st.stm32cube.ide.mcu.externaltools.gnu-tools-for-stm32.13.3.rel1.win32_1.0.0.202411081344/tools/bin/../lib/gcc/arm-none-eabi/13.3.1/thumb/v7-m/nofp\libgcc.a(_arm_cmpdf2.o)
                0x080009c4                __gtdf2
                0x080009c4                __gedf2
                0x080009cc                __ltdf2
                0x080009cc                __ledf2
                0x080009d4                __nedf2
                0x080009d4                __eqdf2
                0x080009d4                __cmpdf2
                0x08000a50                __aeabi_cdrcmple
                0x08000a60                __aeabi_cdcmpeq
                0x08000a60                __aeabi_cdcmple
                0x08000a70                __aeabi_dcmpeq
                0x08000a84                __aeabi_dcmplt
                0x08000a98                __aeabi_dcmple
                0x08000aac                __aeabi_dcmpge
                0x08000ac0                __aeabi_dcmpgt
 .text          0x08000ad4       0x40 C:/ST/STM32CubeIDE_1.17.0/STM32CubeIDE/plugins/com.st.stm32cube.ide.mcu.externaltools.gnu-tools-for-stm32.13.3.rel1.win32_1.0.0.202411081344/tools/bin/../lib/gcc/arm-none-eabi/13.3.1/thumb/v7-m/nofp\libgcc.a(_arm_fixunsdfsi.o)
                0x08000ad4                __aeabi_d2uiz
                0x08000ad4                __fixunsdfsi
 .text          0x08000b14       0xa0 C:/ST/STM32CubeIDE_1.17.0/STM32CubeIDE/plugins/com.st.stm32cube.ide.mcu.externaltools.gnu-tools-for-stm32.13.3.rel1.win32_1.0.0.202411081344/tools/bin/../lib/gcc/arm-none-eabi/13.3.1/thumb/v7-m/nofp\libgcc.a(_arm_truncdfsf2.o)
                0x08000b14                __truncdfsf2
                0x08000b14                __aeabi_d2f
 .text          0x08000bb4      0x21c C:/ST/STM32CubeIDE_1.17.0/STM32CubeIDE/plugins/com.st.stm32cube.ide.mcu.externaltools.gnu-tools-for-stm32.13.3.rel1.win32_1.0.0.202411081344/tools/bin/../lib/gcc/arm-none-eabi/13.3.1/thumb/v7-m/nofp\libgcc.a(_arm_addsubsf3.o)
                0x08000bb4                __aeabi_frsub
                0x08000bbc                __subsf3
                0x08000bbc                __aeabi_fsub
                0x08000bc0                __aeabi_fadd
                0x08000bc0                __addsf3
                0x08000d20                __aeabi_ui2f
                0x08000d20                __floatunsisf
                0x08000d28                __aeabi_i2f
                0x08000d28                __floatsisf
                0x08000d44                __aeabi_ul2f
                0x08000d44                __floatundisf
                0x08000d54                __aeabi_l2f
                0x08000d54                __floatdisf
 .text          0x08000dd0      0x2a0 C:/ST/STM32CubeIDE_1.17.0/STM32CubeIDE/plugins/com.st.stm32cube.ide.mcu.externaltools.gnu-tools-for-stm32.13.3.rel1.win32_1.0.0.202411081344/tools/bin/../lib/gcc/arm-none-eabi/13.3.1/thumb/v7-m/nofp\libgcc.a(_arm_muldivsf3.o)
                0x08000dd0                __mulsf3
                0x08000dd0                __aeabi_fmul
                0x08000f38                __aeabi_fdiv
                0x08000f38                __divsf3
 .text          0x08001070       0xec C:/ST/STM32CubeIDE_1.17.0/STM32CubeIDE/plugins/com.st.stm32cube.ide.mcu.externaltools.gnu-tools-for-stm32.13.3.rel1.win32_1.0.0.202411081344/tools/bin/../lib/gcc/arm-none-eabi/13.3.1/thumb/v7-m/nofp\libgcc.a(_arm_cmpsf2.o)
                0x08001070                __gesf2
                0x08001070                __gtsf2
                0x08001078                __lesf2
                0x08001078                __ltsf2
                0x08001080                __nesf2
                0x08001080                __eqsf2
                0x08001080                __cmpsf2
                0x080010e0                __aeabi_cfrcmple
                0x080010e8                __aeabi_cfcmpeq
                0x080010e8                __aeabi_cfcmple
                0x080010f8                __aeabi_fcmpeq
                0x0800110c                __aeabi_fcmplt
                0x08001120                __aeabi_fcmple
                0x08001134                __aeabi_fcmpge
                0x08001148                __aeabi_fcmpgt
 .text          0x0800115c       0x2c C:/ST/STM32CubeIDE_1.17.0/STM32CubeIDE/plugins/com.st.stm32cube.ide.mcu.externaltools.gnu-tools-for-stm32.13.3.rel1.win32_1.0.0.202411081344/tools/bin/../lib/gcc/arm-none-eabi/13.3.1/thumb/v7-m/nofp\libgcc.a(_arm_unordsf2.o)
                0x0800115c                __unordsf2
                0x0800115c                __aeabi_fcmpun
 .text          0x08001188       0x4c C:/ST/STM32CubeIDE_1.17.0/STM32CubeIDE/plugins/com.st.stm32cube.ide.mcu.externaltools.gnu-tools-for-stm32.13.3.rel1.win32_1.0.0.202411081344/tools/bin/../lib/gcc/arm-none-eabi/13.3.1/thumb/v7-m/nofp\libgcc.a(_arm_fixsfsi.o)
                0x08001188                __aeabi_f2iz
                0x08001188                __fixsfsi
 .text          0x080011d4       0x40 C:/ST/STM32CubeIDE_1.17.0/STM32CubeIDE/plugins/com.st.stm32cube.ide.mcu.externaltools.gnu-tools-for-stm32.13.3.rel1.win32_1.0.0.202411081344/tools/bin/../lib/gcc/arm-none-eabi/13.3.1/thumb/v7-m/nofp\libgcc.a(_arm_fixunssfsi.o)
                0x080011d4                __fixunssfsi
                0x080011d4                __aeabi_f2uiz
 .text          0x08001214       0xa0 C:/ST/STM32CubeIDE_1.17.0/STM32CubeIDE/plugins/com.st.stm32cube.ide.mcu.externaltools.gnu-tools-for-stm32.13.3.rel1.win32_1.0.0.202411081344/tools/bin/../lib/gcc/arm-none-eabi/13.3.1/thumb/v7-m/nofp\libgcc.a(_aeabi_ldivmod.o)
                0x08001214                __aeabi_ldivmod
 .text          0x080012b4       0x30 C:/ST/STM32CubeIDE_1.17.0/STM32CubeIDE/plugins/com.st.stm32cube.ide.mcu.externaltools.gnu-tools-for-stm32.13.3.rel1.win32_1.0.0.202411081344/tools/bin/../lib/gcc/arm-none-eabi/13.3.1/thumb/v7-m/nofp\libgcc.a(_aeabi_uldivmod.o)
                0x080012b4                __aeabi_uldivmod
 .text          0x080012e4      0x300 C:/ST/STM32CubeIDE_1.17.0/STM32CubeIDE/plugins/com.st.stm32cube.ide.mcu.externaltools.gnu-tools-for-stm32.13.3.rel1.win32_1.0.0.202411081344/tools/bin/../lib/gcc/arm-none-eabi/13.3.1/thumb/v7-m/nofp\libgcc.a(_udivmoddi4.o)
                0x080012e4                __udivmoddi4
 .text          0x080015e4        0x4 C:/ST/STM32CubeIDE_1.17.0/STM32CubeIDE/plugins/com.st.stm32cube.ide.mcu.externaltools.gnu-tools-for-stm32.13.3.rel1.win32_1.0.0.202411081344/tools/bin/../lib/gcc/arm-none-eabi/13.3.1/thumb/v7-m/nofp\libgcc.a(_dvmd_tls.o)
                0x080015e4                __aeabi_idiv0
                0x080015e4                __aeabi_ldiv0
 *(.text*)
 .text.__NVIC_SystemReset
                0x080015e8       0x2c ./Core/Src/DWIN_Process.o
 .text.combineBytes
                0x08001614       0x2c ./Core/Src/DWIN_Process.o
                0x08001614                combineBytes
 .text.parse16BitTo8Bit
                0x08001640       0x2c ./Core/Src/DWIN_Process.o
                0x08001640                parse16BitTo8Bit
 .text.convert_u8_to_u16
                0x0800166c       0x64 ./Core/Src/DWIN_Process.o
                0x0800166c                convert_u8_to_u16
 .text.convert_u16_to_u8
                0x080016d0       0x68 ./Core/Src/DWIN_Process.o
                0x080016d0                convert_u16_to_u8
 .text.calculateCRC16Modbus
                0x08001738       0x78 ./Core/Src/DWIN_Process.o
                0x08001738                calculateCRC16Modbus
 .text.setAnalogVoltage
                0x080017b0       0xdc ./Core/Src/DWIN_Process.o
                0x080017b0                setAnalogVoltage
 .text.DWIN_receiveDataProcess
                0x0800188c      0x25c ./Core/Src/DWIN_Process.o
                0x0800188c                DWIN_receiveDataProcess
 .text.DWIN_SetUsartChannel
                0x08001ae8       0x6c ./Core/Src/DWIN_Process.o
                0x08001ae8                DWIN_SetUsartChannel
 .text.DWIN_readRegister
                0x08001b54      0x1e0 ./Core/Src/DWIN_Process.o
                0x08001b54                DWIN_readRegister
 .text.dwin_pop_up_change_all_structure
                0x08001d34      0x2d2 ./Core/Src/DWIN_Process.o
                0x08001d34                dwin_pop_up_change_all_structure
 *fill*         0x08002006        0x2 
 .text.DWIN_changePopup
                0x08002008       0x50 ./Core/Src/DWIN_Process.o
                0x08002008                DWIN_changePopup
 .text.dwin_icon_change_structure
                0x08002058       0x44 ./Core/Src/DWIN_Process.o
                0x08002058                dwin_icon_change_structure
 .text.DWIN_changeIcon
                0x0800209c      0x3b8 ./Core/Src/DWIN_Process.o
                0x0800209c                DWIN_changeIcon
 .text.DWIN_changeMaxSetValue
                0x08002454       0xf4 ./Core/Src/DWIN_Process.o
                0x08002454                DWIN_changeMaxSetValue
 .text.keyboard_change_structure
                0x08002548      0x13e ./Core/Src/DWIN_Process.o
                0x08002548                keyboard_change_structure
 .text.DWIN_changeKeyboard
                0x08002686       0xbe ./Core/Src/DWIN_Process.o
                0x08002686                DWIN_changeKeyboard
 .text.DWIN_changeWord
                0x08002744      0x3d0 ./Core/Src/DWIN_Process.o
                0x08002744                DWIN_changeWord
 .text.DWIN_dilChange
                0x08002b14       0x6c ./Core/Src/DWIN_Process.o
                0x08002b14                DWIN_dilChange
 .text.DWIN_writeRegiser
                0x08002b80      0x2c0 ./Core/Src/DWIN_Process.o
                0x08002b80                DWIN_writeRegiser
 .text.DWIN_changePage
                0x08002e40      0x164 ./Core/Src/DWIN_Process.o
                0x08002e40                DWIN_changePage
 .text.touchSetOnOff_structure
                0x08002fa4       0x5e ./Core/Src/DWIN_Process.o
                0x08002fa4                touchSetOnOff_structure
 .text.DWIN_dokunmatik_aktif_msg
                0x08003002       0x3e ./Core/Src/DWIN_Process.o
                0x08003002                DWIN_dokunmatik_aktif_msg
 .text.DWIN_run
                0x08003040      0x200 ./Core/Src/DWIN_Process.o
                0x08003040                DWIN_run
 .text.DWIN_check
                0x08003240      0x24c ./Core/Src/DWIN_Process.o
                0x08003240                DWIN_check
 .text.DWIN_answerProcess
                0x0800348c       0x90 ./Core/Src/DWIN_Process.o
                0x0800348c                DWIN_answerProcess
 .text.DWIN_testSayfa
                0x0800351c      0x304 ./Core/Src/DWIN_Process.o
                0x0800351c                DWIN_testSayfa
 .text.DWIN_isitmaProcess
                0x08003820       0xa0 ./Core/Src/DWIN_Process.o
                0x08003820                DWIN_isitmaProcess
 .text.DWIN_sogutmaProcess
                0x080038c0       0x64 ./Core/Src/DWIN_Process.o
                0x080038c0                DWIN_sogutmaProcess
 .text.DWIN_anaSayfa
                0x08003924      0x7e0 ./Core/Src/DWIN_Process.o
                0x08003924                DWIN_anaSayfa
 .text.DWIN_manuelSayfa
                0x08004104      0x5cc ./Core/Src/DWIN_Process.o
                0x08004104                DWIN_manuelSayfa
 .text.DWIN_receteSayfa
                0x080046d0      0x5b0 ./Core/Src/DWIN_Process.o
                0x080046d0                DWIN_receteSayfa
 .text.DWIN_buzzerSet
                0x08004c80       0x58 ./Core/Src/DWIN_Process.o
                0x08004c80                DWIN_buzzerSet
 .text.DWIN_resetManuelPisirme
                0x08004cd8      0x118 ./Core/Src/DWIN_Process.o
                0x08004cd8                DWIN_resetManuelPisirme
 .text.DWIN_brulorArizaSet
                0x08004df0       0x7c ./Core/Src/DWIN_Process.o
                0x08004df0                DWIN_brulorArizaSet
 .text.DWIN_brulorArizaReset_Relay
                0x08004e6c       0x48 ./Core/Src/DWIN_Process.o
                0x08004e6c                DWIN_brulorArizaReset_Relay
 .text.DWIN_arızaCheck
                0x08004eb4      0x2e4 ./Core/Src/DWIN_Process.o
                0x08004eb4                DWIN_arızaCheck
 .text.DWIN_Alarm
                0x08005198       0x60 ./Core/Src/DWIN_Process.o
                0x08005198                DWIN_Alarm
 .text.DWIN_writeRTC
                0x080051f8       0xa2 ./Core/Src/DWIN_Process.o
                0x080051f8                DWIN_writeRTC
 .text.DWIN_readRTC
                0x0800529a       0x58 ./Core/Src/DWIN_Process.o
                0x0800529a                DWIN_readRTC
 *fill*         0x080052f2        0x2 
 .text.PWM_SetFreqAndDuty
                0x080052f4       0x7c ./Core/Src/DWIN_Process.o
                0x080052f4                PWM_SetFreqAndDuty
 .text.calculate_frequency
                0x08005370       0x5c ./Core/Src/DWIN_Process.o
                0x08005370                calculate_frequency
 .text.PWM_StartSmoothTransition
                0x080053cc       0x50 ./Core/Src/DWIN_Process.o
                0x080053cc                PWM_StartSmoothTransition
 .text.PWM_SmoothTask_1ms
                0x0800541c       0xfc ./Core/Src/DWIN_Process.o
                0x0800541c                PWM_SmoothTask_1ms
 .text.AT24C512_WaitForReady
                0x08005518       0x4c ./Core/Src/EEPROM_Process.o
                0x08005518                AT24C512_WaitForReady
 .text.EEPROM_Write
                0x08005564      0x244 ./Core/Src/EEPROM_Process.o
                0x08005564                EEPROM_Write
 .text.EEPROM_Read
                0x080057a8       0x6a ./Core/Src/EEPROM_Process.o
                0x080057a8                EEPROM_Read
 .text.EEPROM_Read_Safe
                0x08005812       0x8c ./Core/Src/EEPROM_Process.o
                0x08005812                EEPROM_Read_Safe
 *fill*         0x0800589e        0x2 
 .text.EEPROM_init
                0x080058a0      0x1d4 ./Core/Src/EEPROM_Process.o
                0x080058a0                EEPROM_init
 .text.EEPROM_Recete_DefaultWrite
                0x08005a74      0x25c ./Core/Src/EEPROM_Process.o
                0x08005a74                EEPROM_Recete_DefaultWrite
 .text.EEPROM_Recete_Read
                0x08005cd0       0xf4 ./Core/Src/EEPROM_Process.o
                0x08005cd0                EEPROM_Recete_Read
 .text.ShiftRegister_SendData
                0x08005dc4       0x78 ./Core/Src/InOut_Process.o
                0x08005dc4                ShiftRegister_SendData
 .text.CheckBit
                0x08005e3c       0x28 ./Core/Src/InOut_Process.o
                0x08005e3c                CheckBit
 .text.setBit   0x08005e64       0x20 ./Core/Src/InOut_Process.o
                0x08005e64                setBit
 .text.resetBit
                0x08005e84       0x22 ./Core/Src/InOut_Process.o
                0x08005e84                resetBit
 *fill*         0x08005ea6        0x2 
 .text.setOut   0x08005ea8       0x3c ./Core/Src/InOut_Process.o
                0x08005ea8                setOut
 .text.setOutData
                0x08005ee4       0x30 ./Core/Src/InOut_Process.o
                0x08005ee4                setOutData
 .text.shiftRefresh
                0x08005f14       0x18 ./Core/Src/InOut_Process.o
                0x08005f14                shiftRefresh
 .text.I_AC_Check
                0x08005f2c       0x64 ./Core/Src/InOut_Process.o
                0x08005f2c                I_AC_Check
 .text._DoInit  0x08005f90       0xb0 ./Core/Src/SEGGER_RTT.o
 .text._WriteBlocking
                0x08006040       0xb6 ./Core/Src/SEGGER_RTT.o
 .text._WriteNoCheck
                0x080060f6       0x88 ./Core/Src/SEGGER_RTT.o
 .text._GetAvailWriteSpace
                0x0800617e       0x44 ./Core/Src/SEGGER_RTT.o
 *fill*         0x080061c2        0x2 
 .text.SEGGER_RTT_WriteNoLock
                0x080061c4       0xa0 ./Core/Src/SEGGER_RTT.o
                0x080061c4                SEGGER_RTT_WriteNoLock
 .text.SEGGER_RTT_Write
                0x08006264       0x4c ./Core/Src/SEGGER_RTT.o
                0x08006264                SEGGER_RTT_Write
 .text.SEGGER_RTT_ConfigUpBuffer
                0x080062b0       0x94 ./Core/Src/SEGGER_RTT.o
                0x080062b0                SEGGER_RTT_ConfigUpBuffer
 .text._StoreChar
                0x08006344       0x7c ./Core/Src/SEGGER_RTT_printf.o
 .text._PrintUnsigned
                0x080063c0      0x158 ./Core/Src/SEGGER_RTT_printf.o
 .text._PrintInt
                0x08006518      0x14e ./Core/Src/SEGGER_RTT_printf.o
 *fill*         0x08006666        0x2 
 .text.SEGGER_RTT_vprintf
                0x08006668      0x3a8 ./Core/Src/SEGGER_RTT_printf.o
                0x08006668                SEGGER_RTT_vprintf
 .text.SEGGER_RTT_printf
                0x08006a10       0x30 ./Core/Src/SEGGER_RTT_printf.o
                0x08006a10                SEGGER_RTT_printf
 .text.TMP112_Init
                0x08006a40       0x34 ./Core/Src/TMP112.o
                0x08006a40                TMP112_Init
 .text.TMP112_ReadTemperature
                0x08006a74       0xb0 ./Core/Src/TMP112.o
                0x08006a74                TMP112_ReadTemperature
 .text.TMP112_SetResolution
                0x08006b24       0xa0 ./Core/Src/TMP112.o
                0x08006b24                TMP112_SetResolution
 .text.calculate_vref
                0x08006bc4       0x54 ./Core/Src/Temperature_Process.o
                0x08006bc4                calculate_vref
 .text.adc_Init
                0x08006c18       0x4c ./Core/Src/Temperature_Process.o
                0x08006c18                adc_Init
 .text.avgAdcProcess
                0x08006c64       0xa8 ./Core/Src/Temperature_Process.o
                0x08006c64                avgAdcProcess
 .text.ConvertValueforKType
                0x08006d0c       0x94 ./Core/Src/Temperature_Process.o
                0x08006d0c                ConvertValueforKType
 .text.calculateThermocouple_K
                0x08006da0       0x50 ./Core/Src/Temperature_Process.o
                0x08006da0                calculateThermocouple_K
 .text.ConvertValueforJType
                0x08006df0       0x90 ./Core/Src/Temperature_Process.o
                0x08006df0                ConvertValueforJType
 .text.calculateThermocouple_J
                0x08006e80       0x50 ./Core/Src/Temperature_Process.o
                0x08006e80                calculateThermocouple_J
 .text.calculate_temperature
                0x08006ed0      0x134 ./Core/Src/Temperature_Process.o
                0x08006ed0                calculate_temperature
 .text.MX_ADC1_Init
                0x08007004       0xd4 ./Core/Src/adc.o
                0x08007004                MX_ADC1_Init
 .text.HAL_ADC_MspInit
                0x080070d8       0xd0 ./Core/Src/adc.o
                0x080070d8                HAL_ADC_MspInit
 .text.MX_DAC_Init
                0x080071a8       0x68 ./Core/Src/dac.o
                0x080071a8                MX_DAC_Init
 .text.HAL_DAC_MspInit
                0x08007210       0x78 ./Core/Src/dac.o
                0x08007210                HAL_DAC_MspInit
 .text.MX_DMA_Init
                0x08007288       0x5c ./Core/Src/dma.o
                0x08007288                MX_DMA_Init
 *fill*         0x080072e4        0x4 
 .text.Furnace_Init
                0x080072e8      0x230 ./Core/Src/furnace_pid.o
                0x080072e8                Furnace_Init
 .text.Furnace_Control_1s
                0x08007518      0x328 ./Core/Src/furnace_pid.o
                0x08007518                Furnace_Control_1s
 .text.Set_Heater_DAC
                0x08007840       0x20 ./Core/Src/furnace_pid.o
 .text.manual_pwm_update
                0x08007860       0x8c ./Core/Src/furnace_pid.o
                0x08007860                manual_pwm_update
 *fill*         0x080078ec        0x4 
 .text.CalculateSoftThreshold
                0x080078f0      0x170 ./Core/Src/furnace_pid.o
                0x080078f0                CalculateSoftThreshold
 .text.MX_GPIO_Init
                0x08007a60      0x158 ./Core/Src/gpio.o
                0x08007a60                MX_GPIO_Init
 .text.MX_I2C1_Init
                0x08007bb8       0x5c ./Core/Src/i2c.o
                0x08007bb8                MX_I2C1_Init
 .text.HAL_I2C_MspInit
                0x08007c14       0x7c ./Core/Src/i2c.o
                0x08007c14                HAL_I2C_MspInit
 .text.main     0x08007c90      0x1d4 ./Core/Src/main.o
                0x08007c90                main
 .text.SystemClock_Config
                0x08007e64       0xd4 ./Core/Src/main.o
                0x08007e64                SystemClock_Config
 .text.Error_Handler
                0x08007f38       0x20 ./Core/Src/main.o
                0x08007f38                Error_Handler
 .text.PID_Init
                0x08007f58       0x7c ./Core/Src/pid.o
                0x08007f58                PID_Init
 *fill*         0x08007fd4        0x4 
 .text.PID      0x08007fd8       0x90 ./Core/Src/pid.o
                0x08007fd8                PID
 .text.PID_Compute
                0x08008068      0x1dc ./Core/Src/pid.o
                0x08008068                PID_Compute
 .text.PID_SetMode
                0x08008244       0x3c ./Core/Src/pid.o
                0x08008244                PID_SetMode
 .text.PID_SetOutputLimits
                0x08008280       0xd8 ./Core/Src/pid.o
                0x08008280                PID_SetOutputLimits
 .text.PID_SetTunings
                0x08008358       0x34 ./Core/Src/pid.o
                0x08008358                PID_SetTunings
 .text.PID_SetTunings2
                0x0800838c      0x148 ./Core/Src/pid.o
                0x0800838c                PID_SetTunings2
 .text.PID_SetControllerDirection
                0x080084d4       0x80 ./Core/Src/pid.o
                0x080084d4                PID_SetControllerDirection
 .text.PID_SetSampleTime
                0x08008554       0x76 ./Core/Src/pid.o
                0x08008554                PID_SetSampleTime
 *fill*         0x080085ca        0x2 
 .text.RTC_SetDateTime
                0x080085cc       0x88 ./Core/Src/rtc.o
                0x080085cc                RTC_SetDateTime
 .text.MX_RTC_Init
                0x08008654       0x94 ./Core/Src/rtc.o
                0x08008654                MX_RTC_Init
 .text.HAL_RTC_MspInit
                0x080086e8       0x58 ./Core/Src/rtc.o
                0x080086e8                HAL_RTC_MspInit
 .text.MX_SPI1_Init
                0x08008740       0x70 ./Core/Src/spi.o
                0x08008740                MX_SPI1_Init
 .text.HAL_SPI_MspInit
                0x080087b0       0x9c ./Core/Src/spi.o
                0x080087b0                HAL_SPI_MspInit
 .text.HAL_MspInit
                0x0800884c       0x64 ./Core/Src/stm32f1xx_hal_msp.o
                0x0800884c                HAL_MspInit
 .text.__NVIC_SystemReset
                0x080088b0       0x2c ./Core/Src/stm32f1xx_it.o
 .text.NMI_Handler
                0x080088dc        0x8 ./Core/Src/stm32f1xx_it.o
                0x080088dc                NMI_Handler
 .text.HardFault_Handler
                0x080088e4       0x14 ./Core/Src/stm32f1xx_it.o
                0x080088e4                HardFault_Handler
 .text.MemManage_Handler
                0x080088f8        0x8 ./Core/Src/stm32f1xx_it.o
                0x080088f8                MemManage_Handler
 .text.BusFault_Handler
                0x08008900        0x8 ./Core/Src/stm32f1xx_it.o
                0x08008900                BusFault_Handler
 .text.UsageFault_Handler
                0x08008908        0x8 ./Core/Src/stm32f1xx_it.o
                0x08008908                UsageFault_Handler
 .text.SVC_Handler
                0x08008910        0xc ./Core/Src/stm32f1xx_it.o
                0x08008910                SVC_Handler
 .text.DebugMon_Handler
                0x0800891c        0xc ./Core/Src/stm32f1xx_it.o
                0x0800891c                DebugMon_Handler
 .text.PendSV_Handler
                0x08008928        0xc ./Core/Src/stm32f1xx_it.o
                0x08008928                PendSV_Handler
 .text.SysTick_Handler
                0x08008934       0x30 ./Core/Src/stm32f1xx_it.o
                0x08008934                SysTick_Handler
 .text.RTC_IRQHandler
                0x08008964       0x14 ./Core/Src/stm32f1xx_it.o
                0x08008964                RTC_IRQHandler
 .text.DMA1_Channel1_IRQHandler
                0x08008978       0x14 ./Core/Src/stm32f1xx_it.o
                0x08008978                DMA1_Channel1_IRQHandler
 .text.DMA1_Channel3_IRQHandler
                0x0800898c       0x14 ./Core/Src/stm32f1xx_it.o
                0x0800898c                DMA1_Channel3_IRQHandler
 .text.DMA1_Channel5_IRQHandler
                0x080089a0       0x14 ./Core/Src/stm32f1xx_it.o
                0x080089a0                DMA1_Channel5_IRQHandler
 .text.EXTI9_5_IRQHandler
                0x080089b4       0x44 ./Core/Src/stm32f1xx_it.o
                0x080089b4                EXTI9_5_IRQHandler
 .text.USART1_IRQHandler
                0x080089f8       0x80 ./Core/Src/stm32f1xx_it.o
                0x080089f8                USART1_IRQHandler
 .text.USART3_IRQHandler
                0x08008a78       0x78 ./Core/Src/stm32f1xx_it.o
                0x08008a78                USART3_IRQHandler
 .text.SystemInit
                0x08008af0        0xc ./Core/Src/system_stm32f1xx.o
                0x08008af0                SystemInit
 .text.MX_TIM1_Init
                0x08008afc      0x100 ./Core/Src/tim.o
                0x08008afc                MX_TIM1_Init
 .text.HAL_TIM_PWM_MspInit
                0x08008bfc       0x3c ./Core/Src/tim.o
                0x08008bfc                HAL_TIM_PWM_MspInit
 .text.HAL_TIM_MspPostInit
                0x08008c38       0x68 ./Core/Src/tim.o
                0x08008c38                HAL_TIM_MspPostInit
 .text.MX_USART1_UART_Init
                0x08008ca0       0x54 ./Core/Src/usart.o
                0x08008ca0                MX_USART1_UART_Init
 .text.MX_USART3_UART_Init
                0x08008cf4       0x54 ./Core/Src/usart.o
                0x08008cf4                MX_USART3_UART_Init
 .text.HAL_UART_MspInit
                0x08008d48      0x200 ./Core/Src/usart.o
                0x08008d48                HAL_UART_MspInit
 .text.HAL_UART_MspDeInit
                0x08008f48       0x88 ./Core/Src/usart.o
                0x08008f48                HAL_UART_MspDeInit
 .text.Reset_Handler
                0x08008fd0       0x48 ./Core/Startup/startup_stm32f105rctx.o
                0x08008fd0                Reset_Handler
 .text.Default_Handler
                0x08009018        0x2 ./Core/Startup/startup_stm32f105rctx.o
                0x08009018                RTC_Alarm_IRQHandler
                0x08009018                EXTI2_IRQHandler
                0x08009018                TIM1_CC_IRQHandler
                0x08009018                TIM6_IRQHandler
                0x08009018                PVD_IRQHandler
                0x08009018                CAN2_RX1_IRQHandler
                0x08009018                EXTI3_IRQHandler
                0x08009018                EXTI0_IRQHandler
                0x08009018                I2C2_EV_IRQHandler
                0x08009018                CAN1_RX0_IRQHandler
                0x08009018                CAN2_SCE_IRQHandler
                0x08009018                ADC1_2_IRQHandler
                0x08009018                SPI1_IRQHandler
                0x08009018                TAMPER_IRQHandler
                0x08009018                CAN2_RX0_IRQHandler
                0x08009018                DMA2_Channel2_IRQHandler
                0x08009018                DMA1_Channel4_IRQHandler
                0x08009018                DMA1_Channel7_IRQHandler
                0x08009018                CAN1_RX1_IRQHandler
                0x08009018                UART5_IRQHandler
                0x08009018                TIM4_IRQHandler
                0x08009018                DMA2_Channel1_IRQHandler
                0x08009018                I2C1_EV_IRQHandler
                0x08009018                DMA1_Channel6_IRQHandler
                0x08009018                UART4_IRQHandler
                0x08009018                DMA2_Channel4_IRQHandler
                0x08009018                TIM3_IRQHandler
                0x08009018                RCC_IRQHandler
                0x08009018                TIM1_TRG_COM_IRQHandler
                0x08009018                Default_Handler
                0x08009018                EXTI15_10_IRQHandler
                0x08009018                TIM7_IRQHandler
                0x08009018                CAN2_TX_IRQHandler
                0x08009018                TIM5_IRQHandler
                0x08009018                SPI2_IRQHandler
                0x08009018                CAN1_TX_IRQHandler
                0x08009018                DMA2_Channel5_IRQHandler
                0x08009018                EXTI4_IRQHandler
                0x08009018                TIM1_UP_IRQHandler
                0x08009018                WWDG_IRQHandler
                0x08009018                TIM2_IRQHandler
                0x08009018                OTG_FS_WKUP_IRQHandler
                0x08009018                TIM1_BRK_IRQHandler
                0x08009018                EXTI1_IRQHandler
                0x08009018                USART2_IRQHandler
                0x08009018                I2C2_ER_IRQHandler
                0x08009018                DMA1_Channel2_IRQHandler
                0x08009018                CAN1_SCE_IRQHandler
                0x08009018                FLASH_IRQHandler
                0x08009018                OTG_FS_IRQHandler
                0x08009018                SPI3_IRQHandler
                0x08009018                I2C1_ER_IRQHandler
                0x08009018                DMA2_Channel3_IRQHandler
 *fill*         0x0800901a        0x2 
 .text.HAL_Init
                0x0800901c       0x2c ./Drivers/STM32F1xx_HAL_Driver/Src/stm32f1xx_hal.o
                0x0800901c                HAL_Init
 .text.HAL_InitTick
                0x08009048       0x60 ./Drivers/STM32F1xx_HAL_Driver/Src/stm32f1xx_hal.o
                0x08009048                HAL_InitTick
 .text.HAL_IncTick
                0x080090a8       0x24 ./Drivers/STM32F1xx_HAL_Driver/Src/stm32f1xx_hal.o
                0x080090a8                HAL_IncTick
 .text.HAL_GetTick
                0x080090cc       0x14 ./Drivers/STM32F1xx_HAL_Driver/Src/stm32f1xx_hal.o
                0x080090cc                HAL_GetTick
 .text.HAL_Delay
                0x080090e0       0x48 ./Drivers/STM32F1xx_HAL_Driver/Src/stm32f1xx_hal.o
                0x080090e0                HAL_Delay
 .text.HAL_ADC_Init
                0x08009128      0x1b0 ./Drivers/STM32F1xx_HAL_Driver/Src/stm32f1xx_hal_adc.o
                0x08009128                HAL_ADC_Init
 .text.HAL_ADC_Start_DMA
                0x080092d8      0x1bc ./Drivers/STM32F1xx_HAL_Driver/Src/stm32f1xx_hal_adc.o
                0x080092d8                HAL_ADC_Start_DMA
 .text.HAL_ADC_ConvCpltCallback
                0x08009494       0x12 ./Drivers/STM32F1xx_HAL_Driver/Src/stm32f1xx_hal_adc.o
                0x08009494                HAL_ADC_ConvCpltCallback
 .text.HAL_ADC_ConvHalfCpltCallback
                0x080094a6       0x12 ./Drivers/STM32F1xx_HAL_Driver/Src/stm32f1xx_hal_adc.o
                0x080094a6                HAL_ADC_ConvHalfCpltCallback
 .text.HAL_ADC_ErrorCallback
                0x080094b8       0x12 ./Drivers/STM32F1xx_HAL_Driver/Src/stm32f1xx_hal_adc.o
                0x080094b8                HAL_ADC_ErrorCallback
 *fill*         0x080094ca        0x2 
 .text.HAL_ADC_ConfigChannel
                0x080094cc      0x1f0 ./Drivers/STM32F1xx_HAL_Driver/Src/stm32f1xx_hal_adc.o
                0x080094cc                HAL_ADC_ConfigChannel
 .text.ADC_Enable
                0x080096bc       0xb4 ./Drivers/STM32F1xx_HAL_Driver/Src/stm32f1xx_hal_adc.o
                0x080096bc                ADC_Enable
 .text.ADC_ConversionStop_Disable
                0x08009770       0x82 ./Drivers/STM32F1xx_HAL_Driver/Src/stm32f1xx_hal_adc.o
                0x08009770                ADC_ConversionStop_Disable
 .text.ADC_DMAConvCplt
                0x080097f2       0x7c ./Drivers/STM32F1xx_HAL_Driver/Src/stm32f1xx_hal_adc.o
                0x080097f2                ADC_DMAConvCplt
 .text.ADC_DMAHalfConvCplt
                0x0800986e       0x1c ./Drivers/STM32F1xx_HAL_Driver/Src/stm32f1xx_hal_adc.o
                0x0800986e                ADC_DMAHalfConvCplt
 .text.ADC_DMAError
                0x0800988a       0x34 ./Drivers/STM32F1xx_HAL_Driver/Src/stm32f1xx_hal_adc.o
                0x0800988a                ADC_DMAError
 *fill*         0x080098be        0x2 
 .text.HAL_ADCEx_Calibration_Start
                0x080098c0      0x15c ./Drivers/STM32F1xx_HAL_Driver/Src/stm32f1xx_hal_adc_ex.o
                0x080098c0                HAL_ADCEx_Calibration_Start
 .text.__NVIC_SetPriorityGrouping
                0x08009a1c       0x48 ./Drivers/STM32F1xx_HAL_Driver/Src/stm32f1xx_hal_cortex.o
 .text.__NVIC_GetPriorityGrouping
                0x08009a64       0x1c ./Drivers/STM32F1xx_HAL_Driver/Src/stm32f1xx_hal_cortex.o
 .text.__NVIC_EnableIRQ
                0x08009a80       0x38 ./Drivers/STM32F1xx_HAL_Driver/Src/stm32f1xx_hal_cortex.o
 .text.__NVIC_DisableIRQ
                0x08009ab8       0x48 ./Drivers/STM32F1xx_HAL_Driver/Src/stm32f1xx_hal_cortex.o
 .text.__NVIC_SetPriority
                0x08009b00       0x54 ./Drivers/STM32F1xx_HAL_Driver/Src/stm32f1xx_hal_cortex.o
 .text.NVIC_EncodePriority
                0x08009b54       0x64 ./Drivers/STM32F1xx_HAL_Driver/Src/stm32f1xx_hal_cortex.o
 .text.SysTick_Config
                0x08009bb8       0x44 ./Drivers/STM32F1xx_HAL_Driver/Src/stm32f1xx_hal_cortex.o
 .text.HAL_NVIC_SetPriorityGrouping
                0x08009bfc       0x16 ./Drivers/STM32F1xx_HAL_Driver/Src/stm32f1xx_hal_cortex.o
                0x08009bfc                HAL_NVIC_SetPriorityGrouping
 .text.HAL_NVIC_SetPriority
                0x08009c12       0x38 ./Drivers/STM32F1xx_HAL_Driver/Src/stm32f1xx_hal_cortex.o
                0x08009c12                HAL_NVIC_SetPriority
 .text.HAL_NVIC_EnableIRQ
                0x08009c4a       0x1c ./Drivers/STM32F1xx_HAL_Driver/Src/stm32f1xx_hal_cortex.o
                0x08009c4a                HAL_NVIC_EnableIRQ
 .text.HAL_NVIC_DisableIRQ
                0x08009c66       0x1c ./Drivers/STM32F1xx_HAL_Driver/Src/stm32f1xx_hal_cortex.o
                0x08009c66                HAL_NVIC_DisableIRQ
 .text.HAL_SYSTICK_Config
                0x08009c82       0x18 ./Drivers/STM32F1xx_HAL_Driver/Src/stm32f1xx_hal_cortex.o
                0x08009c82                HAL_SYSTICK_Config
 .text.HAL_DAC_Init
                0x08009c9a       0x44 ./Drivers/STM32F1xx_HAL_Driver/Src/stm32f1xx_hal_dac.o
                0x08009c9a                HAL_DAC_Init
 .text.HAL_DAC_Start
                0x08009cde       0xac ./Drivers/STM32F1xx_HAL_Driver/Src/stm32f1xx_hal_dac.o
                0x08009cde                HAL_DAC_Start
 .text.HAL_DAC_SetValue
                0x08009d8a       0x52 ./Drivers/STM32F1xx_HAL_Driver/Src/stm32f1xx_hal_dac.o
                0x08009d8a                HAL_DAC_SetValue
 .text.HAL_DAC_ConfigChannel
                0x08009ddc       0xb0 ./Drivers/STM32F1xx_HAL_Driver/Src/stm32f1xx_hal_dac.o
                0x08009ddc                HAL_DAC_ConfigChannel
 .text.HAL_DMA_Init
                0x08009e8c       0xec ./Drivers/STM32F1xx_HAL_Driver/Src/stm32f1xx_hal_dma.o
                0x08009e8c                HAL_DMA_Init
 .text.HAL_DMA_DeInit
                0x08009f78       0xf0 ./Drivers/STM32F1xx_HAL_Driver/Src/stm32f1xx_hal_dma.o
                0x08009f78                HAL_DMA_DeInit
 .text.HAL_DMA_Start_IT
                0x0800a068       0xc0 ./Drivers/STM32F1xx_HAL_Driver/Src/stm32f1xx_hal_dma.o
                0x0800a068                HAL_DMA_Start_IT
 .text.HAL_DMA_Abort
                0x0800a128       0x76 ./Drivers/STM32F1xx_HAL_Driver/Src/stm32f1xx_hal_dma.o
                0x0800a128                HAL_DMA_Abort
 *fill*         0x0800a19e        0x2 
 .text.HAL_DMA_Abort_IT
                0x0800a1a0      0x210 ./Drivers/STM32F1xx_HAL_Driver/Src/stm32f1xx_hal_dma.o
                0x0800a1a0                HAL_DMA_Abort_IT
 .text.HAL_DMA_IRQHandler
                0x0800a3b0      0x478 ./Drivers/STM32F1xx_HAL_Driver/Src/stm32f1xx_hal_dma.o
                0x0800a3b0                HAL_DMA_IRQHandler
 .text.DMA_SetConfig
                0x0800a828       0x5a ./Drivers/STM32F1xx_HAL_Driver/Src/stm32f1xx_hal_dma.o
 *fill*         0x0800a882        0x2 
 .text.HAL_GPIO_Init
                0x0800a884      0x308 ./Drivers/STM32F1xx_HAL_Driver/Src/stm32f1xx_hal_gpio.o
                0x0800a884                HAL_GPIO_Init
 .text.HAL_GPIO_DeInit
                0x0800ab8c      0x178 ./Drivers/STM32F1xx_HAL_Driver/Src/stm32f1xx_hal_gpio.o
                0x0800ab8c                HAL_GPIO_DeInit
 .text.HAL_GPIO_ReadPin
                0x0800ad04       0x2e ./Drivers/STM32F1xx_HAL_Driver/Src/stm32f1xx_hal_gpio.o
                0x0800ad04                HAL_GPIO_ReadPin
 .text.HAL_GPIO_WritePin
                0x0800ad32       0x30 ./Drivers/STM32F1xx_HAL_Driver/Src/stm32f1xx_hal_gpio.o
                0x0800ad32                HAL_GPIO_WritePin
 .text.HAL_GPIO_TogglePin
                0x0800ad62       0x32 ./Drivers/STM32F1xx_HAL_Driver/Src/stm32f1xx_hal_gpio.o
                0x0800ad62                HAL_GPIO_TogglePin
 .text.HAL_GPIO_EXTI_IRQHandler
                0x0800ad94       0x30 ./Drivers/STM32F1xx_HAL_Driver/Src/stm32f1xx_hal_gpio.o
                0x0800ad94                HAL_GPIO_EXTI_IRQHandler
 .text.HAL_GPIO_EXTI_Callback
                0x0800adc4       0x14 ./Drivers/STM32F1xx_HAL_Driver/Src/stm32f1xx_hal_gpio.o
                0x0800adc4                HAL_GPIO_EXTI_Callback
 .text.HAL_I2C_Init
                0x0800add8      0x288 ./Drivers/STM32F1xx_HAL_Driver/Src/stm32f1xx_hal_i2c.o
                0x0800add8                HAL_I2C_Init
 .text.HAL_I2C_Master_Transmit
                0x0800b060      0x1fc ./Drivers/STM32F1xx_HAL_Driver/Src/stm32f1xx_hal_i2c.o
                0x0800b060                HAL_I2C_Master_Transmit
 .text.HAL_I2C_Master_Receive
                0x0800b25c      0x4d8 ./Drivers/STM32F1xx_HAL_Driver/Src/stm32f1xx_hal_i2c.o
                0x0800b25c                HAL_I2C_Master_Receive
 .text.HAL_I2C_Mem_Write
                0x0800b734      0x1f4 ./Drivers/STM32F1xx_HAL_Driver/Src/stm32f1xx_hal_i2c.o
                0x0800b734                HAL_I2C_Mem_Write
 .text.HAL_I2C_IsDeviceReady
                0x0800b928      0x25c ./Drivers/STM32F1xx_HAL_Driver/Src/stm32f1xx_hal_i2c.o
                0x0800b928                HAL_I2C_IsDeviceReady
 .text.I2C_MasterRequestWrite
                0x0800bb84      0x104 ./Drivers/STM32F1xx_HAL_Driver/Src/stm32f1xx_hal_i2c.o
 .text.I2C_MasterRequestRead
                0x0800bc88      0x19c ./Drivers/STM32F1xx_HAL_Driver/Src/stm32f1xx_hal_i2c.o
 .text.I2C_RequestMemoryWrite
                0x0800be24      0x12c ./Drivers/STM32F1xx_HAL_Driver/Src/stm32f1xx_hal_i2c.o
 .text.I2C_WaitOnFlagUntilTimeout
                0x0800bf50       0xf4 ./Drivers/STM32F1xx_HAL_Driver/Src/stm32f1xx_hal_i2c.o
 .text.I2C_WaitOnMasterAddressFlagUntilTimeout
                0x0800c044      0x140 ./Drivers/STM32F1xx_HAL_Driver/Src/stm32f1xx_hal_i2c.o
 .text.I2C_WaitOnTXEFlagUntilTimeout
                0x0800c184       0x90 ./Drivers/STM32F1xx_HAL_Driver/Src/stm32f1xx_hal_i2c.o
 .text.I2C_WaitOnBTFFlagUntilTimeout
                0x0800c214       0x90 ./Drivers/STM32F1xx_HAL_Driver/Src/stm32f1xx_hal_i2c.o
 .text.I2C_WaitOnRXNEFlagUntilTimeout
                0x0800c2a4       0xba ./Drivers/STM32F1xx_HAL_Driver/Src/stm32f1xx_hal_i2c.o
 .text.I2C_IsAcknowledgeFailed
                0x0800c35e       0x5c ./Drivers/STM32F1xx_HAL_Driver/Src/stm32f1xx_hal_i2c.o
 *fill*         0x0800c3ba        0x2 
 .text.HAL_PWR_EnableBkUpAccess
                0x0800c3bc       0x18 ./Drivers/STM32F1xx_HAL_Driver/Src/stm32f1xx_hal_pwr.o
                0x0800c3bc                HAL_PWR_EnableBkUpAccess
 .text.HAL_RCC_OscConfig
                0x0800c3d4      0x62c ./Drivers/STM32F1xx_HAL_Driver/Src/stm32f1xx_hal_rcc.o
                0x0800c3d4                HAL_RCC_OscConfig
 .text.HAL_RCC_ClockConfig
                0x0800ca00      0x1d4 ./Drivers/STM32F1xx_HAL_Driver/Src/stm32f1xx_hal_rcc.o
                0x0800ca00                HAL_RCC_ClockConfig
 .text.HAL_RCC_GetSysClockFreq
                0x0800cbd4      0x1e8 ./Drivers/STM32F1xx_HAL_Driver/Src/stm32f1xx_hal_rcc.o
                0x0800cbd4                HAL_RCC_GetSysClockFreq
 .text.HAL_RCC_GetHCLKFreq
                0x0800cdbc       0x14 ./Drivers/STM32F1xx_HAL_Driver/Src/stm32f1xx_hal_rcc.o
                0x0800cdbc                HAL_RCC_GetHCLKFreq
 .text.HAL_RCC_GetPCLK1Freq
                0x0800cdd0       0x28 ./Drivers/STM32F1xx_HAL_Driver/Src/stm32f1xx_hal_rcc.o
                0x0800cdd0                HAL_RCC_GetPCLK1Freq
 .text.HAL_RCC_GetPCLK2Freq
                0x0800cdf8       0x28 ./Drivers/STM32F1xx_HAL_Driver/Src/stm32f1xx_hal_rcc.o
                0x0800cdf8                HAL_RCC_GetPCLK2Freq
 .text.RCC_Delay
                0x0800ce20       0x3c ./Drivers/STM32F1xx_HAL_Driver/Src/stm32f1xx_hal_rcc.o
 .text.HAL_RCCEx_PeriphCLKConfig
                0x0800ce5c      0x264 ./Drivers/STM32F1xx_HAL_Driver/Src/stm32f1xx_hal_rcc_ex.o
                0x0800ce5c                HAL_RCCEx_PeriphCLKConfig
 .text.HAL_RCCEx_GetPeriphCLKFreq
                0x0800d0c0      0x2a4 ./Drivers/STM32F1xx_HAL_Driver/Src/stm32f1xx_hal_rcc_ex.o
                0x0800d0c0                HAL_RCCEx_GetPeriphCLKFreq
 .text.HAL_RTC_Init
                0x0800d364      0x118 ./Drivers/STM32F1xx_HAL_Driver/Src/stm32f1xx_hal_rtc.o
                0x0800d364                HAL_RTC_Init
 .text.HAL_RTC_SetTime
                0x0800d47c      0x12e ./Drivers/STM32F1xx_HAL_Driver/Src/stm32f1xx_hal_rtc.o
                0x0800d47c                HAL_RTC_SetTime
 *fill*         0x0800d5aa        0x2 
 .text.HAL_RTC_SetDate
                0x0800d5ac      0x16c ./Drivers/STM32F1xx_HAL_Driver/Src/stm32f1xx_hal_rtc.o
                0x0800d5ac                HAL_RTC_SetDate
 .text.HAL_RTC_WaitForSynchro
                0x0800d718       0x5a ./Drivers/STM32F1xx_HAL_Driver/Src/stm32f1xx_hal_rtc.o
                0x0800d718                HAL_RTC_WaitForSynchro
 .text.RTC_ReadTimeCounter
                0x0800d772       0x60 ./Drivers/STM32F1xx_HAL_Driver/Src/stm32f1xx_hal_rtc.o
 .text.RTC_WriteTimeCounter
                0x0800d7d2       0x4e ./Drivers/STM32F1xx_HAL_Driver/Src/stm32f1xx_hal_rtc.o
 .text.RTC_ReadAlarmCounter
                0x0800d820       0x32 ./Drivers/STM32F1xx_HAL_Driver/Src/stm32f1xx_hal_rtc.o
 .text.RTC_WriteAlarmCounter
                0x0800d852       0x4e ./Drivers/STM32F1xx_HAL_Driver/Src/stm32f1xx_hal_rtc.o
 .text.RTC_EnterInitMode
                0x0800d8a0       0x50 ./Drivers/STM32F1xx_HAL_Driver/Src/stm32f1xx_hal_rtc.o
 .text.RTC_ExitInitMode
                0x0800d8f0       0x50 ./Drivers/STM32F1xx_HAL_Driver/Src/stm32f1xx_hal_rtc.o
 .text.RTC_Bcd2ToByte
                0x0800d940       0x3a ./Drivers/STM32F1xx_HAL_Driver/Src/stm32f1xx_hal_rtc.o
 *fill*         0x0800d97a        0x2 
 .text.RTC_WeekDayNum
                0x0800d97c       0xf0 ./Drivers/STM32F1xx_HAL_Driver/Src/stm32f1xx_hal_rtc.o
 .text.HAL_RTCEx_SetSecond_IT
                0x0800da6c       0x52 ./Drivers/STM32F1xx_HAL_Driver/Src/stm32f1xx_hal_rtc_ex.o
                0x0800da6c                HAL_RTCEx_SetSecond_IT
 .text.HAL_RTCEx_RTCIRQHandler
                0x0800dabe       0x6e ./Drivers/STM32F1xx_HAL_Driver/Src/stm32f1xx_hal_rtc_ex.o
                0x0800dabe                HAL_RTCEx_RTCIRQHandler
 .text.HAL_RTCEx_RTCEventCallback
                0x0800db2c       0x12 ./Drivers/STM32F1xx_HAL_Driver/Src/stm32f1xx_hal_rtc_ex.o
                0x0800db2c                HAL_RTCEx_RTCEventCallback
 .text.HAL_RTCEx_RTCEventErrorCallback
                0x0800db3e       0x12 ./Drivers/STM32F1xx_HAL_Driver/Src/stm32f1xx_hal_rtc_ex.o
                0x0800db3e                HAL_RTCEx_RTCEventErrorCallback
 .text.HAL_SPI_Init
                0x0800db50      0x108 ./Drivers/STM32F1xx_HAL_Driver/Src/stm32f1xx_hal_spi.o
                0x0800db50                HAL_SPI_Init
 .text.HAL_SPI_Transmit
                0x0800dc58      0x288 ./Drivers/STM32F1xx_HAL_Driver/Src/stm32f1xx_hal_spi.o
                0x0800dc58                HAL_SPI_Transmit
 .text.SPI_WaitFlagStateUntilTimeout
                0x0800dee0      0x110 ./Drivers/STM32F1xx_HAL_Driver/Src/stm32f1xx_hal_spi.o
 .text.SPI_EndRxTxTransaction
                0x0800dff0       0x62 ./Drivers/STM32F1xx_HAL_Driver/Src/stm32f1xx_hal_spi.o
 .text.HAL_TIM_PWM_Init
                0x0800e052       0x9e ./Drivers/STM32F1xx_HAL_Driver/Src/stm32f1xx_hal_tim.o
                0x0800e052                HAL_TIM_PWM_Init
 .text.HAL_TIM_PWM_Start
                0x0800e0f0      0x154 ./Drivers/STM32F1xx_HAL_Driver/Src/stm32f1xx_hal_tim.o
                0x0800e0f0                HAL_TIM_PWM_Start
 .text.HAL_TIM_PWM_ConfigChannel
                0x0800e244      0x184 ./Drivers/STM32F1xx_HAL_Driver/Src/stm32f1xx_hal_tim.o
                0x0800e244                HAL_TIM_PWM_ConfigChannel
 .text.TIM_Base_SetConfig
                0x0800e3c8       0xf0 ./Drivers/STM32F1xx_HAL_Driver/Src/stm32f1xx_hal_tim.o
                0x0800e3c8                TIM_Base_SetConfig
 .text.TIM_OC1_SetConfig
                0x0800e4b8       0xcc ./Drivers/STM32F1xx_HAL_Driver/Src/stm32f1xx_hal_tim.o
 .text.TIM_OC2_SetConfig
                0x0800e584       0xd4 ./Drivers/STM32F1xx_HAL_Driver/Src/stm32f1xx_hal_tim.o
                0x0800e584                TIM_OC2_SetConfig
 .text.TIM_OC3_SetConfig
                0x0800e658       0xd4 ./Drivers/STM32F1xx_HAL_Driver/Src/stm32f1xx_hal_tim.o
 .text.TIM_OC4_SetConfig
                0x0800e72c       0x9c ./Drivers/STM32F1xx_HAL_Driver/Src/stm32f1xx_hal_tim.o
 .text.TIM_CCxChannelCmd
                0x0800e7c8       0x48 ./Drivers/STM32F1xx_HAL_Driver/Src/stm32f1xx_hal_tim.o
                0x0800e7c8                TIM_CCxChannelCmd
 .text.HAL_TIMEx_MasterConfigSynchronization
                0x0800e810       0xcc ./Drivers/STM32F1xx_HAL_Driver/Src/stm32f1xx_hal_tim_ex.o
                0x0800e810                HAL_TIMEx_MasterConfigSynchronization
 .text.HAL_TIMEx_ConfigBreakDeadTime
                0x0800e8dc       0xa2 ./Drivers/STM32F1xx_HAL_Driver/Src/stm32f1xx_hal_tim_ex.o
                0x0800e8dc                HAL_TIMEx_ConfigBreakDeadTime
 .text.HAL_UART_Init
                0x0800e97e       0xa0 ./Drivers/STM32F1xx_HAL_Driver/Src/stm32f1xx_hal_uart.o
                0x0800e97e                HAL_UART_Init
 .text.HAL_UART_DeInit
                0x0800ea1e       0x64 ./Drivers/STM32F1xx_HAL_Driver/Src/stm32f1xx_hal_uart.o
                0x0800ea1e                HAL_UART_DeInit
 .text.HAL_UART_Transmit
                0x0800ea82      0x116 ./Drivers/STM32F1xx_HAL_Driver/Src/stm32f1xx_hal_uart.o
                0x0800ea82                HAL_UART_Transmit
 .text.HAL_UART_Transmit_IT
                0x0800eb98       0x6a ./Drivers/STM32F1xx_HAL_Driver/Src/stm32f1xx_hal_uart.o
                0x0800eb98                HAL_UART_Transmit_IT
 .text.HAL_UART_Receive_DMA
                0x0800ec02       0x4a ./Drivers/STM32F1xx_HAL_Driver/Src/stm32f1xx_hal_uart.o
                0x0800ec02                HAL_UART_Receive_DMA
 .text.HAL_UART_DMAStop
                0x0800ec4c       0xfe ./Drivers/STM32F1xx_HAL_Driver/Src/stm32f1xx_hal_uart.o
                0x0800ec4c                HAL_UART_DMAStop
 *fill*         0x0800ed4a        0x2 
 .text.HAL_UART_IRQHandler
                0x0800ed4c      0x524 ./Drivers/STM32F1xx_HAL_Driver/Src/stm32f1xx_hal_uart.o
                0x0800ed4c                HAL_UART_IRQHandler
 .text.HAL_UART_TxCpltCallback
                0x0800f270       0x12 ./Drivers/STM32F1xx_HAL_Driver/Src/stm32f1xx_hal_uart.o
                0x0800f270                HAL_UART_TxCpltCallback
 .text.HAL_UART_RxCpltCallback
                0x0800f282       0x12 ./Drivers/STM32F1xx_HAL_Driver/Src/stm32f1xx_hal_uart.o
                0x0800f282                HAL_UART_RxCpltCallback
 .text.HAL_UART_RxHalfCpltCallback
                0x0800f294       0x12 ./Drivers/STM32F1xx_HAL_Driver/Src/stm32f1xx_hal_uart.o
                0x0800f294                HAL_UART_RxHalfCpltCallback
 .text.HAL_UART_ErrorCallback
                0x0800f2a6       0x12 ./Drivers/STM32F1xx_HAL_Driver/Src/stm32f1xx_hal_uart.o
                0x0800f2a6                HAL_UART_ErrorCallback
 .text.HAL_UARTEx_RxEventCallback
                0x0800f2b8       0x16 ./Drivers/STM32F1xx_HAL_Driver/Src/stm32f1xx_hal_uart.o
                0x0800f2b8                HAL_UARTEx_RxEventCallback
 .text.UART_DMAReceiveCplt
                0x0800f2ce      0x12c ./Drivers/STM32F1xx_HAL_Driver/Src/stm32f1xx_hal_uart.o
 .text.UART_DMARxHalfCplt
                0x0800f3fa       0x3c ./Drivers/STM32F1xx_HAL_Driver/Src/stm32f1xx_hal_uart.o
 .text.UART_DMAError
                0x0800f436       0x94 ./Drivers/STM32F1xx_HAL_Driver/Src/stm32f1xx_hal_uart.o
 .text.UART_WaitOnFlagUntilTimeout
                0x0800f4ca       0xb2 ./Drivers/STM32F1xx_HAL_Driver/Src/stm32f1xx_hal_uart.o
 .text.UART_Start_Receive_DMA
                0x0800f57c      0x134 ./Drivers/STM32F1xx_HAL_Driver/Src/stm32f1xx_hal_uart.o
                0x0800f57c                UART_Start_Receive_DMA
 .text.UART_EndTxTransfer
                0x0800f6b0       0x4e ./Drivers/STM32F1xx_HAL_Driver/Src/stm32f1xx_hal_uart.o
 .text.UART_EndRxTransfer
                0x0800f6fe       0xc4 ./Drivers/STM32F1xx_HAL_Driver/Src/stm32f1xx_hal_uart.o
 .text.UART_DMAAbortOnError
                0x0800f7c2       0x28 ./Drivers/STM32F1xx_HAL_Driver/Src/stm32f1xx_hal_uart.o
 .text.UART_Transmit_IT
                0x0800f7ea       0x9e ./Drivers/STM32F1xx_HAL_Driver/Src/stm32f1xx_hal_uart.o
 .text.UART_EndTransmit_IT
                0x0800f888       0x30 ./Drivers/STM32F1xx_HAL_Driver/Src/stm32f1xx_hal_uart.o
 .text.UART_Receive_IT
                0x0800f8b8      0x17c ./Drivers/STM32F1xx_HAL_Driver/Src/stm32f1xx_hal_uart.o
 .text.UART_SetConfig
                0x0800fa34      0x11c ./Drivers/STM32F1xx_HAL_Driver/Src/stm32f1xx_hal_uart.o
 .text.memset   0x0800fb50       0x10 C:/ST/STM32CubeIDE_1.17.0/STM32CubeIDE/plugins/com.st.stm32cube.ide.mcu.externaltools.gnu-tools-for-stm32.13.3.rel1.win32_1.0.0.202411081344/tools/bin/../lib/gcc/arm-none-eabi/13.3.1/../../../../arm-none-eabi/lib/thumb/v7-m/nofp\libc_nano.a(libc_a-memset.o)
                0x0800fb50                memset
 .text.__errno  0x0800fb60        0xc C:/ST/STM32CubeIDE_1.17.0/STM32CubeIDE/plugins/com.st.stm32cube.ide.mcu.externaltools.gnu-tools-for-stm32.13.3.rel1.win32_1.0.0.202411081344/tools/bin/../lib/gcc/arm-none-eabi/13.3.1/../../../../arm-none-eabi/lib/thumb/v7-m/nofp\libc_nano.a(libc_a-errno.o)
                0x0800fb60                __errno
 .text.__libc_init_array
                0x0800fb6c       0x48 C:/ST/STM32CubeIDE_1.17.0/STM32CubeIDE/plugins/com.st.stm32cube.ide.mcu.externaltools.gnu-tools-for-stm32.13.3.rel1.win32_1.0.0.202411081344/tools/bin/../lib/gcc/arm-none-eabi/13.3.1/../../../../arm-none-eabi/lib/thumb/v7-m/nofp\libc_nano.a(libc_a-init.o)
                0x0800fb6c                __libc_init_array
 .text.memcpy   0x0800fbb4       0x1c C:/ST/STM32CubeIDE_1.17.0/STM32CubeIDE/plugins/com.st.stm32cube.ide.mcu.externaltools.gnu-tools-for-stm32.13.3.rel1.win32_1.0.0.202411081344/tools/bin/../lib/gcc/arm-none-eabi/13.3.1/../../../../arm-none-eabi/lib/thumb/v7-m/nofp\libc_nano.a(libc_a-memcpy-stub.o)
                0x0800fbb4                memcpy
 .text.powf     0x0800fbd0       0x9a C:/ST/STM32CubeIDE_1.17.0/STM32CubeIDE/plugins/com.st.stm32cube.ide.mcu.externaltools.gnu-tools-for-stm32.13.3.rel1.win32_1.0.0.202411081344/tools/bin/../lib/gcc/arm-none-eabi/13.3.1/../../../../arm-none-eabi/lib/thumb/v7-m/nofp\libm.a(libm_a-wf_pow.o)
                0x0800fbd0                powf
 .text.finitef  0x0800fc6a       0x10 C:/ST/STM32CubeIDE_1.17.0/STM32CubeIDE/plugins/com.st.stm32cube.ide.mcu.externaltools.gnu-tools-for-stm32.13.3.rel1.win32_1.0.0.202411081344/tools/bin/../lib/gcc/arm-none-eabi/13.3.1/../../../../arm-none-eabi/lib/thumb/v7-m/nofp\libm.a(libm_a-sf_finite.o)
                0x0800fc6a                finitef
 *fill*         0x0800fc7a        0x2 
 .text.__ieee754_powf
                0x0800fc7c      0x6c0 C:/ST/STM32CubeIDE_1.17.0/STM32CubeIDE/plugins/com.st.stm32cube.ide.mcu.externaltools.gnu-tools-for-stm32.13.3.rel1.win32_1.0.0.202411081344/tools/bin/../lib/gcc/arm-none-eabi/13.3.1/../../../../arm-none-eabi/lib/thumb/v7-m/nofp\libm.a(libm_a-ef_pow.o)
                0x0800fc7c                __ieee754_powf
 .text.fabsf    0x0801033c        0x6 C:/ST/STM32CubeIDE_1.17.0/STM32CubeIDE/plugins/com.st.stm32cube.ide.mcu.externaltools.gnu-tools-for-stm32.13.3.rel1.win32_1.0.0.202411081344/tools/bin/../lib/gcc/arm-none-eabi/13.3.1/../../../../arm-none-eabi/lib/thumb/v7-m/nofp\libm.a(libm_a-sf_fabs.o)
                0x0801033c                fabsf
 *fill*         0x08010342        0x2 
 .text.scalbnf  0x08010344       0x98 C:/ST/STM32CubeIDE_1.17.0/STM32CubeIDE/plugins/com.st.stm32cube.ide.mcu.externaltools.gnu-tools-for-stm32.13.3.rel1.win32_1.0.0.202411081344/tools/bin/../lib/gcc/arm-none-eabi/13.3.1/../../../../arm-none-eabi/lib/thumb/v7-m/nofp\libm.a(libm_a-sf_scalbn.o)
                0x08010344                scalbnf
 .text.with_errnof
                0x080103dc       0x10 C:/ST/STM32CubeIDE_1.17.0/STM32CubeIDE/plugins/com.st.stm32cube.ide.mcu.externaltools.gnu-tools-for-stm32.13.3.rel1.win32_1.0.0.202411081344/tools/bin/../lib/gcc/arm-none-eabi/13.3.1/../../../../arm-none-eabi/lib/thumb/v7-m/nofp\libm.a(libm_a-math_errf.o)
 .text.xflowf   0x080103ec       0x1a C:/ST/STM32CubeIDE_1.17.0/STM32CubeIDE/plugins/com.st.stm32cube.ide.mcu.externaltools.gnu-tools-for-stm32.13.3.rel1.win32_1.0.0.202411081344/tools/bin/../lib/gcc/arm-none-eabi/13.3.1/../../../../arm-none-eabi/lib/thumb/v7-m/nofp\libm.a(libm_a-math_errf.o)
 .text.__math_uflowf
                0x08010406        0x8 C:/ST/STM32CubeIDE_1.17.0/STM32CubeIDE/plugins/com.st.stm32cube.ide.mcu.externaltools.gnu-tools-for-stm32.13.3.rel1.win32_1.0.0.202411081344/tools/bin/../lib/gcc/arm-none-eabi/13.3.1/../../../../arm-none-eabi/lib/thumb/v7-m/nofp\libm.a(libm_a-math_errf.o)
                0x08010406                __math_uflowf
 .text.__math_oflowf
                0x0801040e        0x8 C:/ST/STM32CubeIDE_1.17.0/STM32CubeIDE/plugins/com.st.stm32cube.ide.mcu.externaltools.gnu-tools-for-stm32.13.3.rel1.win32_1.0.0.202411081344/tools/bin/../lib/gcc/arm-none-eabi/13.3.1/../../../../arm-none-eabi/lib/thumb/v7-m/nofp\libm.a(libm_a-math_errf.o)
                0x0801040e                __math_oflowf
 *fill*         0x08010416        0x2 
 .text.__ieee754_sqrtf
                0x08010418       0xe0 C:/ST/STM32CubeIDE_1.17.0/STM32CubeIDE/plugins/com.st.stm32cube.ide.mcu.externaltools.gnu-tools-for-stm32.13.3.rel1.win32_1.0.0.202411081344/tools/bin/../lib/gcc/arm-none-eabi/13.3.1/../../../../arm-none-eabi/lib/thumb/v7-m/nofp\libm.a(libm_a-ef_sqrt.o)
                0x08010418                __ieee754_sqrtf
 *(.glue_7)
 .glue_7        0x080104f8        0x0 linker stubs
 *(.glue_7t)
 .glue_7t       0x080104f8        0x0 linker stubs
 *(.eh_frame)
 .eh_frame      0x080104f8        0x0 C:/ST/STM32CubeIDE_1.17.0/STM32CubeIDE/plugins/com.st.stm32cube.ide.mcu.externaltools.gnu-tools-for-stm32.13.3.rel1.win32_1.0.0.202411081344/tools/bin/../lib/gcc/arm-none-eabi/13.3.1/thumb/v7-m/nofp/crtbegin.o
 *(.init)
 .init          0x080104f8        0x4 C:/ST/STM32CubeIDE_1.17.0/STM32CubeIDE/plugins/com.st.stm32cube.ide.mcu.externaltools.gnu-tools-for-stm32.13.3.rel1.win32_1.0.0.202411081344/tools/bin/../lib/gcc/arm-none-eabi/13.3.1/thumb/v7-m/nofp/crti.o
                0x080104f8                _init
 .init          0x080104fc        0x8 C:/ST/STM32CubeIDE_1.17.0/STM32CubeIDE/plugins/com.st.stm32cube.ide.mcu.externaltools.gnu-tools-for-stm32.13.3.rel1.win32_1.0.0.202411081344/tools/bin/../lib/gcc/arm-none-eabi/13.3.1/thumb/v7-m/nofp/crtn.o
 *(.fini)
 .fini          0x08010504        0x4 C:/ST/STM32CubeIDE_1.17.0/STM32CubeIDE/plugins/com.st.stm32cube.ide.mcu.externaltools.gnu-tools-for-stm32.13.3.rel1.win32_1.0.0.202411081344/tools/bin/../lib/gcc/arm-none-eabi/13.3.1/thumb/v7-m/nofp/crti.o
                0x08010504                _fini
 .fini          0x08010508        0x8 C:/ST/STM32CubeIDE_1.17.0/STM32CubeIDE/plugins/com.st.stm32cube.ide.mcu.externaltools.gnu-tools-for-stm32.13.3.rel1.win32_1.0.0.202411081344/tools/bin/../lib/gcc/arm-none-eabi/13.3.1/thumb/v7-m/nofp/crtn.o
                0x08010510                        . = ALIGN (0x4)
                0x08010510                        _etext = .

.vfp11_veneer   0x08010510        0x0
 .vfp11_veneer  0x08010510        0x0 linker stubs

.v4_bx          0x08010510        0x0
 .v4_bx         0x08010510        0x0 linker stubs

.iplt           0x08010510        0x0
 .iplt          0x08010510        0x0 C:/ST/STM32CubeIDE_1.17.0/STM32CubeIDE/plugins/com.st.stm32cube.ide.mcu.externaltools.gnu-tools-for-stm32.13.3.rel1.win32_1.0.0.202411081344/tools/bin/../lib/gcc/arm-none-eabi/13.3.1/thumb/v7-m/nofp/crtbegin.o

.rodata         0x08010510      0x424
                0x08010510                        . = ALIGN (0x4)
 *(.rodata)
 .rodata        0x08010510      0x1dc ./Core/Src/DWIN_Process.o
 .rodata        0x080106ec       0x80 ./Core/Src/EEPROM_Process.o
 .rodata        0x0801076c        0x9 ./Core/Src/SEGGER_RTT.o
 *fill*         0x08010775        0x3 
 .rodata        0x08010778       0x1d ./Core/Src/Temperature_Process.o
 *fill*         0x08010795        0x3 
 .rodata        0x08010798       0x34 ./Core/Src/furnace_pid.o
 .rodata        0x080107cc       0xad ./Core/Src/main.o
 *fill*         0x08010879        0x3 
 .rodata        0x0801087c       0x19 ./Core/Src/stm32f1xx_it.o
 *(.rodata*)
 *fill*         0x08010895        0x3 
 .rodata._aInitStr.0
                0x08010898       0x11 ./Core/Src/SEGGER_RTT.o
 *fill*         0x080108a9        0x3 
 .rodata._aV2C.0
                0x080108ac       0x10 ./Core/Src/SEGGER_RTT_printf.o
 .rodata.AHBPrescTable
                0x080108bc       0x10 ./Core/Src/system_stm32f1xx.o
                0x080108bc                AHBPrescTable
 .rodata.APBPrescTable
                0x080108cc        0x8 ./Core/Src/system_stm32f1xx.o
                0x080108cc                APBPrescTable
 .rodata.aPLLMULFactorTable.1
                0x080108d4        0xe ./Drivers/STM32F1xx_HAL_Driver/Src/stm32f1xx_hal_rcc.o
 *fill*         0x080108e2        0x2 
 .rodata.aPredivFactorTable.0
                0x080108e4       0x10 ./Drivers/STM32F1xx_HAL_Driver/Src/stm32f1xx_hal_rcc.o
 .rodata.aPLLMULFactorTable.1
                0x080108f4        0xe ./Drivers/STM32F1xx_HAL_Driver/Src/stm32f1xx_hal_rcc_ex.o
 *fill*         0x08010902        0x2 
 .rodata.aPredivFactorTable.0
                0x08010904       0x10 ./Drivers/STM32F1xx_HAL_Driver/Src/stm32f1xx_hal_rcc_ex.o
 .rodata.dp_l   0x08010914        0x8 C:/ST/STM32CubeIDE_1.17.0/STM32CubeIDE/plugins/com.st.stm32cube.ide.mcu.externaltools.gnu-tools-for-stm32.13.3.rel1.win32_1.0.0.202411081344/tools/bin/../lib/gcc/arm-none-eabi/13.3.1/../../../../arm-none-eabi/lib/thumb/v7-m/nofp\libm.a(libm_a-ef_pow.o)
 .rodata.dp_h   0x0801091c        0x8 C:/ST/STM32CubeIDE_1.17.0/STM32CubeIDE/plugins/com.st.stm32cube.ide.mcu.externaltools.gnu-tools-for-stm32.13.3.rel1.win32_1.0.0.202411081344/tools/bin/../lib/gcc/arm-none-eabi/13.3.1/../../../../arm-none-eabi/lib/thumb/v7-m/nofp\libm.a(libm_a-ef_pow.o)
 .rodata.bp     0x08010924        0x8 C:/ST/STM32CubeIDE_1.17.0/STM32CubeIDE/plugins/com.st.stm32cube.ide.mcu.externaltools.gnu-tools-for-stm32.13.3.rel1.win32_1.0.0.202411081344/tools/bin/../lib/gcc/arm-none-eabi/13.3.1/../../../../arm-none-eabi/lib/thumb/v7-m/nofp\libm.a(libm_a-ef_pow.o)
 .rodata.tiny   0x0801092c        0x4 C:/ST/STM32CubeIDE_1.17.0/STM32CubeIDE/plugins/com.st.stm32cube.ide.mcu.externaltools.gnu-tools-for-stm32.13.3.rel1.win32_1.0.0.202411081344/tools/bin/../lib/gcc/arm-none-eabi/13.3.1/../../../../arm-none-eabi/lib/thumb/v7-m/nofp\libm.a(libm_a-ef_sqrt.o)
 .rodata.one    0x08010930        0x4 C:/ST/STM32CubeIDE_1.17.0/STM32CubeIDE/plugins/com.st.stm32cube.ide.mcu.externaltools.gnu-tools-for-stm32.13.3.rel1.win32_1.0.0.202411081344/tools/bin/../lib/gcc/arm-none-eabi/13.3.1/../../../../arm-none-eabi/lib/thumb/v7-m/nofp\libm.a(libm_a-ef_sqrt.o)
                0x08010934                        . = ALIGN (0x4)

.ARM.extab      0x08010934        0x0
                0x08010934                        . = ALIGN (0x4)
 *(.ARM.extab* .gnu.linkonce.armextab.*)
                0x08010934                        . = ALIGN (0x4)

.ARM            0x08010934        0x8
                0x08010934                        . = ALIGN (0x4)
                0x08010934                        __exidx_start = .
 *(.ARM.exidx*)
 .ARM.exidx     0x08010934        0x8 C:/ST/STM32CubeIDE_1.17.0/STM32CubeIDE/plugins/com.st.stm32cube.ide.mcu.externaltools.gnu-tools-for-stm32.13.3.rel1.win32_1.0.0.202411081344/tools/bin/../lib/gcc/arm-none-eabi/13.3.1/thumb/v7-m/nofp\libgcc.a(_udivmoddi4.o)
                0x0801093c                        __exidx_end = .
                0x0801093c                        . = ALIGN (0x4)

.preinit_array  0x0801093c        0x0
                0x0801093c                        . = ALIGN (0x4)
                0x0801093c                        PROVIDE (__preinit_array_start = .)
 *(.preinit_array*)
                0x0801093c                        PROVIDE (__preinit_array_end = .)
                0x0801093c                        . = ALIGN (0x4)

.init_array     0x0801093c        0x4
                0x0801093c                        . = ALIGN (0x4)
                0x0801093c                        PROVIDE (__init_array_start = .)
 *(SORT_BY_NAME(.init_array.*))
 *(.init_array*)
 .init_array    0x0801093c        0x4 C:/ST/STM32CubeIDE_1.17.0/STM32CubeIDE/plugins/com.st.stm32cube.ide.mcu.externaltools.gnu-tools-for-stm32.13.3.rel1.win32_1.0.0.202411081344/tools/bin/../lib/gcc/arm-none-eabi/13.3.1/thumb/v7-m/nofp/crtbegin.o
                0x08010940                        PROVIDE (__init_array_end = .)
                0x08010940                        . = ALIGN (0x4)

.fini_array     0x08010940        0x4
                0x08010940                        . = ALIGN (0x4)
                [!provide]                        PROVIDE (__fini_array_start = .)
 *(SORT_BY_NAME(.fini_array.*))
 *(.fini_array*)
 .fini_array    0x08010940        0x4 C:/ST/STM32CubeIDE_1.17.0/STM32CubeIDE/plugins/com.st.stm32cube.ide.mcu.externaltools.gnu-tools-for-stm32.13.3.rel1.win32_1.0.0.202411081344/tools/bin/../lib/gcc/arm-none-eabi/13.3.1/thumb/v7-m/nofp/crtbegin.o
                [!provide]                        PROVIDE (__fini_array_end = .)
                0x08010944                        . = ALIGN (0x4)
                0x08010944                        _sidata = LOADADDR (.data)

.rel.dyn        0x08010944        0x0
 .rel.iplt      0x08010944        0x0 C:/ST/STM32CubeIDE_1.17.0/STM32CubeIDE/plugins/com.st.stm32cube.ide.mcu.externaltools.gnu-tools-for-stm32.13.3.rel1.win32_1.0.0.202411081344/tools/bin/../lib/gcc/arm-none-eabi/13.3.1/thumb/v7-m/nofp/crtbegin.o

.data           0x20000000       0x9c load address 0x08010944
                0x20000000                        . = ALIGN (0x4)
                0x20000000                        _sdata = .
 *(.data)
 *(.data*)
 .data.alarmBuzzerPeriod
                0x20000000        0x2 ./Core/Src/DWIN_Process.o
                0x20000000                alarmBuzzerPeriod
 .data.eepromStatus
                0x20000002        0x1 ./Core/Src/EEPROM_Process.o
                0x20000002                eepromStatus
 *fill*         0x20000003        0x1 
 .data.eepromAddrTable
                0x20000004       0x1e ./Core/Src/EEPROM_Process.o
                0x20000004                eepromAddrTable
 *fill*         0x20000022        0x6 
 .data.DAC_MAX  0x20000028        0x8 ./Core/Src/furnace_pid.o
                0x20000028                DAC_MAX
 .data.PID_KP   0x20000030        0x8 ./Core/Src/furnace_pid.o
                0x20000030                PID_KP
 .data.PID_KI   0x20000038        0x8 ./Core/Src/furnace_pid.o
                0x20000038                PID_KI
 .data.SystemCoreClock
                0x20000040        0x4 ./Core/Src/system_stm32f1xx.o
                0x20000040                SystemCoreClock
 .data.uwTickPrio
                0x20000044        0x4 ./Drivers/STM32F1xx_HAL_Driver/Src/stm32f1xx_hal.o
                0x20000044                uwTickPrio
 .data.uwTickFreq
                0x20000048        0x1 ./Drivers/STM32F1xx_HAL_Driver/Src/stm32f1xx_hal.o
                0x20000048                uwTickFreq
 *fill*         0x20000049        0x3 
 .data._impure_ptr
                0x2000004c        0x4 C:/ST/STM32CubeIDE_1.17.0/STM32CubeIDE/plugins/com.st.stm32cube.ide.mcu.externaltools.gnu-tools-for-stm32.13.3.rel1.win32_1.0.0.202411081344/tools/bin/../lib/gcc/arm-none-eabi/13.3.1/../../../../arm-none-eabi/lib/thumb/v7-m/nofp\libc_nano.a(libc_a-impure.o)
                0x2000004c                _impure_ptr
 .data._impure_data
                0x20000050       0x4c C:/ST/STM32CubeIDE_1.17.0/STM32CubeIDE/plugins/com.st.stm32cube.ide.mcu.externaltools.gnu-tools-for-stm32.13.3.rel1.win32_1.0.0.202411081344/tools/bin/../lib/gcc/arm-none-eabi/13.3.1/../../../../arm-none-eabi/lib/thumb/v7-m/nofp\libc_nano.a(libc_a-impure.o)
                0x20000050                _impure_data
 *(.RamFunc)
 *(.RamFunc*)
                0x2000009c                        . = ALIGN (0x4)
                0x2000009c                        _edata = .

.igot.plt       0x2000009c        0x0 load address 0x080109e0
 .igot.plt      0x2000009c        0x0 C:/ST/STM32CubeIDE_1.17.0/STM32CubeIDE/plugins/com.st.stm32cube.ide.mcu.externaltools.gnu-tools-for-stm32.13.3.rel1.win32_1.0.0.202411081344/tools/bin/../lib/gcc/arm-none-eabi/13.3.1/thumb/v7-m/nofp/crtbegin.o
                0x2000009c                        . = ALIGN (0x4)

.bss            0x200000a0     0x5374 load address 0x080109e0
                0x200000a0                        _sbss = .
                0x200000a0                        __bss_start__ = _sbss
 *(.bss)
 .bss           0x200000a0       0x1c C:/ST/STM32CubeIDE_1.17.0/STM32CubeIDE/plugins/com.st.stm32cube.ide.mcu.externaltools.gnu-tools-for-stm32.13.3.rel1.win32_1.0.0.202411081344/tools/bin/../lib/gcc/arm-none-eabi/13.3.1/thumb/v7-m/nofp/crtbegin.o
 *(.bss*)
 .bss.counterTick
                0x200000bc       0x3c ./Core/Src/DWIN_Process.o
                0x200000bc                counterTick
 .bss.registerTable
                0x200000f8     0x4650 ./Core/Src/DWIN_Process.o
                0x200000f8                registerTable
 .bss.DwinAlarmFlag
                0x20004748        0x1 ./Core/Src/DWIN_Process.o
                0x20004748                DwinAlarmFlag
 .bss.DwinAlarmBuzzer
                0x20004749        0x1 ./Core/Src/DWIN_Process.o
                0x20004749                DwinAlarmBuzzer
 .bss.wrongmsg_flag
                0x2000474a        0x1 ./Core/Src/DWIN_Process.o
                0x2000474a                wrongmsg_flag
 *fill*         0x2000474b        0x1 
 .bss.wrongmsg_buffer
                0x2000474c       0x14 ./Core/Src/DWIN_Process.o
                0x2000474c                wrongmsg_buffer
 .bss.islemdekiRecete
                0x20004760        0x2 ./Core/Src/DWIN_Process.o
                0x20004760                islemdekiRecete
 *fill*         0x20004762        0x2 
 .bss.conveyor_freq
                0x20004764        0x4 ./Core/Src/DWIN_Process.o
                0x20004764                conveyor_freq
 .bss.start_freq
                0x20004768        0x4 ./Core/Src/DWIN_Process.o
                0x20004768                start_freq
 .bss.target_freq
                0x2000476c        0x4 ./Core/Src/DWIN_Process.o
                0x2000476c                target_freq
 .bss.current_freq
                0x20004770        0x4 ./Core/Src/DWIN_Process.o
                0x20004770                current_freq
 .bss.tick_counter
                0x20004774        0x2 ./Core/Src/DWIN_Process.o
                0x20004774                tick_counter
 .bss.current_duty
                0x20004776        0x1 ./Core/Src/DWIN_Process.o
                0x20004776                current_duty
 .bss.is_transitioning
                0x20004777        0x1 ./Core/Src/DWIN_Process.o
                0x20004777                is_transitioning
 .bss.dwin_check_counter
                0x20004778        0x1 ./Core/Src/DWIN_Process.o
 *fill*         0x20004779        0x3 
 .bss.outputData
                0x2000477c        0x4 ./Core/Src/InOut_Process.o
                0x2000477c                outputData
 .bss._SEGGER_RTT
                0x20004780       0xa8 ./Core/Src/SEGGER_RTT.o
                0x20004780                _SEGGER_RTT
 .bss._acUpBuffer
                0x20004828      0x400 ./Core/Src/SEGGER_RTT.o
 .bss._acDownBuffer
                0x20004c28       0x10 ./Core/Src/SEGGER_RTT.o
 .bss.adcInitFlag
                0x20004c38        0x1 ./Core/Src/Temperature_Process.o
                0x20004c38                adcInitFlag
 *fill*         0x20004c39        0x3 
 .bss.adcBuffer
                0x20004c3c       0x10 ./Core/Src/Temperature_Process.o
                0x20004c3c                adcBuffer
 .bss.sumAdcBuffer
                0x20004c4c       0x10 ./Core/Src/Temperature_Process.o
                0x20004c4c                sumAdcBuffer
 .bss.avgAdcBuffer
                0x20004c5c       0x10 ./Core/Src/Temperature_Process.o
                0x20004c5c                avgAdcBuffer
 .bss.avgCounter
                0x20004c6c        0x4 ./Core/Src/Temperature_Process.o
                0x20004c6c                avgCounter
 .bss.vref      0x20004c70        0x2 ./Core/Src/Temperature_Process.o
                0x20004c70                vref
 *fill*         0x20004c72        0x2 
 .bss.temp      0x20004c74       0x1c ./Core/Src/Temperature_Process.o
                0x20004c74                temp
 .bss.tmpSensor
                0x20004c90        0x4 ./Core/Src/Temperature_Process.o
                0x20004c90                tmpSensor
 .bss.ustOnSicaklik
                0x20004c94        0x4 ./Core/Src/Temperature_Process.o
                0x20004c94                ustOnSicaklik
 .bss.ustArkaSicaklik
                0x20004c98        0x4 ./Core/Src/Temperature_Process.o
                0x20004c98                ustArkaSicaklik
 .bss.altSicaklik
                0x20004c9c        0x4 ./Core/Src/Temperature_Process.o
                0x20004c9c                altSicaklik
 .bss.intTempSampleCounter
                0x20004ca0        0x1 ./Core/Src/Temperature_Process.o
                0x20004ca0                intTempSampleCounter
 *fill*         0x20004ca1        0x3 
 .bss.tmp_temp  0x20004ca4        0x4 ./Core/Src/Temperature_Process.o
                0x20004ca4                tmp_temp
 .bss.DWIN_rxBuffer
                0x20004ca8       0x64 ./Core/Src/USART_Process.o
                0x20004ca8                DWIN_rxBuffer
 .bss.main_DWIN_rxBuffer
                0x20004d0c       0x64 ./Core/Src/USART_Process.o
                0x20004d0c                main_DWIN_rxBuffer
 .bss.ESP32_rxBuffer
                0x20004d70      0x100 ./Core/Src/USART_Process.o
                0x20004d70                ESP32_rxBuffer
 .bss.main_ESP32_rxBuffer
                0x20004e70      0x100 ./Core/Src/USART_Process.o
                0x20004e70                main_ESP32_rxBuffer
 .bss.DWIN_usartDeclaration
                0x20004f70        0x4 ./Core/Src/USART_Process.o
                0x20004f70                DWIN_usartDeclaration
 .bss.DWIN_huart_channel
                0x20004f74        0x4 ./Core/Src/USART_Process.o
                0x20004f74                DWIN_huart_channel
 .bss.DWIN_hdma_usart_purpose
                0x20004f78        0x4 ./Core/Src/USART_Process.o
                0x20004f78                DWIN_hdma_usart_purpose
 .bss.DWIN      0x20004f7c        0x2 ./Core/Src/USART_Process.o
                0x20004f7c                DWIN
 *fill*         0x20004f7e        0x2 
 .bss.ESP32     0x20004f80        0x2 ./Core/Src/USART_Process.o
                0x20004f80                ESP32
 *fill*         0x20004f82        0x2 
 .bss.hadc1     0x20004f84       0x30 ./Core/Src/adc.o
                0x20004f84                hadc1
 .bss.hdma_adc1
                0x20004fb4       0x44 ./Core/Src/adc.o
                0x20004fb4                hdma_adc1
 .bss.hdac      0x20004ff8       0x14 ./Core/Src/dac.o
                0x20004ff8                hdac
 .bss.pwm_counter
                0x2000500c        0x2 ./Core/Src/furnace_pid.o
                0x2000500c                pwm_counter
 *fill*         0x2000500e        0x2 
 .bss.DAC_MIN   0x20005010        0x8 ./Core/Src/furnace_pid.o
                0x20005010                DAC_MIN
 .bss.PID_KD    0x20005018        0x8 ./Core/Src/furnace_pid.o
                0x20005018                PID_KD
 .bss.furnacePID
                0x20005020       0x70 ./Core/Src/furnace_pid.o
 .bss.pid_input
                0x20005090        0x4 ./Core/Src/furnace_pid.o
 *fill*         0x20005094        0x4 
 .bss.pid_output
                0x20005098        0x8 ./Core/Src/furnace_pid.o
 .bss.pid_setpoint
                0x200050a0        0x8 ./Core/Src/furnace_pid.o
 .bss.pid_active
                0x200050a8        0x1 ./Core/Src/furnace_pid.o
                0x200050a8                pid_active
 *fill*         0x200050a9        0x3 
 .bss.tick_counter
                0x200050ac        0x4 ./Core/Src/furnace_pid.o
 .bss.soft_threshold
                0x200050b0        0x8 ./Core/Src/furnace_pid.o
                0x200050b0                soft_threshold
 .bss.hi2c1     0x200050b8       0x54 ./Core/Src/i2c.o
                0x200050b8                hi2c1
 .bss.hrtc      0x2000510c       0x14 ./Core/Src/rtc.o
                0x2000510c                hrtc
 .bss.hspi1     0x20005120       0x58 ./Core/Src/spi.o
                0x20005120                hspi1
 .bss.htim1     0x20005178       0x48 ./Core/Src/tim.o
                0x20005178                htim1
 .bss.huart1    0x200051c0       0x48 ./Core/Src/usart.o
                0x200051c0                huart1
 .bss.huart3    0x20005208       0x48 ./Core/Src/usart.o
                0x20005208                huart3
 .bss.hdma_usart1_rx
                0x20005250       0x44 ./Core/Src/usart.o
                0x20005250                hdma_usart1_rx
 .bss.hdma_usart3_rx
                0x20005294       0x44 ./Core/Src/usart.o
                0x20005294                hdma_usart3_rx
 .bss.uwTick    0x200052d8        0x4 ./Drivers/STM32F1xx_HAL_Driver/Src/stm32f1xx_hal.o
                0x200052d8                uwTick
 .bss.__sf      0x200052dc      0x138 C:/ST/STM32CubeIDE_1.17.0/STM32CubeIDE/plugins/com.st.stm32cube.ide.mcu.externaltools.gnu-tools-for-stm32.13.3.rel1.win32_1.0.0.202411081344/tools/bin/../lib/gcc/arm-none-eabi/13.3.1/../../../../arm-none-eabi/lib/thumb/v7-m/nofp\libc_nano.a(libc_a-findfp.o)
                0x200052dc                __sf
 *(COMMON)
                0x20005414                        . = ALIGN (0x4)
                0x20005414                        _ebss = .
                0x20005414                        __bss_end__ = _ebss

._user_heap_stack
                0x20005414      0x604 load address 0x080109e0
                0x20005418                        . = ALIGN (0x8)
 *fill*         0x20005414        0x4 
                [!provide]                        PROVIDE (end = .)
                0x20005418                        PROVIDE (_end = .)
                0x20005618                        . = (. + _Min_Heap_Size)
 *fill*         0x20005418      0x200 
                0x20005a18                        . = (. + _Min_Stack_Size)
 *fill*         0x20005618      0x400 
                0x20005a18                        . = ALIGN (0x8)

/DISCARD/
 libc.a(*)
 libm.a(*)
 libgcc.a(*)

.ARM.attributes
                0x00000000       0x29
 *(.ARM.attributes)
 .ARM.attributes
                0x00000000       0x1d C:/ST/STM32CubeIDE_1.17.0/STM32CubeIDE/plugins/com.st.stm32cube.ide.mcu.externaltools.gnu-tools-for-stm32.13.3.rel1.win32_1.0.0.202411081344/tools/bin/../lib/gcc/arm-none-eabi/13.3.1/thumb/v7-m/nofp/crti.o
 .ARM.attributes
                0x0000001d       0x2d C:/ST/STM32CubeIDE_1.17.0/STM32CubeIDE/plugins/com.st.stm32cube.ide.mcu.externaltools.gnu-tools-for-stm32.13.3.rel1.win32_1.0.0.202411081344/tools/bin/../lib/gcc/arm-none-eabi/13.3.1/thumb/v7-m/nofp/crtbegin.o
 .ARM.attributes
                0x0000004a       0x2d ./Core/Src/DWIN_Process.o
 .ARM.attributes
                0x00000077       0x2d ./Core/Src/EEPROM_Process.o
 .ARM.attributes
                0x000000a4       0x2d ./Core/Src/InOut_Process.o
 .ARM.attributes
                0x000000d1       0x2d ./Core/Src/SEGGER_RTT.o
 .ARM.attributes
                0x000000fe       0x2d ./Core/Src/SEGGER_RTT_printf.o
 .ARM.attributes
                0x0000012b       0x2d ./Core/Src/TMP112.o
 .ARM.attributes
                0x00000158       0x2d ./Core/Src/Temperature_Process.o
 .ARM.attributes
                0x00000185       0x2d ./Core/Src/USART_Process.o
 .ARM.attributes
                0x000001b2       0x2d ./Core/Src/adc.o
 .ARM.attributes
                0x000001df       0x2d ./Core/Src/dac.o
 .ARM.attributes
                0x0000020c       0x2d ./Core/Src/dma.o
 .ARM.attributes
                0x00000239       0x2d ./Core/Src/furnace_pid.o
 .ARM.attributes
                0x00000266       0x2d ./Core/Src/gpio.o
 .ARM.attributes
                0x00000293       0x2d ./Core/Src/i2c.o
 .ARM.attributes
                0x000002c0       0x2d ./Core/Src/main.o
 .ARM.attributes
                0x000002ed       0x2d ./Core/Src/pid.o
 .ARM.attributes
                0x0000031a       0x2d ./Core/Src/rtc.o
 .ARM.attributes
                0x00000347       0x2d ./Core/Src/spi.o
 .ARM.attributes
                0x00000374       0x2d ./Core/Src/stm32f1xx_hal_msp.o
 .ARM.attributes
                0x000003a1       0x2d ./Core/Src/stm32f1xx_it.o
 .ARM.attributes
                0x000003ce       0x2d ./Core/Src/system_stm32f1xx.o
 .ARM.attributes
                0x000003fb       0x2d ./Core/Src/tim.o
 .ARM.attributes
                0x00000428       0x2d ./Core/Src/usart.o
 .ARM.attributes
                0x00000455       0x21 ./Core/Startup/startup_stm32f105rctx.o
 .ARM.attributes
                0x00000476       0x2d ./Drivers/STM32F1xx_HAL_Driver/Src/stm32f1xx_hal.o
 .ARM.attributes
                0x000004a3       0x2d ./Drivers/STM32F1xx_HAL_Driver/Src/stm32f1xx_hal_adc.o
 .ARM.attributes
                0x000004d0       0x2d ./Drivers/STM32F1xx_HAL_Driver/Src/stm32f1xx_hal_adc_ex.o
 .ARM.attributes
                0x000004fd       0x2d ./Drivers/STM32F1xx_HAL_Driver/Src/stm32f1xx_hal_cortex.o
 .ARM.attributes
                0x0000052a       0x2d ./Drivers/STM32F1xx_HAL_Driver/Src/stm32f1xx_hal_dac.o
 .ARM.attributes
                0x00000557       0x2d ./Drivers/STM32F1xx_HAL_Driver/Src/stm32f1xx_hal_dma.o
 .ARM.attributes
                0x00000584       0x2d ./Drivers/STM32F1xx_HAL_Driver/Src/stm32f1xx_hal_gpio.o
 .ARM.attributes
                0x000005b1       0x2d ./Drivers/STM32F1xx_HAL_Driver/Src/stm32f1xx_hal_i2c.o
 .ARM.attributes
                0x000005de       0x2d ./Drivers/STM32F1xx_HAL_Driver/Src/stm32f1xx_hal_pwr.o
 .ARM.attributes
                0x0000060b       0x2d ./Drivers/STM32F1xx_HAL_Driver/Src/stm32f1xx_hal_rcc.o
 .ARM.attributes
                0x00000638       0x2d ./Drivers/STM32F1xx_HAL_Driver/Src/stm32f1xx_hal_rcc_ex.o
 .ARM.attributes
                0x00000665       0x2d ./Drivers/STM32F1xx_HAL_Driver/Src/stm32f1xx_hal_rtc.o
 .ARM.attributes
                0x00000692       0x2d ./Drivers/STM32F1xx_HAL_Driver/Src/stm32f1xx_hal_rtc_ex.o
 .ARM.attributes
                0x000006bf       0x2d ./Drivers/STM32F1xx_HAL_Driver/Src/stm32f1xx_hal_spi.o
 .ARM.attributes
                0x000006ec       0x2d ./Drivers/STM32F1xx_HAL_Driver/Src/stm32f1xx_hal_tim.o
 .ARM.attributes
                0x00000719       0x2d ./Drivers/STM32F1xx_HAL_Driver/Src/stm32f1xx_hal_tim_ex.o
 .ARM.attributes
                0x00000746       0x2d ./Drivers/STM32F1xx_HAL_Driver/Src/stm32f1xx_hal_uart.o
 .ARM.attributes
                0x00000773       0x2d C:/ST/STM32CubeIDE_1.17.0/STM32CubeIDE/plugins/com.st.stm32cube.ide.mcu.externaltools.gnu-tools-for-stm32.13.3.rel1.win32_1.0.0.202411081344/tools/bin/../lib/gcc/arm-none-eabi/13.3.1/../../../../arm-none-eabi/lib/thumb/v7-m/nofp\libc_nano.a(libc_a-findfp.o)
 .ARM.attributes
                0x000007a0       0x2d C:/ST/STM32CubeIDE_1.17.0/STM32CubeIDE/plugins/com.st.stm32cube.ide.mcu.externaltools.gnu-tools-for-stm32.13.3.rel1.win32_1.0.0.202411081344/tools/bin/../lib/gcc/arm-none-eabi/13.3.1/../../../../arm-none-eabi/lib/thumb/v7-m/nofp\libc_nano.a(libc_a-memset.o)
 .ARM.attributes
                0x000007cd       0x2d C:/ST/STM32CubeIDE_1.17.0/STM32CubeIDE/plugins/com.st.stm32cube.ide.mcu.externaltools.gnu-tools-for-stm32.13.3.rel1.win32_1.0.0.202411081344/tools/bin/../lib/gcc/arm-none-eabi/13.3.1/../../../../arm-none-eabi/lib/thumb/v7-m/nofp\libc_nano.a(libc_a-impure.o)
 .ARM.attributes
                0x000007fa       0x2d C:/ST/STM32CubeIDE_1.17.0/STM32CubeIDE/plugins/com.st.stm32cube.ide.mcu.externaltools.gnu-tools-for-stm32.13.3.rel1.win32_1.0.0.202411081344/tools/bin/../lib/gcc/arm-none-eabi/13.3.1/../../../../arm-none-eabi/lib/thumb/v7-m/nofp\libc_nano.a(libc_a-errno.o)
 .ARM.attributes
                0x00000827       0x2d C:/ST/STM32CubeIDE_1.17.0/STM32CubeIDE/plugins/com.st.stm32cube.ide.mcu.externaltools.gnu-tools-for-stm32.13.3.rel1.win32_1.0.0.202411081344/tools/bin/../lib/gcc/arm-none-eabi/13.3.1/../../../../arm-none-eabi/lib/thumb/v7-m/nofp\libc_nano.a(libc_a-init.o)
 .ARM.attributes
                0x00000854       0x2d C:/ST/STM32CubeIDE_1.17.0/STM32CubeIDE/plugins/com.st.stm32cube.ide.mcu.externaltools.gnu-tools-for-stm32.13.3.rel1.win32_1.0.0.202411081344/tools/bin/../lib/gcc/arm-none-eabi/13.3.1/../../../../arm-none-eabi/lib/thumb/v7-m/nofp\libc_nano.a(libc_a-memcpy-stub.o)
 .ARM.attributes
                0x00000881       0x2d C:/ST/STM32CubeIDE_1.17.0/STM32CubeIDE/plugins/com.st.stm32cube.ide.mcu.externaltools.gnu-tools-for-stm32.13.3.rel1.win32_1.0.0.202411081344/tools/bin/../lib/gcc/arm-none-eabi/13.3.1/../../../../arm-none-eabi/lib/thumb/v7-m/nofp\libm.a(libm_a-wf_pow.o)
 .ARM.attributes
                0x000008ae       0x2d C:/ST/STM32CubeIDE_1.17.0/STM32CubeIDE/plugins/com.st.stm32cube.ide.mcu.externaltools.gnu-tools-for-stm32.13.3.rel1.win32_1.0.0.202411081344/tools/bin/../lib/gcc/arm-none-eabi/13.3.1/../../../../arm-none-eabi/lib/thumb/v7-m/nofp\libm.a(libm_a-sf_finite.o)
 .ARM.attributes
                0x000008db       0x2d C:/ST/STM32CubeIDE_1.17.0/STM32CubeIDE/plugins/com.st.stm32cube.ide.mcu.externaltools.gnu-tools-for-stm32.13.3.rel1.win32_1.0.0.202411081344/tools/bin/../lib/gcc/arm-none-eabi/13.3.1/../../../../arm-none-eabi/lib/thumb/v7-m/nofp\libm.a(libm_a-ef_pow.o)
 .ARM.attributes
                0x00000908       0x2d C:/ST/STM32CubeIDE_1.17.0/STM32CubeIDE/plugins/com.st.stm32cube.ide.mcu.externaltools.gnu-tools-for-stm32.13.3.rel1.win32_1.0.0.202411081344/tools/bin/../lib/gcc/arm-none-eabi/13.3.1/../../../../arm-none-eabi/lib/thumb/v7-m/nofp\libm.a(libm_a-sf_fabs.o)
 .ARM.attributes
                0x00000935       0x2d C:/ST/STM32CubeIDE_1.17.0/STM32CubeIDE/plugins/com.st.stm32cube.ide.mcu.externaltools.gnu-tools-for-stm32.13.3.rel1.win32_1.0.0.202411081344/tools/bin/../lib/gcc/arm-none-eabi/13.3.1/../../../../arm-none-eabi/lib/thumb/v7-m/nofp\libm.a(libm_a-sf_scalbn.o)
 .ARM.attributes
                0x00000962       0x2d C:/ST/STM32CubeIDE_1.17.0/STM32CubeIDE/plugins/com.st.stm32cube.ide.mcu.externaltools.gnu-tools-for-stm32.13.3.rel1.win32_1.0.0.202411081344/tools/bin/../lib/gcc/arm-none-eabi/13.3.1/../../../../arm-none-eabi/lib/thumb/v7-m/nofp\libm.a(libm_a-math_errf.o)
 .ARM.attributes
                0x0000098f       0x2d C:/ST/STM32CubeIDE_1.17.0/STM32CubeIDE/plugins/com.st.stm32cube.ide.mcu.externaltools.gnu-tools-for-stm32.13.3.rel1.win32_1.0.0.202411081344/tools/bin/../lib/gcc/arm-none-eabi/13.3.1/../../../../arm-none-eabi/lib/thumb/v7-m/nofp\libm.a(libm_a-ef_sqrt.o)
 .ARM.attributes
                0x000009bc       0x1d C:/ST/STM32CubeIDE_1.17.0/STM32CubeIDE/plugins/com.st.stm32cube.ide.mcu.externaltools.gnu-tools-for-stm32.13.3.rel1.win32_1.0.0.202411081344/tools/bin/../lib/gcc/arm-none-eabi/13.3.1/thumb/v7-m/nofp\libgcc.a(_arm_addsubdf3.o)
 .ARM.attributes
                0x000009d9       0x1d C:/ST/STM32CubeIDE_1.17.0/STM32CubeIDE/plugins/com.st.stm32cube.ide.mcu.externaltools.gnu-tools-for-stm32.13.3.rel1.win32_1.0.0.202411081344/tools/bin/../lib/gcc/arm-none-eabi/13.3.1/thumb/v7-m/nofp\libgcc.a(_arm_muldivdf3.o)
 .ARM.attributes
                0x000009f6       0x1d C:/ST/STM32CubeIDE_1.17.0/STM32CubeIDE/plugins/com.st.stm32cube.ide.mcu.externaltools.gnu-tools-for-stm32.13.3.rel1.win32_1.0.0.202411081344/tools/bin/../lib/gcc/arm-none-eabi/13.3.1/thumb/v7-m/nofp\libgcc.a(_arm_cmpdf2.o)
 .ARM.attributes