../Drivers/CMSIS/Include/core_cm3.h:1762:34:__NVIC_SystemReset	4	static,ignoring_inline_asm
../Core/Src/Bluetooth_Process.c:69:6:hexToString	32	static
../Core/Src/Bluetooth_Process.c:83:19:ESP32_SetUsartChannel	32	static
../Core/Src/Bluetooth_Process.c:103:6:ESP32_receiveDataProcess	72	static
../Core/Src/Bluetooth_Process.c:419:6:Bluetooth_Check	16	static
../Core/Src/Bluetooth_Process.c:475:6:STM32_RequestReadyCounter	4	static
../Core/Src/Bluetooth_Process.c:489:6:STM32_RequestBufferWrite	24	static
../Core/Src/Bluetooth_Process.c:506:6:STM32_RequestCheck_Process	8	static
../Core/Src/Bluetooth_Process.c:533:16:ESP32_receiveDataCheck	24	static
../Core/Src/Bluetooth_Process.c:621:16:ESP32_writeRegister	32	static
../Core/Src/Bluetooth_Process.c:682:6:Bluetooth_writeRegister	16	static
../Core/Src/Bluetooth_Process.c:707:6:BLE_receteDuzenlemeProcess	72	static
../Core/Src/Bluetooth_Process.c:740:6:Bluetooth_dwinWrite	184	static
../Core/Src/Bluetooth_Process.c:1277:6:Bluetooth_run	8	static
../Core/Src/Bluetooth_Process.c:1283:6:set_bootloader_request_flag	4	static
../Core/Src/Bluetooth_Process.c:1297:6:Jump_To_Bootloader	8	static
