../Drivers/CMSIS/Include/core_cm3.h:1762:34:__NVIC_SystemReset	4	static,ignoring_inline_asm
../Core/Src/DWIN_Process.c:99:10:combineBytes	16	static
../Core/Src/DWIN_Process.c:103:6:parse16BitTo8Bit	24	static
../Core/Src/DWIN_Process.c:108:6:convert_u8_to_u16	32	static
../Core/Src/DWIN_Process.c:117:6:convert_u16_to_u8	32	static
../Core/Src/DWIN_Process.c:126:10:calculateCRC16Modbus	24	static
../Core/Src/DWIN_Process.c:143:20:UserApp_IWDG_Refresh	4	static
../Core/Src/DWIN_Process.c:148:6:set_FWversion	40	static
../Core/Src/DWIN_Process.c:167:6:setAnalogVoltage	40	static
../Core/Src/DWIN_Process.c:208:15:DWIN_receiveDataProcess	80	dynamic
../Core/Src/DWIN_Process.c:294:19:DWIN_SetUsartChannel	32	static
../Core/Src/DWIN_Process.c:316:15:DWIN_readRegister	80	dynamic
../Core/Src/DWIN_Process.c:402:6:dwin_popup_change_structure	144	static
../Core/Src/DWIN_Process.c:438:6:dwin_pop_up_change_all_structure	24	static
../Core/Src/DWIN_Process.c:456:6:DWIN_changePopup	16	static
../Core/Src/DWIN_Process.c:476:6:dwin_icon_change_structure	32	static
../Core/Src/DWIN_Process.c:482:6:DWIN_changeIcon	16	static
../Core/Src/DWIN_Process.c:565:6:DWIN_changeMaxSetValue	112	static
../Core/Src/DWIN_Process.c:599:6:keyboard_change_structure	176	static
../Core/Src/DWIN_Process.c:636:6:DWIN_changeKeyboard	24	static
../Core/Src/DWIN_Process.c:663:6:DWIN_changeWord	160	static
../Core/Src/DWIN_Process.c:752:6:DWIN_dilChange	16	static
../Core/Src/DWIN_Process.c:769:15:DWIN_writeRegiser	112	dynamic
../Core/Src/DWIN_Process.c:876:15:DWIN_changePage	56	static
../Core/Src/DWIN_Process.c:959:15:touchSetOnOff_structure	40	static
../Core/Src/DWIN_Process.c:975:15:DWIN_dokunmatik_aktif_msg	16	static
../Core/Src/DWIN_Process.c:990:6:DWIN_run	56	static
../Core/Src/DWIN_Process.c:1066:6:DWIN_check	64	static
../Core/Src/DWIN_Process.c:1178:6:DWIN_answerProcess	8	static
../Core/Src/DWIN_Process.c:1204:6:DWIN_testSayfa	120	static
../Core/Src/DWIN_Process.c:1283:6:DWIN_isitmaProcess	16	static
../Core/Src/DWIN_Process.c:1319:6:DWIN_sogutmaProcess	8	static
../Core/Src/DWIN_Process.c:1340:6:DWIN_anaSayfa	80	static
../Core/Src/DWIN_Process.c:1605:6:DWIN_manuelSayfa	24	static
../Core/Src/DWIN_Process.c:1860:6:DWIN_receteSayfa	168	static
../Core/Src/DWIN_Process.c:2033:15:DWIN_buzzerSet	32	static
../Core/Src/DWIN_Process.c:2052:6:DWIN_resetManuelPisirme	16	static
../Core/Src/DWIN_Process.c:2118:6:DWIN_brulorArizaSet	32	static
../Core/Src/DWIN_Process.c:2134:6:DWIN_brulorArizaReset_Relay	4	static
../Core/Src/DWIN_Process.c:2150:6:DWIN_arızaCheck	16	static
../Core/Src/DWIN_Process.c:2282:6:DWIN_Alarm	8	static
../Core/Src/DWIN_Process.c:2299:6:DWIN_writeRTC	48	static
../Core/Src/DWIN_Process.c:2320:6:DWIN_readRTC	32	static
../Core/Src/DWIN_Process.c:2335:6:PWM_SetFreqAndDuty	32	static
../Core/Src/DWIN_Process.c:2355:10:calculate_frequency	40	static
../Core/Src/DWIN_Process.c:2369:6:PWM_StartSmoothTransition	16	static
../Core/Src/DWIN_Process.c:2377:6:PWM_SmoothTask_1ms	48	static
