../Drivers/CMSIS/Include/core_cm3.h:1762:34:__NVIC_SystemReset	4	static,ignoring_inline_asm
../Core/Src/DWIN_Process.c:93:10:combineBytes	16	static
../Core/Src/DWIN_Process.c:97:6:parse16BitTo8Bit	24	static
../Core/Src/DWIN_Process.c:102:6:convert_u8_to_u16	32	static
../Core/Src/DWIN_Process.c:111:6:convert_u16_to_u8	32	static
../Core/Src/DWIN_Process.c:120:10:calculateCRC16Modbus	24	static
../Core/Src/DWIN_Process.c:137:6:setAnalogVoltage	40	static
../Core/Src/DWIN_Process.c:178:15:DWIN_receiveDataProcess	80	dynamic
../Core/Src/DWIN_Process.c:264:19:DWIN_SetUsartChannel	32	static
../Core/Src/DWIN_Process.c:286:15:DWIN_readRegister	80	dynamic
../Core/Src/DWIN_Process.c:372:6:dwin_popup_change_structure	144	static
../Core/Src/DWIN_Process.c:404:6:dwin_pop_up_change_all_structure	464	static
../Core/Src/DWIN_Process.c:454:6:DWIN_changePopup	16	static
../Core/Src/DWIN_Process.c:474:6:dwin_icon_change_structure	32	static
../Core/Src/DWIN_Process.c:480:6:DWIN_changeIcon	16	static
../Core/Src/DWIN_Process.c:563:6:DWIN_changeMaxSetValue	112	static
../Core/Src/DWIN_Process.c:597:6:keyboard_change_structure	176	static
../Core/Src/DWIN_Process.c:634:6:DWIN_changeKeyboard	24	static
../Core/Src/DWIN_Process.c:661:6:DWIN_changeWord	160	static
../Core/Src/DWIN_Process.c:750:6:DWIN_dilChange	16	static
../Core/Src/DWIN_Process.c:767:15:DWIN_writeRegiser	112	dynamic
../Core/Src/DWIN_Process.c:874:15:DWIN_changePage	56	static
../Core/Src/DWIN_Process.c:957:15:touchSetOnOff_structure	40	static
../Core/Src/DWIN_Process.c:973:15:DWIN_dokunmatik_aktif_msg	16	static
../Core/Src/DWIN_Process.c:988:6:DWIN_run	56	static
../Core/Src/DWIN_Process.c:1062:6:DWIN_check	56	static
../Core/Src/DWIN_Process.c:1156:6:DWIN_answerProcess	8	static
../Core/Src/DWIN_Process.c:1184:6:DWIN_testSayfa	120	static
../Core/Src/DWIN_Process.c:1263:6:DWIN_isitmaProcess	16	static
../Core/Src/DWIN_Process.c:1302:6:DWIN_sogutmaProcess	8	static
../Core/Src/DWIN_Process.c:1319:6:DWIN_anaSayfa	80	static
../Core/Src/DWIN_Process.c:1629:6:DWIN_manuelSayfa	24	static
../Core/Src/DWIN_Process.c:1875:6:DWIN_receteSayfa	216	static
../Core/Src/DWIN_Process.c:2085:15:DWIN_buzzerSet	32	static
../Core/Src/DWIN_Process.c:2104:6:DWIN_resetManuelPisirme	16	static
../Core/Src/DWIN_Process.c:2154:6:DWIN_brulorArizaSet	32	static
../Core/Src/DWIN_Process.c:2168:6:DWIN_brulorArizaReset_Relay	8	static
../Core/Src/DWIN_Process.c:2179:6:DWIN_arızaCheck	24	static
../Core/Src/DWIN_Process.c:2303:6:DWIN_Alarm	8	static
../Core/Src/DWIN_Process.c:2320:6:DWIN_writeRTC	48	static
../Core/Src/DWIN_Process.c:2341:6:DWIN_readRTC	32	static
../Core/Src/DWIN_Process.c:2356:6:PWM_SetFreqAndDuty	32	static
../Core/Src/DWIN_Process.c:2373:10:calculate_frequency	40	static
../Core/Src/DWIN_Process.c:2387:6:PWM_StartSmoothTransition	16	static
../Core/Src/DWIN_Process.c:2395:6:PWM_SmoothTask_1ms	48	static
