../Drivers/CMSIS/Include/core_cm3.h:1762:34:__NVIC_SystemReset	4	static,ignoring_inline_asm
../Core/Src/DWIN_Process.c:102:10:combineBytes	16	static
../Core/Src/DWIN_Process.c:106:6:parse16BitTo8Bit	24	static
../Core/Src/DWIN_Process.c:111:6:convert_u8_to_u16	32	static
../Core/Src/DWIN_Process.c:120:6:convert_u16_to_u8	32	static
../Core/Src/DWIN_Process.c:129:10:calculateCRC16Modbus	24	static
../Core/Src/DWIN_Process.c:146:20:UserApp_IWDG_Refresh	4	static
../Core/Src/DWIN_Process.c:151:6:set_FWversion	40	static
../Core/Src/DWIN_Process.c:170:6:setAnalogVoltage	40	static
../Core/Src/DWIN_Process.c:211:15:DWIN_receiveDataProcess	80	dynamic
../Core/Src/DWIN_Process.c:297:19:DWIN_SetUsartChannel	32	static
../Core/Src/DWIN_Process.c:319:15:DWIN_readRegister	80	dynamic
../Core/Src/DWIN_Process.c:405:6:dwin_popup_change_structure	144	static
../Core/Src/DWIN_Process.c:441:6:dwin_pop_up_change_all_structure	24	static
../Core/Src/DWIN_Process.c:459:6:DWIN_changePopup	16	static
../Core/Src/DWIN_Process.c:479:6:dwin_icon_change_structure	32	static
../Core/Src/DWIN_Process.c:485:6:DWIN_changeIcon	16	static
../Core/Src/DWIN_Process.c:568:6:DWIN_changeMaxSetValue	112	static
../Core/Src/DWIN_Process.c:602:6:keyboard_change_structure	176	static
../Core/Src/DWIN_Process.c:639:6:DWIN_changeKeyboard	24	static
../Core/Src/DWIN_Process.c:666:6:DWIN_changeWord	160	static
../Core/Src/DWIN_Process.c:755:6:DWIN_dilChange	16	static
../Core/Src/DWIN_Process.c:772:15:DWIN_writeRegiser	112	dynamic
../Core/Src/DWIN_Process.c:879:15:DWIN_changePage	56	static
../Core/Src/DWIN_Process.c:962:15:touchSetOnOff_structure	40	static
../Core/Src/DWIN_Process.c:978:15:DWIN_dokunmatik_aktif_msg	16	static
../Core/Src/DWIN_Process.c:993:6:DWIN_run	56	static
../Core/Src/DWIN_Process.c:1069:6:DWIN_check	64	static
../Core/Src/DWIN_Process.c:1195:6:DWIN_answerProcess	8	static
../Core/Src/DWIN_Process.c:1221:6:DWIN_testSayfa	120	static
../Core/Src/DWIN_Process.c:1300:6:DWIN_isitmaProcess	16	static
../Core/Src/DWIN_Process.c:1336:6:DWIN_sogutmaProcess	8	static
../Core/Src/DWIN_Process.c:1357:6:DWIN_anaSayfa	80	static
../Core/Src/DWIN_Process.c:1622:6:DWIN_manuelSayfa	24	static
../Core/Src/DWIN_Process.c:1877:6:DWIN_receteSayfa	176	static
../Core/Src/DWIN_Process.c:2055:15:DWIN_buzzerSet	32	static
../Core/Src/DWIN_Process.c:2074:6:DWIN_resetManuelPisirme	16	static
../Core/Src/DWIN_Process.c:2140:6:DWIN_brulorArizaSet	32	static
../Core/Src/DWIN_Process.c:2158:6:DWIN_brulorArizaReset_Relay	4	static
../Core/Src/DWIN_Process.c:2174:6:DWIN_arızaCheck	16	static
../Core/Src/DWIN_Process.c:2309:6:DWIN_Alarm	8	static
../Core/Src/DWIN_Process.c:2326:6:DWIN_writeRTC	48	static
../Core/Src/DWIN_Process.c:2347:6:DWIN_readRTC	32	static
../Core/Src/DWIN_Process.c:2362:6:PWM_SetFreqAndDuty	40	static
../Core/Src/DWIN_Process.c:2384:10:calculate_frequency	40	static
../Core/Src/DWIN_Process.c:2398:6:PWM_StartSmoothTransition	16	static
../Core/Src/DWIN_Process.c:2406:6:PWM_SmoothTask_1ms	48	static
