../Core/Src/InOut_Process.c:18:6:ShiftRegister_SendData	24	static
../Core/Src/InOut_Process.c:37:6:ShiftRegister_RefreshData	24	static
../Core/Src/InOut_Process.c:48:9:CheckBit	16	static
../Core/Src/InOut_Process.c:53:6:setBit	16	static
../Core/Src/InOut_Process.c:59:6:resetBit	16	static
../Core/Src/InOut_Process.c:64:6:setOut	16	static
../Core/Src/InOut_Process.c:70:6:setOutData	16	static
../Core/Src/InOut_Process.c:75:6:shiftRefresh	8	static
../Core/Src/InOut_Process.c:80:6:shiftDataRefresh	8	static
../Core/Src/InOut_Process.c:85:6:I_AC_Check	8	static
