../Core/Src/InOut_Process.c:21:6:ShiftRegister_SendData	24	static
../Core/Src/InOut_Process.c:40:6:ShiftRegister_RefreshData	24	static
../Core/Src/InOut_Process.c:51:9:CheckBit	16	static
../Core/Src/InOut_Process.c:56:6:setBit	16	static
../Core/Src/InOut_Process.c:62:6:resetBit	16	static
../Core/Src/InOut_Process.c:67:6:setOut	16	static
../Core/Src/InOut_Process.c:73:6:setOutData	16	static
../Core/Src/InOut_Process.c:78:6:shiftRefresh	8	static
../Core/Src/InOut_Process.c:83:6:shiftDataRefresh	8	static
../Core/Src/InOut_Process.c:88:6:I_AC_Check	8	static
