../Core/Src/SEGGER_RTT.c:319:13:_DoInit	16	static
../Core/Src/SEGGER_RTT.c:379:17:_WriteBlocking	48	static
../Core/Src/SEGGER_RTT.c:441:13:_WriteNoCheck	40	static
../Core/Src/SEGGER_RTT.c:509:13:_PostTerminalSwitch	24	static
../Core/Src/SEGGER_RTT.c:531:17:_GetAvailWriteSpace	32	static
../Core/Src/SEGGER_RTT.c:578:10:SEGGER_RTT_ReadUpBufferNoLock	56	static
../Core/Src/SEGGER_RTT.c:670:10:SEGGER_RTT_ReadNoLock	56	static
../Core/Src/SEGGER_RTT.c:767:10:SEGGER_RTT_ReadUpBuffer	32	static,ignoring_inline_asm
../Core/Src/SEGGER_RTT.c:799:10:SEGGER_RTT_Read	32	static,ignoring_inline_asm
../Core/Src/SEGGER_RTT.c:838:6:SEGGER_RTT_WriteWithOverwriteNoLock	40	static
../Core/Src/SEGGER_RTT.c:1029:10:SEGGER_RTT_WriteDownBufferNoLock	40	static
../Core/Src/SEGGER_RTT.c:1104:10:SEGGER_RTT_WriteNoLock	40	static
../Core/Src/SEGGER_RTT.c:1180:10:SEGGER_RTT_WriteDownBuffer	40	static,ignoring_inline_asm
../Core/Src/SEGGER_RTT.c:1209:10:SEGGER_RTT_Write	40	static,ignoring_inline_asm
../Core/Src/SEGGER_RTT.c:1239:10:SEGGER_RTT_WriteString	24	static
../Core/Src/SEGGER_RTT.c:1269:10:SEGGER_RTT_PutCharSkipNoLock	32	static
../Core/Src/SEGGER_RTT.c:1319:10:SEGGER_RTT_PutCharSkip	40	static,ignoring_inline_asm
../Core/Src/SEGGER_RTT.c:1378:10:SEGGER_RTT_PutChar	40	static,ignoring_inline_asm
../Core/Src/SEGGER_RTT.c:1441:5:SEGGER_RTT_GetKey	16	static
../Core/Src/SEGGER_RTT.c:1469:5:SEGGER_RTT_WaitKey	16	static
../Core/Src/SEGGER_RTT.c:1492:5:SEGGER_RTT_HasKey	24	static
../Core/Src/SEGGER_RTT.c:1520:10:SEGGER_RTT_HasData	24	static
../Core/Src/SEGGER_RTT.c:1541:10:SEGGER_RTT_HasDataUp	24	static
../Core/Src/SEGGER_RTT.c:1570:5:SEGGER_RTT_AllocDownBuffer	40	static,ignoring_inline_asm
../Core/Src/SEGGER_RTT.c:1619:5:SEGGER_RTT_AllocUpBuffer	40	static,ignoring_inline_asm
../Core/Src/SEGGER_RTT.c:1674:5:SEGGER_RTT_ConfigUpBuffer	48	static,ignoring_inline_asm
../Core/Src/SEGGER_RTT.c:1726:5:SEGGER_RTT_ConfigDownBuffer	48	static,ignoring_inline_asm
../Core/Src/SEGGER_RTT.c:1769:5:SEGGER_RTT_SetNameUpBuffer	40	static,ignoring_inline_asm
../Core/Src/SEGGER_RTT.c:1804:5:SEGGER_RTT_SetNameDownBuffer	40	static,ignoring_inline_asm
../Core/Src/SEGGER_RTT.c:1840:5:SEGGER_RTT_SetFlagsUpBuffer	40	static,ignoring_inline_asm
../Core/Src/SEGGER_RTT.c:1876:5:SEGGER_RTT_SetFlagsDownBuffer	40	static,ignoring_inline_asm
../Core/Src/SEGGER_RTT.c:1904:6:SEGGER_RTT_Init	8	static
../Core/Src/SEGGER_RTT.c:1925:5:SEGGER_RTT_SetTerminal	40	static,ignoring_inline_asm
../Core/Src/SEGGER_RTT.c:1974:5:SEGGER_RTT_TerminalOut	40	static,ignoring_inline_asm
../Core/Src/SEGGER_RTT.c:2062:10:SEGGER_RTT_GetAvailWriteSpace	24	static
../Core/Src/SEGGER_RTT.c:2083:10:SEGGER_RTT_GetBytesInBuffer	32	static
