../Drivers/CMSIS/Include/core_cm3.h:1762:34:__NVIC_SystemReset	4	static,ignoring_inline_asm
../Core/Src/stm32f1xx_it.c:87:6:NMI_Handler	4	static
../Core/Src/stm32f1xx_it.c:102:6:HardFault_Handler	8	static
../Core/Src/stm32f1xx_it.c:119:6:MemManage_Handler	4	static
../Core/Src/stm32f1xx_it.c:134:6:BusFault_Handler	8	static
../Core/Src/stm32f1xx_it.c:151:6:UsageFault_Handler	8	static
../Core/Src/stm32f1xx_it.c:168:6:SVC_Handler	4	static
../Core/Src/stm32f1xx_it.c:181:6:DebugMon_Handler	4	static
../Core/Src/stm32f1xx_it.c:194:6:PendSV_Handler	4	static
../Core/Src/stm32f1xx_it.c:207:6:SysTick_Handler	8	static
../Core/Src/stm32f1xx_it.c:233:6:RTC_IRQHandler	8	static
../Core/Src/stm32f1xx_it.c:247:6:DMA1_Channel1_IRQHandler	8	static
../Core/Src/stm32f1xx_it.c:261:6:DMA1_Channel3_IRQHandler	8	static
../Core/Src/stm32f1xx_it.c:275:6:DMA1_Channel5_IRQHandler	8	static
../Core/Src/stm32f1xx_it.c:289:6:EXTI9_5_IRQHandler	8	static
../Core/Src/stm32f1xx_it.c:312:6:USART1_IRQHandler	16	static
../Core/Src/stm32f1xx_it.c:340:6:USART3_IRQHandler	16	static
