../Drivers/CMSIS/Include/core_cm3.h:1762:34:__NVIC_SystemReset	4	static,ignoring_inline_asm
../Core/Src/stm32f1xx_it.c:87:6:NMI_Handler	4	static
../Core/Src/stm32f1xx_it.c:102:6:HardFault_Handler	8	static
../Core/Src/stm32f1xx_it.c:119:6:MemManage_Handler	4	static
../Core/Src/stm32f1xx_it.c:134:6:BusFault_Handler	4	static
../Core/Src/stm32f1xx_it.c:149:6:UsageFault_Handler	4	static
../Core/Src/stm32f1xx_it.c:164:6:SVC_Handler	4	static
../Core/Src/stm32f1xx_it.c:177:6:DebugMon_Handler	4	static
../Core/Src/stm32f1xx_it.c:190:6:PendSV_Handler	4	static
../Core/Src/stm32f1xx_it.c:203:6:SysTick_Handler	8	static
../Core/Src/stm32f1xx_it.c:229:6:RTC_IRQHandler	8	static
../Core/Src/stm32f1xx_it.c:243:6:DMA1_Channel1_IRQHandler	8	static
../Core/Src/stm32f1xx_it.c:257:6:DMA1_Channel3_IRQHandler	8	static
../Core/Src/stm32f1xx_it.c:271:6:DMA1_Channel5_IRQHandler	8	static
../Core/Src/stm32f1xx_it.c:285:6:EXTI9_5_IRQHandler	8	static
../Core/Src/stm32f1xx_it.c:308:6:USART1_IRQHandler	16	static
../Core/Src/stm32f1xx_it.c:336:6:USART3_IRQHandler	16	static
